<html>
<body>
<pre>
<h1>礦ision Build Log</h1>
<h2>Project:</h2>
D:\1.Work\MiniBalanceV5.0\MiniBalanceV5.0【标准版】平衡小车\MiniBalanceV5.0【标准版】平衡小车附送资料\MiniBalanceV5.0【标准版】平衡小车库函数版源码\MiniBalanceV5.0【标准版】平衡小车库函数版源码（互补滤波版）\USER\MiniBalance.uvproj
Project File Date:  02/20/2017

<h2>Output:</h2>
Build target 'MiniBalance'
compiling stm32f10x_it.c...
compiling system_stm32f10x.c...
compiling MiniBalance.c...
compiling core_cm3.c...
assembling startup_stm32f10x_md.s...
compiling misc.c...
compiling stm32f10x_adc.c...
compiling stm32f10x_bkp.c...
compiling stm32f10x_can.c...
compiling stm32f10x_cec.c...
compiling stm32f10x_crc.c...
compiling stm32f10x_dac.c...
compiling stm32f10x_dbgmcu.c...
compiling stm32f10x_dma.c...
compiling stm32f10x_exti.c...
compiling stm32f10x_flash.c...
compiling stm32f10x_fsmc.c...
compiling stm32f10x_gpio.c...
compiling stm32f10x_i2c.c...
compiling stm32f10x_iwdg.c...
compiling stm32f10x_pwr.c...
compiling stm32f10x_rcc.c...
compiling stm32f10x_rtc.c...
compiling stm32f10x_sdio.c...
compiling stm32f10x_spi.c...
compiling stm32f10x_tim.c...
compiling stm32f10x_usart.c...
compiling stm32f10x_wwdg.c...
compiling delay.c...
compiling sys.c...
compiling usart.c...
compiling LED.C...
compiling key.c...
compiling oled.c...
compiling adc.c...
compiling timer.c...
compiling motor.c...
compiling encoder.c...
compiling IOI2C.c...
compiling usart3.c...
compiling exti.c...
compiling stmflash.c...
compiling control.c...
compiling inv_mpu.c...
compiling inv_mpu_dmp_motion_driver.c...
compiling MPU6050.c...
compiling show.c...
compiling DataScope_DP.C...
compiling filter.c...
linking...
Program Size: Code=46230 RO-data=6530 RW-data=452 ZI-data=4004  
FromELF: creating hex file...
"..\OBJ\MiniBalance.axf" - 0 Error(s), 0 Warning(s).
</pre>
</body>
</html>
