Component: ARM Compiler 5.06 update 6 (build 750) Tool: armlink [4d35ed]

==============================================================================

Section Cross References

    main.o(i.main) refers to delay.o(i.delay_init) for delay_init
    main.o(i.main) refers to misc.o(i.NVIC_PriorityGroupConfig) for NVIC_PriorityGroupConfig
    main.o(i.main) refers to usart.o(i.uart_init) for uart_init
    main.o(i.main) refers to encoder.o(i.encoder_init) for encoder_init
    main.o(i.main) refers to tim.o(i.timinit) for timinit
    main.o(i.main) refers to motor.o(i.pwminit) for pwminit
    main.o(i.main) refers to motor.o(i.Motor_Init) for Motor_Init
    main.o(i.main) refers to control.o(i.control_encoder_init) for control_encoder_init
    main.o(i.main) refers to moving.o(i.coordinates_to_wheelvelocity_changeover) for coordinates_to_wheelvelocity_changeover
    main.o(i.main) refers to task.o(i.task_frequence_loop) for task_frequence_loop
    main.o(i.main) refers to main.o(.bss) for ROBOT_NOW
    system_stm32f10x.o(i.SetSysClock) refers to system_stm32f10x.o(i.SetSysClockTo72) for SetSysClockTo72
    system_stm32f10x.o(i.SystemCoreClockUpdate) refers to system_stm32f10x.o(.data) for SystemCoreClock
    system_stm32f10x.o(i.SystemInit) refers to system_stm32f10x.o(i.SetSysClock) for SetSysClock
    delay.o(i.delay_init) refers to misc.o(i.SysTick_CLKSourceConfig) for SysTick_CLKSourceConfig
    delay.o(i.delay_init) refers to system_stm32f10x.o(.data) for SystemCoreClock
    delay.o(i.delay_init) refers to delay.o(.data) for fac_us
    delay.o(i.delay_ms) refers to delay.o(.data) for fac_ms
    delay.o(i.delay_us) refers to delay.o(.data) for fac_us
    usart.o(i.USART1_IRQHandler) refers (Special) to use_no_semi_2.o(.text) for __use_no_semihosting
    usart.o(i.USART1_IRQHandler) refers to stm32f10x_usart.o(i.USART_GetITStatus) for USART_GetITStatus
    usart.o(i.USART1_IRQHandler) refers to stm32f10x_usart.o(i.USART_ReceiveData) for USART_ReceiveData
    usart.o(i.USART1_IRQHandler) refers to usart.o(.data) for USART_RX_STA
    usart.o(i.USART1_IRQHandler) refers to usart.o(.bss) for USART_RX_BUF
    usart.o(i._sys_exit) refers (Special) to use_no_semi_2.o(.text) for __use_no_semihosting
    usart.o(i.fputc) refers (Special) to use_no_semi_2.o(.text) for __use_no_semihosting
    usart.o(i.uart_init) refers (Special) to use_no_semi_2.o(.text) for __use_no_semihosting
    usart.o(i.uart_init) refers to stm32f10x_rcc.o(i.RCC_APB2PeriphClockCmd) for RCC_APB2PeriphClockCmd
    usart.o(i.uart_init) refers to stm32f10x_gpio.o(i.GPIO_Init) for GPIO_Init
    usart.o(i.uart_init) refers to misc.o(i.NVIC_Init) for NVIC_Init
    usart.o(i.uart_init) refers to stm32f10x_usart.o(i.USART_Init) for USART_Init
    usart.o(i.uart_init) refers to stm32f10x_usart.o(i.USART_ITConfig) for USART_ITConfig
    usart.o(i.uart_init) refers to stm32f10x_usart.o(i.USART_Cmd) for USART_Cmd
    usart.o(.bss) refers (Special) to use_no_semi_2.o(.text) for __use_no_semihosting
    usart.o(.data) refers (Special) to use_no_semi_2.o(.text) for __use_no_semihosting
    startup_stm32f10x_hd.o(STACK) refers (Special) to heapauxi.o(.text) for __use_two_region_memory
    startup_stm32f10x_hd.o(HEAP) refers (Special) to heapauxi.o(.text) for __use_two_region_memory
    startup_stm32f10x_hd.o(RESET) refers (Special) to heapauxi.o(.text) for __use_two_region_memory
    startup_stm32f10x_hd.o(RESET) refers to startup_stm32f10x_hd.o(STACK) for __initial_sp
    startup_stm32f10x_hd.o(RESET) refers to startup_stm32f10x_hd.o(.text) for Reset_Handler
    startup_stm32f10x_hd.o(RESET) refers to stm32f10x_it.o(i.NMI_Handler) for NMI_Handler
    startup_stm32f10x_hd.o(RESET) refers to stm32f10x_it.o(i.HardFault_Handler) for HardFault_Handler
    startup_stm32f10x_hd.o(RESET) refers to stm32f10x_it.o(i.MemManage_Handler) for MemManage_Handler
    startup_stm32f10x_hd.o(RESET) refers to stm32f10x_it.o(i.BusFault_Handler) for BusFault_Handler
    startup_stm32f10x_hd.o(RESET) refers to stm32f10x_it.o(i.UsageFault_Handler) for UsageFault_Handler
    startup_stm32f10x_hd.o(RESET) refers to stm32f10x_it.o(i.SVC_Handler) for SVC_Handler
    startup_stm32f10x_hd.o(RESET) refers to stm32f10x_it.o(i.DebugMon_Handler) for DebugMon_Handler
    startup_stm32f10x_hd.o(RESET) refers to stm32f10x_it.o(i.PendSV_Handler) for PendSV_Handler
    startup_stm32f10x_hd.o(RESET) refers to stm32f10x_it.o(i.SysTick_Handler) for SysTick_Handler
    startup_stm32f10x_hd.o(RESET) refers to tim.o(i.TIM2_IRQHandler) for TIM2_IRQHandler
    startup_stm32f10x_hd.o(RESET) refers to usart.o(i.USART1_IRQHandler) for USART1_IRQHandler
    startup_stm32f10x_hd.o(.text) refers (Special) to heapauxi.o(.text) for __use_two_region_memory
    startup_stm32f10x_hd.o(.text) refers to system_stm32f10x.o(i.SystemInit) for SystemInit
    startup_stm32f10x_hd.o(.text) refers to __main.o(!!!main) for __main
[...]
    .ARM.Collect$$libinit$$00000019          0x080001c0   Section        0  libinit2.o(.ARM.Collect$$libinit$$00000019)
    .ARM.Collect$$libinit$$0000001B          0x080001c0   Section        0  libinit2.o(.ARM.Collect$$libinit$$0000001B)
    .ARM.Collect$$libinit$$0000001D          0x080001c0   Section        0  libinit2.o(.ARM.Collect$$libinit$$0000001D)
    .ARM.Collect$$libinit$$0000001F          0x080001c0   Section        0  libinit2.o(.ARM.Collect$$libinit$$0000001F)
    .ARM.Collect$$libinit$$00000021          0x080001c0   Section        0  libinit2.o(.ARM.Collect$$libinit$$00000021)
    .ARM.Collect$$libinit$$00000023          0x080001c0   Section        0  libinit2.o(.ARM.Collect$$libinit$$00000023)
    .ARM.Collect$$libinit$$00000025          0x080001c0   Section        0  libinit2.o(.ARM.Collect$$libinit$$00000025)
    .ARM.Collect$$libinit$$0000002C          0x080001c0   Section        0  libinit2.o(.ARM.Collect$$libinit$$0000002C)
    .ARM.Collect$$libinit$$0000002E          0x080001c0   Section        0  libinit2.o(.ARM.Collect$$libinit$$0000002E)
    .ARM.Collect$$libinit$$00000030          0x080001c0   Section        0  libinit2.o(.ARM.Collect$$libinit$$00000030)
    .ARM.Collect$$libinit$$00000032          0x080001c0   Section        0  libinit2.o(.ARM.Collect$$libinit$$00000032)
    .ARM.Collect$$libinit$$00000033          0x080001c0   Section        2  libinit2.o(.ARM.Collect$$libinit$$00000033)
    .ARM.Collect$$libshutdown$$00000000      0x080001c2   Section        2  libshutdown.o(.ARM.Collect$$libshutdown$$00000000)
    .ARM.Collect$$libshutdown$$00000002      0x080001c4   Section        0  libshutdown2.o(.ARM.Collect$$libshutdown$$00000002)
    .ARM.Collect$$libshutdown$$00000004      0x080001c4   Section        0  libshutdown2.o(.ARM.Collect$$libshutdown$$00000004)
    .ARM.Collect$$libshutdown$$00000007      0x080001c4   Section        0  libshutdown2.o(.ARM.Collect$$libshutdown$$00000007)
    .ARM.Collect$$libshutdown$$0000000A      0x080001c4   Section        0  libshutdown2.o(.ARM.Collect$$libshutdown$$0000000A)
    .ARM.Collect$$libshutdown$$0000000C      0x080001c4   Section        0  libshutdown2.o(.ARM.Collect$$libshutdown$$0000000C)
    .ARM.Collect$$libshutdown$$0000000F      0x080001c4   Section        0  libshutdown2.o(.ARM.Collect$$libshutdown$$0000000F)
    .ARM.Collect$$libshutdown$$00000010      0x080001c4   Section        2  libshutdown2.o(.ARM.Collect$$libshutdown$$00000010)
    .ARM.Collect$$rtentry$$00000000          0x080001c6   Section        0  __rtentry.o(.ARM.Collect$$rtentry$$00000000)
    .ARM.Collect$$rtentry$$00000002          0x080001c6   Section        0  __rtentry2.o(.ARM.Collect$$rtentry$$00000002)
    .ARM.Collect$$rtentry$$00000004          0x080001c6   Section        6  __rtentry4.o(.ARM.Collect$$rtentry$$00000004)
    .ARM.Collect$$rtentry$$00000009          0x080001cc   Section        0  __rtentry2.o(.ARM.Collect$$rtentry$$00000009)
    .ARM.Collect$$rtentry$$0000000A          0x080001cc   Section        4  __rtentry2.o(.ARM.Collect$$rtentry$$0000000A)
    .ARM.Collect$$rtentry$$0000000C          0x080001d0   Section        0  __rtentry2.o(.ARM.Collect$$rtentry$$0000000C)
    .ARM.Collect$$rtentry$$0000000D          0x080001d0   Section        8  __rtentry2.o(.ARM.Collect$$rtentry$$0000000D)
    .ARM.Collect$$rtexit$$00000000           0x080001d8   Section        2  rtexit.o(.ARM.Collect$$rtexit$$00000000)
    .ARM.Collect$$rtexit$$00000002           0x080001da   Section        0  rtexit2.o(.ARM.Collect$$rtexit$$00000002)
    .ARM.Collect$$rtexit$$00000003           0x080001da   Section        4  rtexit2.o(.ARM.Collect$$rtexit$$00000003)
    .ARM.Collect$$rtexit$$00000004           0x080001de   Section        6  rtexit2.o(.ARM.Collect$$rtexit$$00000004)
    .text                                    0x080001e4   Section       64  startup_stm32f10x_hd.o(.text)
    .text                                    0x08000224   Section        2  use_no_semi_2.o(.text)
    .text                                    0x08000228   Section        0  noretval__2printf.o(.text)
    .text                                    0x08000240   Section        0  __printf.o(.text)
    .text                                    0x080002a8   Section        0  heapauxi.o(.text)
    .text                                    0x080002ae   Section        2  use_no_semi.o(.text)
    .text                                    0x080002b0   Section        0  _rserrno.o(.text)
    .text                                    0x080002c6   Section        0  _printf_fp_dec.o(.text)
    _fp_digits                               0x080002c9   Thumb Code   432  _printf_fp_dec.o(.text)
    .text                                    0x080006e4   Section        0  _printf_char_file.o(.text)
    .text                                    0x08000708   Section        8  rt_locale_intlibspace.o(.text)
    .text                                    0x08000710   Section        8  rt_errno_addr_intlibspace.o(.text)
    .text                                    0x08000718   Section      138  lludiv10.o(.text)
    .text                                    0x080007a4   Section        0  _printf_char_common.o(.text)
    _printf_input_char                       0x080007a5   Thumb Code    10  _printf_char_common.o(.text)
    .text                                    0x080007d4   Section        0  _printf_fp_infnan.o(.text)
    .text                                    0x08000854   Section        0  bigflt0.o(.text)
    .text                                    0x08000938   Section        0  ferror.o(.text)
    .text                                    0x08000940   Section        8  libspace.o(.text)
    .text                                    0x08000948   Section       74  sys_stackheap_outer.o(.text)
    .text                                    0x08000992   Section        0  exit.o(.text)
    .text                                    0x080009a4   Section      128  strcmpv7m.o(.text)
    CL$$btod_d2e                             0x08000a24   Section       62  btod.o(CL$$btod_d2e)
    CL$$btod_d2e_denorm_low                  0x08000a62   Section       70  btod.o(CL$$btod_d2e_denorm_low)
    CL$$btod_d2e_norm_op1                    0x08000aa8   Section       96  btod.o(CL$$btod_d2e_norm_op1)
    CL$$btod_div_common                      0x08000b08   Section      824  btod.o(CL$$btod_div_common)
    CL$$btod_e2e                             0x08000e40   Section      220  btod.o(CL$$btod_e2e)
    CL$$btod_ediv                            0x08000f1c   Section       42  btod.o(CL$$btod_ediv)
    CL$$btod_emul                            0x08000f46   Section       42  btod.o(CL$$btod_emul)
    CL$$btod_mult_common                     0x08000f70   Section      580  btod.o(CL$$btod_mult_common)
    i.BusFault_Handler                       0x080011b4   Section        0  stm32f10x_it.o(i.BusFault_Handler)
    i.CONTROL_VELOCITY                       0x080011b8   Section        0  task.o(i.CONTROL_VELOCITY)
    i.DebugMon_Handler                       0x08001244   Section        0  stm32f10x_it.o(i.DebugMon_Handler)
    i.GPIO_Init                              0x08001246   Section        0  stm32f10x_gpio.o(i.GPIO_Init)
    i.HardFault_Handler                      0x0800135c   Section        0  stm32f10x_it.o(i.HardFault_Handler)
    i.MemManage_Handler                      0x08001360   Section        0  stm32f10x_it.o(i.MemManage_Handler)
    i.Motor_Init                             0x08001364   Section        0  motor.o(i.Motor_Init)
    i.NMI_Handler                            0x08001390   Section        0  stm32f10x_it.o(i.NMI_Handler)
    i.NVIC_Init                              0x08001394   Section        0  misc.o(i.NVIC_Init)
    i.NVIC_PriorityGroupConfig               0x08001404   Section        0  misc.o(i.NVIC_PriorityGroupConfig)
    i.PendSV_Handler                         0x08001418   Section        0  stm32f10x_it.o(i.PendSV_Handler)
    i.RCC_APB1PeriphClockCmd                 0x0800141c   Section        0  stm32f10x_rcc.o(i.RCC_APB1PeriphClockCmd)
    i.RCC_APB2PeriphClockCmd                 0x0800143c   Section        0  stm32f10x_rcc.o(i.RCC_APB2PeriphClockCmd)
    i.RCC_GetClocksFreq                      0x0800145c   Section        0  stm32f10x_rcc.o(i.RCC_GetClocksFreq)
    i.SVC_Handler                            0x08001530   Section        0  stm32f10x_it.o(i.SVC_Handler)
    i.SetSysClock                            0x08001532   Section        0  system_stm32f10x.o(i.SetSysClock)
    SetSysClock                              0x08001533   Thumb Code     8  system_stm32f10x.o(i.SetSysClock)
    i.SetSysClockTo72                        0x0800153c   Section        0  system_stm32f10x.o(i.SetSysClockTo72)
    SetSysClockTo72                          0x0800153d   Thumb Code   214  system_stm32f10x.o(i.SetSysClockTo72)
    i.SysTick_CLKSourceConfig                0x0800161c   Section        0  misc.o(i.SysTick_CLKSourceConfig)
    i.SysTick_Handler                        0x08001644   Section        0  stm32f10x_it.o(i.SysTick_Handler)
    i.SystemInit                             0x08001648   Section        0  system_stm32f10x.o(i.SystemInit)
    i.TI1_Config                             0x080016a8   Section        0  stm32f10x_tim.o(i.TI1_Config)
    TI1_Config                               0x080016a9   Thumb Code   108  stm32f10x_tim.o(i.TI1_Config)
    i.TI2_Config                             0x08001728   Section        0  stm32f10x_tim.o(i.TI2_Config)
    TI2_Config                               0x08001729   Thumb Code   130  stm32f10x_tim.o(i.TI2_Config)
    i.TI3_Config                             0x080017c0   Section        0  stm32f10x_tim.o(i.TI3_Config)
    TI3_Config                               0x080017c1   Thumb Code   122  stm32f10x_tim.o(i.TI3_Config)
    i.TI4_Config                             0x08001850   Section        0  stm32f10x_tim.o(i.TI4_Config)
    TI4_Config                               0x08001851   Thumb Code   130  stm32f10x_tim.o(i.TI4_Config)
    i.TIM2_IRQHandler                        0x080018e8   Section        0  tim.o(i.TIM2_IRQHandler)
    i.TIM_ARRPreloadConfig                   0x08001910   Section        0  stm32f10x_tim.o(i.TIM_ARRPreloadConfig)
    i.TIM_ClearFlag                          0x08001928   Section        0  stm32f10x_tim.o(i.TIM_ClearFlag)
    i.TIM_ClearITPendingBit                  0x0800192e   Section        0  stm32f10x_tim.o(i.TIM_ClearITPendingBit)
    i.TIM_Cmd                                0x08001934   Section        0  stm32f10x_tim.o(i.TIM_Cmd)
    i.TIM_CtrlPWMOutputs                     0x0800194c   Section        0  stm32f10x_tim.o(i.TIM_CtrlPWMOutputs)
    i.TIM_EncoderInterfaceConfig             0x0800196a   Section        0  stm32f10x_tim.o(i.TIM_EncoderInterfaceConfig)
    i.TIM_GetFlagStatus                      0x080019ac   Section        0  stm32f10x_tim.o(i.TIM_GetFlagStatus)
    i.TIM_ICInit                             0x080019c0   Section        0  stm32f10x_tim.o(i.TIM_ICInit)
    i.TIM_ICStructInit                       0x08001a6c   Section        0  stm32f10x_tim.o(i.TIM_ICStructInit)
    i.TIM_ITConfig                           0x08001a7e   Section        0  stm32f10x_tim.o(i.TIM_ITConfig)
    i.TIM_OC1Init                            0x08001a90   Section        0  stm32f10x_tim.o(i.TIM_OC1Init)
    i.TIM_OC1PreloadConfig                   0x08001b28   Section        0  stm32f10x_tim.o(i.TIM_OC1PreloadConfig)
    i.TIM_OC2Init                            0x08001b3c   Section        0  stm32f10x_tim.o(i.TIM_OC2Init)
    i.TIM_OC2PreloadConfig                   0x08001be0   Section        0  stm32f10x_tim.o(i.TIM_OC2PreloadConfig)
    i.TIM_OC3Init                            0x08001bfc   Section        0  stm32f10x_tim.o(i.TIM_OC3Init)
    i.TIM_OC3PreloadConfig                   0x08001c9c   Section        0  stm32f10x_tim.o(i.TIM_OC3PreloadConfig)
    i.TIM_SetCounter                         0x08001cae   Section        0  stm32f10x_tim.o(i.TIM_SetCounter)
    i.TIM_SetIC1Prescaler                    0x08001cb2   Section        0  stm32f10x_tim.o(i.TIM_SetIC1Prescaler)
    i.TIM_SetIC2Prescaler                    0x08001cc4   Section        0  stm32f10x_tim.o(i.TIM_SetIC2Prescaler)
    i.TIM_SetIC3Prescaler                    0x08001cde   Section        0  stm32f10x_tim.o(i.TIM_SetIC3Prescaler)
    i.TIM_SetIC4Prescaler                    0x08001cf0   Section        0  stm32f10x_tim.o(i.TIM_SetIC4Prescaler)
    i.TIM_TimeBaseInit                       0x08001d0c   Section        0  stm32f10x_tim.o(i.TIM_TimeBaseInit)
    i.TIM_TimeBaseStructInit                 0x08001db0   Section        0  stm32f10x_tim.o(i.TIM_TimeBaseStructInit)
    i.USART1_IRQHandler                      0x08001dc4   Section        0  usart.o(i.USART1_IRQHandler)
    i.USART_Cmd                              0x08001e4c   Section        0  stm32f10x_usart.o(i.USART_Cmd)
    i.USART_GetITStatus                      0x08001e64   Section        0  stm32f10x_usart.o(i.USART_GetITStatus)
    i.USART_ITConfig                         0x08001eb8   Section        0  stm32f10x_usart.o(i.USART_ITConfig)
    i.USART_Init                             0x08001f04   Section        0  stm32f10x_usart.o(i.USART_Init)
    i.USART_ReceiveData                      0x08001fdc   Section        0  stm32f10x_usart.o(i.USART_ReceiveData)
    i.UsageFault_Handler                     0x08001fe6   Section        0  stm32f10x_it.o(i.UsageFault_Handler)
    i.__ARM_fpclassify                       0x08001fea   Section        0  fpclassify.o(i.__ARM_fpclassify)
    i.__ieee754_rem_pio2                     0x08002014   Section        0  rred.o(i.__ieee754_rem_pio2)
    i.__kernel_cos                           0x0800239c   Section        0  cos_i.o(i.__kernel_cos)
    i.__kernel_poly                          0x08002498   Section        0  poly.o(i.__kernel_poly)
    i.__kernel_sin                           0x08002544   Section        0  sin_i.o(i.__kernel_sin)
    i.__mathlib_dbl_infnan                   0x08002630   Section        0  dunder.o(i.__mathlib_dbl_infnan)
    i.__mathlib_dbl_invalid                  0x08002636   Section        0  dunder.o(i.__mathlib_dbl_invalid)
    i.__mathlib_dbl_underflow                0x08002644   Section        0  dunder.o(i.__mathlib_dbl_underflow)
    i._sys_exit                              0x08002654   Section        0  usart.o(i._sys_exit)
    i.abs_num                                0x0800265a   Section        0  control.o(i.abs_num)
    i.calculate_encoder_velocity             0x08002678   Section        0  encoder.o(i.calculate_encoder_velocity)
    i.control_encoder_init                   0x0800272c   Section        0  control.o(i.control_encoder_init)
    i.coordinates_to_wheelvelocity_changeover 0x0800277c   Section        0  moving.o(i.coordinates_to_wheelvelocity_changeover)
    i.cos                                    0x080029c4   Section        0  cos.o(i.cos)
    i.delay_init                             0x08002a60   Section        0  delay.o(i.delay_init)
    i.encoder_init                           0x08002aa4   Section        0  encoder.o(i.encoder_init)
    i.encoder_init_TIM3                      0x08002ab4   Section        0  encoder.o(i.encoder_init_TIM3)
    i.encoder_init_TIM4                      0x08002b58   Section        0  encoder.o(i.encoder_init_TIM4)
    i.encoder_init_TIM5                      0x08002bfc   Section        0  encoder.o(i.encoder_init_TIM5)
    i.fputc                                  0x08002ca0   Section        0  usart.o(i.fputc)
    i.limit_value                            0x08002cbc   Section        0  pid.o(i.limit_value)
    i.main                                   0x08002ce8   Section        0  main.o(i.main)
    i.motor_velocity_control                 0x08002d40   Section        0  control.o(i.motor_velocity_control)
    i.pid_position_calculate                 0x08002da0   Section        0  pid.o(i.pid_position_calculate)
    i.pidinit                                0x08002e64   Section        0  pid.o(i.pidinit)
    i.pwminit                                0x08002e84   Section        0  motor.o(i.pwminit)
    i.read_encoder                           0x08002f40   Section        0  encoder.o(i.read_encoder)
    i.set_motor                              0x08002f98   Section        0  control.o(i.set_motor)
    i.sin                                    0x080030d8   Section        0  sin.o(i.sin)
    i.task_frequence_loop                    0x08003178   Section        0  task.o(i.task_frequence_loop)
    i.timinit                                0x08003234   Section        0  tim.o(i.timinit)
    i.uart_init                              0x08003294   Section        0  usart.o(i.uart_init)
    locale$$code                             0x08003334   Section       44  lc_numeric_c.o(locale$$code)
    x$fpl$d2f                                0x08003360   Section       98  d2f.o(x$fpl$d2f)
    x$fpl$dadd                               0x080033c4   Section      336  daddsub_clz.o(x$fpl$dadd)
    _dadd1                                   0x080033d5   Thumb Code     0  daddsub_clz.o(x$fpl$dadd)
    x$fpl$dcheck1                            0x08003514   Section       16  dcheck1.o(x$fpl$dcheck1)
    x$fpl$ddiv                               0x08003524   Section      688  ddiv.o(x$fpl$ddiv)
    ddiv_entry                               0x0800352b   Thumb Code     0  ddiv.o(x$fpl$ddiv)
    x$fpl$dfix                               0x080037d4   Section       94  dfix.o(x$fpl$dfix)
    x$fpl$dflt                               0x08003832   Section       46  dflt_clz.o(x$fpl$dflt)
    x$fpl$dfltu                              0x08003860   Section       38  dflt_clz.o(x$fpl$dfltu)
    x$fpl$dmul                               0x08003888   Section      340  dmul.o(x$fpl$dmul)
    x$fpl$dnaninf                            0x080039dc   Section      156  dnaninf.o(x$fpl$dnaninf)
    x$fpl$dretinf                            0x08003a78   Section       12  dretinf.o(x$fpl$dretinf)
    x$fpl$drsb                               0x08003a84   Section       22  daddsub_clz.o(x$fpl$drsb)
    x$fpl$dsub                               0x08003a9c   Section      468  daddsub_clz.o(x$fpl$dsub)
    _dsub1                                   0x08003aad   Thumb Code     0  daddsub_clz.o(x$fpl$dsub)
    x$fpl$f2d                                0x08003c70   Section       86  f2d.o(x$fpl$f2d)
    x$fpl$fadd                               0x08003cc8   Section      196  faddsub_clz.o(x$fpl$fadd)
    _fadd1                                   0x08003cd7   Thumb Code     0  faddsub_clz.o(x$fpl$fadd)
    x$fpl$fcmpinf                            0x08003d8c   Section       24  fcmpi.o(x$fpl$fcmpinf)
    x$fpl$feqf                               0x08003da4   Section      104  feqf.o(x$fpl$feqf)
    x$fpl$ffix                               0x08003e0c   Section       54  ffix.o(x$fpl$ffix)
    x$fpl$ffixu                              0x08003e44   Section       62  ffixu.o(x$fpl$ffixu)
    x$fpl$fflt                               0x08003e84   Section       48  fflt_clz.o(x$fpl$fflt)
    x$fpl$fleqf                              0x08003eb4   Section      104  fleqf.o(x$fpl$fleqf)
    x$fpl$fmul                               0x08003f1c   Section      258  fmul.o(x$fpl$fmul)
    x$fpl$fnaninf                            0x0800401e   Section      140  fnaninf.o(x$fpl$fnaninf)
    x$fpl$fretinf                            0x080040aa   Section       10  fretinf.o(x$fpl$fretinf)
    x$fpl$frleqf                             0x080040b4   Section       98  frleqf.o(x$fpl$frleqf)
    x$fpl$fsub                               0x08004118   Section      234  faddsub_clz.o(x$fpl$fsub)
    _fsub1                                   0x08004127   Thumb Code     0  faddsub_clz.o(x$fpl$fsub)
    x$fpl$printf1                            0x08004202   Section        4  printf1.o(x$fpl$printf1)
    x$fpl$retnan                             0x08004206   Section      100  retnan.o(x$fpl$retnan)
    x$fpl$scalbn                             0x0800426a   Section       92  scalbn.o(x$fpl$scalbn)
    x$fpl$trapveneer                         0x080042c6   Section       48  trapv.o(x$fpl$trapveneer)
    x$fpl$usenofp                            0x080042f6   Section        0  usenofp.o(x$fpl$usenofp)
    .constdata                               0x080042f8   Section       48  cos_i.o(.constdata)
    C                                        0x080042f8   Data          48  cos_i.o(.constdata)
    .constdata                               0x08004328   Section      200  rred.o(.constdata)
    pio2s                                    0x08004328   Data          48  rred.o(.constdata)
    twooverpi                                0x08004358   Data         152  rred.o(.constdata)
    .constdata                               0x080043f0   Section       40  sin_i.o(.constdata)
    S                                        0x080043f0   Data          40  sin_i.o(.constdata)
    .constdata                               0x08004418   Section      148  bigflt0.o(.constdata)
    tenpwrs_x                                0x08004418   Data          60  bigflt0.o(.constdata)
    tenpwrs_i                                0x08004454   Data          64  bigflt0.o(.constdata)
    .conststring                             0x080044ac   Section      183  task.o(.conststring)
    locale$$data                             0x08004584   Section       28  lc_numeric_c.o(locale$$data)
    __lcnum_c_name                           0x08004588   Data           2  lc_numeric_c.o(locale$$data)
    __lcnum_c_start                          0x08004590   Data           0  lc_numeric_c.o(locale$$data)
    __lcnum_c_point                          0x0800459c   Data           0  lc_numeric_c.o(locale$$data)
    __lcnum_c_thousands                      0x0800459e   Data           0  lc_numeric_c.o(locale$$data)
    __lcnum_c_grouping                       0x0800459f   Data           0  lc_numeric_c.o(locale$$data)
    __lcnum_c_end                            0x080045a0   Data           0  lc_numeric_c.o(locale$$data)
    .data                                    0x20000000   Section       20  system_stm32f10x.o(.data)
    .data                                    0x20000014   Section        4  delay.o(.data)
    fac_us                                   0x20000014   Data           1  delay.o(.data)
    fac_ms                                   0x20000016   Data           2  delay.o(.data)
    .data                                    0x20000018   Section        6  usart.o(.data)
    .data                                    0x2000001e   Section       20  stm32f10x_rcc.o(.data)
    APBAHBPrescTable                         0x2000001e   Data          16  stm32f10x_rcc.o(.data)
    ADCPrescTable                            0x2000002e   Data           4  stm32f10x_rcc.o(.data)
    .data                                    0x20000034   Section        5  moving.o(.data)
    a                                        0x20000038   Data           1  moving.o(.data)
    .data                                    0x2000003a   Section        2  task.o(.data)
    .bss                                     0x2000003c   Section       20  main.o(.bss)
    .bss                                     0x20000050   Section      200  usart.o(.bss)
    .bss                                     0x20000118   Section       24  encoder.o(.bss)
    .bss                                     0x20000130   Section      156  control.o(.bss)
    .bss                                     0x200001cc   Section       96  libspace.o(.bss)
    HEAP                                     0x20000230   Section      512  startup_stm32f10x_hd.o(HEAP)
    Heap_Mem                                 0x20000230   Data         512  startup_stm32f10x_hd.o(HEAP)
    STACK                                    0x20000430   Section     1024  startup_stm32f10x_hd.o(STACK)
    Stack_Mem                                0x20000430   Data        1024  startup_stm32f10x_hd.o(STACK)
    __initial_sp                             0x20000830   Data           0  startup_stm32f10x_hd.o(STACK)

    Global Symbols

    Symbol Name                              Value     Ov Type        Size  Object(Section)

    BuildAttributes$$THM_ISAv4$P$D$K$B$S$PE$A:L22UL41UL21$X:L11$S22US41US21$IEEE1$IW$USESV6$~STKCKD$USESV7$~SHL$OTIME$ROPI$IEEEX$EBA8$UX$STANDARDLIB$REQ8$PRES8$EABIv2 0x00000000   Number         0  anon$$obj.o ABSOLUTE
    __ARM_use_no_argv                        0x00000000   Number         0  main.o ABSOLUTE
    __ARM_exceptions_init                     - Undefined Weak Reference
    __alloca_initialize                       - Undefined Weak Reference
    __arm_preinit_                            - Undefined Weak Reference
    __cpp_initialize__aeabi_                  - Undefined Weak Reference
    __cxa_finalize                            - Undefined Weak Reference
    __sigvec_lookup                           - Undefined Weak Reference
    _atexit_init                              - Undefined Weak Reference
    _call_atexit_fns                          - Undefined Weak Reference
    _clock_init                               - Undefined Weak Reference
    _fp_trap_init                             - Undefined Weak Reference
    _fp_trap_shutdown                         - Undefined Weak Reference
    _get_lc_collate                           - Undefined Weak Reference
    _get_lc_ctype                             - Undefined Weak Reference
    _get_lc_monetary                          - Undefined Weak Reference
    _get_lc_time                              - Undefined Weak Reference
    _getenv_init                              - Undefined Weak Reference
    _handle_redirection                       - Undefined Weak Reference
    _init_alloc                               - Undefined Weak Reference
    _init_user_alloc                          - Undefined Weak Reference
    _initio                                   - Undefined Weak Reference
    _mutex_acquire                            - Undefined Weak Reference
    _mutex_release                            - Undefined Weak Reference
    _printf_post_padding                      - Undefined Weak Reference
    _printf_pre_padding                       - Undefined Weak Reference
    _rand_init                                - Undefined Weak Reference
    _signal_finish                            - Undefined Weak Reference
    _signal_init                              - Undefined Weak Reference
    _terminate_alloc                          - Undefined Weak Reference
    _terminate_user_alloc                     - Undefined Weak Reference
    _terminateio                              - Undefined Weak Reference
    __Vectors_Size                           0x00000130   Number         0  startup_stm32f10x_hd.o ABSOLUTE
    __Vectors                                0x08000000   Data           4  startup_stm32f10x_hd.o(RESET)
    __Vectors_End                            0x08000130   Data           0  startup_stm32f10x_hd.o(RESET)
    __main                                   0x08000131   Thumb Code     8  __main.o(!!!main)
    __scatterload                            0x08000139   Thumb Code     0  __scatter.o(!!!scatter)
    __scatterload_rt2                        0x08000139   Thumb Code    44  __scatter.o(!!!scatter)
    __scatterload_rt2_thumb_only             0x08000139   Thumb Code     0  __scatter.o(!!!scatter)
    __scatterload_null                       0x08000147   Thumb Code     0  __scatter.o(!!!scatter)
    __scatterload_copy                       0x0800016d   Thumb Code    26  __scatter_copy.o(!!handler_copy)
    __scatterload_zeroinit                   0x08000189   Thumb Code    28  __scatter_zi.o(!!handler_zi)
    _printf_f                                0x080001a5   Thumb Code     0  _printf_f.o(.ARM.Collect$$_printf_percent$$00000003)
    _printf_percent                          0x080001a5   Thumb Code     0  _printf_percent.o(.ARM.Collect$$_printf_percent$$00000000)
    _printf_percent_end                      0x080001ab   Thumb Code     0  _printf_percent_end.o(.ARM.Collect$$_printf_percent$$00000017)
    __rt_lib_init                            0x080001af   Thumb Code     0  libinit.o(.ARM.Collect$$libinit$$00000000)
    __rt_lib_init_fp_1                       0x080001b1   Thumb Code     0  libinit2.o(.ARM.Collect$$libinit$$00000002)
    __rt_lib_init_heap_1                     0x080001b1   Thumb Code     0  libinit2.o(.ARM.Collect$$libinit$$0000000A)
    __rt_lib_init_lc_common                  0x080001b1   Thumb Code     0  libinit2.o(.ARM.Collect$$libinit$$0000000F)
    __rt_lib_init_preinit_1                  0x080001b1   Thumb Code     0  libinit2.o(.ARM.Collect$$libinit$$00000004)
    __rt_lib_init_rand_1                     0x080001b1   Thumb Code     0  libinit2.o(.ARM.Collect$$libinit$$0000000E)
    __rt_lib_init_user_alloc_1               0x080001b1   Thumb Code     0  libinit2.o(.ARM.Collect$$libinit$$0000000C)
    __rt_lib_init_lc_collate_1               0x080001b7   Thumb Code     0  libinit2.o(.ARM.Collect$$libinit$$00000011)
    __rt_lib_init_lc_ctype_1                 0x080001b7   Thumb Code     0  libinit2.o(.ARM.Collect$$libinit$$00000013)
    __rt_lib_init_lc_monetary_1              0x080001b7   Thumb Code     0  libinit2.o(.ARM.Collect$$libinit$$00000015)
    __rt_lib_init_lc_numeric_2               0x080001b7   Thumb Code     0  libinit2.o(.ARM.Collect$$libinit$$00000016)
    __rt_lib_init_alloca_1                   0x080001c1   Thumb Code     0  libinit2.o(.ARM.Collect$$libinit$$0000002E)
    __rt_lib_init_argv_1                     0x080001c1   Thumb Code     0  libinit2.o(.ARM.Collect$$libinit$$0000002C)
    __rt_lib_init_atexit_1                   0x080001c1   Thumb Code     0  libinit2.o(.ARM.Collect$$libinit$$0000001B)
    __rt_lib_init_clock_1                    0x080001c1   Thumb Code     0  libinit2.o(.ARM.Collect$$libinit$$00000021)
    __rt_lib_init_cpp_1                      0x080001c1   Thumb Code     0  libinit2.o(.ARM.Collect$$libinit$$00000032)
    __rt_lib_init_exceptions_1               0x080001c1   Thumb Code     0  libinit2.o(.ARM.Collect$$libinit$$00000030)
    __rt_lib_init_fp_trap_1                  0x080001c1   Thumb Code     0  libinit2.o(.ARM.Collect$$libinit$$0000001F)
    __rt_lib_init_getenv_1                   0x080001c1   Thumb Code     0  libinit2.o(.ARM.Collect$$libinit$$00000023)
    __rt_lib_init_lc_numeric_1               0x080001c1   Thumb Code     0  libinit2.o(.ARM.Collect$$libinit$$00000017)
    __rt_lib_init_lc_time_1                  0x080001c1   Thumb Code     0  libinit2.o(.ARM.Collect$$libinit$$00000019)
    __rt_lib_init_return                     0x080001c1   Thumb Code     0  libinit2.o(.ARM.Collect$$libinit$$00000033)
    __rt_lib_init_signal_1                   0x080001c1   Thumb Code     0  libinit2.o(.ARM.Collect$$libinit$$0000001D)
    __rt_lib_init_stdio_1                    0x080001c1   Thumb Code     0  libinit2.o(.ARM.Collect$$libinit$$00000025)
    __rt_lib_shutdown                        0x080001c3   Thumb Code     0  libshutdown.o(.ARM.Collect$$libshutdown$$00000000)
    __rt_lib_shutdown_cpp_1                  0x080001c5   Thumb Code     0  libshutdown2.o(.ARM.Collect$$libshutdown$$00000002)
    __rt_lib_shutdown_fp_trap_1              0x080001c5   Thumb Code     0  libshutdown2.o(.ARM.Collect$$libshutdown$$00000007)
    __rt_lib_shutdown_heap_1                 0x080001c5   Thumb Code     0  libshutdown2.o(.ARM.Collect$$libshutdown$$0000000F)
    __rt_lib_shutdown_return                 0x080001c5   Thumb Code     0  libshutdown2.o(.ARM.Collect$$libshutdown$$00000010)
    __rt_lib_shutdown_signal_1               0x080001c5   Thumb Code     0  libshutdown2.o(.ARM.Collect$$libshutdown$$0000000A)
    __rt_lib_shutdown_stdio_1                0x080001c5   Thumb Code     0  libshutdown2.o(.ARM.Collect$$libshutdown$$00000004)
    __rt_lib_shutdown_user_alloc_1           0x080001c5   Thumb Code     0  libshutdown2.o(.ARM.Collect$$libshutdown$$0000000C)
    __rt_entry                               0x080001c7   Thumb Code     0  __rtentry.o(.ARM.Collect$$rtentry$$00000000)
    __rt_entry_presh_1                       0x080001c7   Thumb Code     0  __rtentry2.o(.ARM.Collect$$rtentry$$00000002)
    __rt_entry_sh                            0x080001c7   Thumb Code     0  __rtentry4.o(.ARM.Collect$$rtentry$$00000004)
    __rt_entry_li                            0x080001cd   Thumb Code     0  __rtentry2.o(.ARM.Collect$$rtentry$$0000000A)
    __rt_entry_postsh_1                      0x080001cd   Thumb Code     0  __rtentry2.o(.ARM.Collect$$rtentry$$00000009)
    __rt_entry_main                          0x080001d1   Thumb Code     0  __rtentry2.o(.ARM.Collect$$rtentry$$0000000D)
    __rt_entry_postli_1                      0x080001d1   Thumb Code     0  __rtentry2.o(.ARM.Collect$$rtentry$$0000000C)
    __rt_exit                                0x080001d9   Thumb Code     0  rtexit.o(.ARM.Collect$$rtexit$$00000000)
    __rt_exit_ls                             0x080001db   Thumb Code     0  rtexit2.o(.ARM.Collect$$rtexit$$00000003)
    __rt_exit_prels_1                        0x080001db   Thumb Code     0  rtexit2.o(.ARM.Collect$$rtexit$$00000002)
    __rt_exit_exit                           0x080001df   Thumb Code     0  rtexit2.o(.ARM.Collect$$rtexit$$00000004)
    Reset_Handler                            0x080001e5   Thumb Code     8  startup_stm32f10x_hd.o(.text)
    ADC1_2_IRQHandler                        0x080001ff   Thumb Code     0  startup_stm32f10x_hd.o(.text)
    ADC3_IRQHandler                          0x080001ff   Thumb Code     0  startup_stm32f10x_hd.o(.text)
    CAN1_RX1_IRQHandler                      0x080001ff   Thumb Code     0  startup_stm32f10x_hd.o(.text)
    CAN1_SCE_IRQHandler                      0x080001ff   Thumb Code     0  startup_stm32f10x_hd.o(.text)
    DMA1_Channel1_IRQHandler                 0x080001ff   Thumb Code     0  startup_stm32f10x_hd.o(.text)
    DMA1_Channel2_IRQHandler                 0x080001ff   Thumb Code     0  startup_stm32f10x_hd.o(.text)
    DMA1_Channel3_IRQHandler                 0x080001ff   Thumb Code     0  startup_stm32f10x_hd.o(.text)
    DMA1_Channel4_IRQHandler                 0x080001ff   Thumb Code     0  startup_stm32f10x_hd.o(.text)
    DMA1_Channel5_IRQHandler                 0x080001ff   Thumb Code     0  startup_stm32f10x_hd.o(.text)
    DMA1_Channel6_IRQHandler                 0x080001ff   Thumb Code     0  startup_stm32f10x_hd.o(.text)
    DMA1_Channel7_IRQHandler                 0x080001ff   Thumb Code     0  startup_stm32f10x_hd.o(.text)
    DMA2_Channel1_IRQHandler                 0x080001ff   Thumb Code     0  startup_stm32f10x_hd.o(.text)
    DMA2_Channel2_IRQHandler                 0x080001ff   Thumb Code     0  startup_stm32f10x_hd.o(.text)
    DMA2_Channel3_IRQHandler                 0x080001ff   Thumb Code     0  startup_stm32f10x_hd.o(.text)
    DMA2_Channel4_5_IRQHandler               0x080001ff   Thumb Code     0  startup_stm32f10x_hd.o(.text)
    EXTI0_IRQHandler                         0x080001ff   Thumb Code     0  startup_stm32f10x_hd.o(.text)
    EXTI15_10_IRQHandler                     0x080001ff   Thumb Code     0  startup_stm32f10x_hd.o(.text)
    EXTI1_IRQHandler                         0x080001ff   Thumb Code     0  startup_stm32f10x_hd.o(.text)
    EXTI2_IRQHandler                         0x080001ff   Thumb Code     0  startup_stm32f10x_hd.o(.text)
    EXTI3_IRQHandler                         0x080001ff   Thumb Code     0  startup_stm32f10x_hd.o(.text)
    EXTI4_IRQHandler                         0x080001ff   Thumb Code     0  startup_stm32f10x_hd.o(.text)
    EXTI9_5_IRQHandler                       0x080001ff   Thumb Code     0  startup_stm32f10x_hd.o(.text)
    FLASH_IRQHandler                         0x080001ff   Thumb Code     0  startup_stm32f10x_hd.o(.text)
    FSMC_IRQHandler                          0x080001ff   Thumb Code     0  startup_stm32f10x_hd.o(.text)
    I2C1_ER_IRQHandler                       0x080001ff   Thumb Code     0  startup_stm32f10x_hd.o(.text)
    I2C1_EV_IRQHandler                       0x080001ff   Thumb Code     0  startup_stm32f10x_hd.o(.text)
    I2C2_ER_IRQHandler                       0x080001ff   Thumb Code     0  startup_stm32f10x_hd.o(.text)
    I2C2_EV_IRQHandler                       0x080001ff   Thumb Code     0  startup_stm32f10x_hd.o(.text)
    PVD_IRQHandler                           0x080001ff   Thumb Code     0  startup_stm32f10x_hd.o(.text)
    RCC_IRQHandler                           0x080001ff   Thumb Code     0  startup_stm32f10x_hd.o(.text)
    RTCAlarm_IRQHandler                      0x080001ff   Thumb Code     0  startup_stm32f10x_hd.o(.text)
    RTC_IRQHandler                           0x080001ff   Thumb Code     0  startup_stm32f10x_hd.o(.text)
    SDIO_IRQHandler                          0x080001ff   Thumb Code     0  startup_stm32f10x_hd.o(.text)
    SPI1_IRQHandler                          0x080001ff   Thumb Code     0  startup_stm32f10x_hd.o(.text)
    SPI2_IRQHandler                          0x080001ff   Thumb Code     0  startup_stm32f10x_hd.o(.text)
    SPI3_IRQHandler                          0x080001ff   Thumb Code     0  startup_stm32f10x_hd.o(.text)
    TAMPER_IRQHandler                        0x080001ff   Thumb Code     0  startup_stm32f10x_hd.o(.text)
    TIM1_BRK_IRQHandler                      0x080001ff   Thumb Code     0  startup_stm32f10x_hd.o(.text)
    TIM1_CC_IRQHandler                       0x080001ff   Thumb Code     0  startup_stm32f10x_hd.o(.text)
    TIM1_TRG_COM_IRQHandler                  0x080001ff   Thumb Code     0  startup_stm32f10x_hd.o(.text)
    TIM1_UP_IRQHandler                       0x080001ff   Thumb Code     0  startup_stm32f10x_hd.o(.text)
    TIM3_IRQHandler                          0x080001ff   Thumb Code     0  startup_stm32f10x_hd.o(.text)
    TIM4_IRQHandler                          0x080001ff   Thumb Code     0  startup_stm32f10x_hd.o(.text)
    TIM5_IRQHandler                          0x080001ff   Thumb Code     0  startup_stm32f10x_hd.o(.text)
    TIM6_IRQHandler                          0x080001ff   Thumb Code     0  startup_stm32f10x_hd.o(.text)
    TIM7_IRQHandler                          0x080001ff   Thumb Code     0  startup_stm32f10x_hd.o(.text)
    TIM8_BRK_IRQHandler                      0x080001ff   Thumb Code     0  startup_stm32f10x_hd.o(.text)
    TIM8_CC_IRQHandler                       0x080001ff   Thumb Code     0  startup_stm32f10x_hd.o(.text)
    TIM8_TRG_COM_IRQHandler                  0x080001ff   Thumb Code     0  startup_stm32f10x_hd.o(.text)
    TIM8_UP_IRQHandler                       0x080001ff   Thumb Code     0  startup_stm32f10x_hd.o(.text)
    UART4_IRQHandler                         0x080001ff   Thumb Code     0  startup_stm32f10x_hd.o(.text)
    UART5_IRQHandler                         0x080001ff   Thumb Code     0  startup_stm32f10x_hd.o(.text)
    USART2_IRQHandler                        0x080001ff   Thumb Code     0  startup_stm32f10x_hd.o(.text)
    USART3_IRQHandler                        0x080001ff   Thumb Code     0  startup_stm32f10x_hd.o(.text)
    USBWakeUp_IRQHandler                     0x080001ff   Thumb Code     0  startup_stm32f10x_hd.o(.text)
    USB_HP_CAN1_TX_IRQHandler                0x080001ff   Thumb Code     0  startup_stm32f10x_hd.o(.text)
    USB_LP_CAN1_RX0_IRQHandler               0x080001ff   Thumb Code     0  startup_stm32f10x_hd.o(.text)
    WWDG_IRQHandler                          0x080001ff   Thumb Code     0  startup_stm32f10x_hd.o(.text)
    __user_initial_stackheap                 0x08000201   Thumb Code     0  startup_stm32f10x_hd.o(.text)
    __use_no_semihosting                     0x08000225   Thumb Code     2  use_no_semi_2.o(.text)
    __2printf                                0x08000229   Thumb Code    20  noretval__2printf.o(.text)
    __printf                                 0x08000241   Thumb Code   104  __printf.o(.text)
    __use_two_region_memory                  0x080002a9   Thumb Code     2  heapauxi.o(.text)
    __rt_heap_escrow$2region                 0x080002ab   Thumb Code     2  heapauxi.o(.text)
    __rt_heap_expand$2region                 0x080002ad   Thumb Code     2  heapauxi.o(.text)
    __I$use$semihosting                      0x080002af   Thumb Code     0  use_no_semi.o(.text)
    __use_no_semihosting_swi                 0x080002af   Thumb Code     2  use_no_semi.o(.text)
    __read_errno                             0x080002b1   Thumb Code    10  _rserrno.o(.text)
    __set_errno                              0x080002bb   Thumb Code    12  _rserrno.o(.text)
    __lib_sel_fp_printf                      0x080002c7   Thumb Code     2  _printf_fp_dec.o(.text)
    _printf_fp_dec_real                      0x08000479   Thumb Code   620  _printf_fp_dec.o(.text)
    _printf_char_file                        0x080006e5   Thumb Code    32  _printf_char_file.o(.text)
    __rt_locale                              0x08000709   Thumb Code     8  rt_locale_intlibspace.o(.text)
    __aeabi_errno_addr                       0x08000711   Thumb Code     8  rt_errno_addr_intlibspace.o(.text)
    __errno$intlibspace                      0x08000711   Thumb Code     0  rt_errno_addr_intlibspace.o(.text)
    __rt_errno_addr$intlibspace              0x08000711   Thumb Code     0  rt_errno_addr_intlibspace.o(.text)
    _ll_udiv10                               0x08000719   Thumb Code   138  lludiv10.o(.text)
    _printf_char_common                      0x080007af   Thumb Code    32  _printf_char_common.o(.text)
    _printf_fp_infnan                        0x080007d5   Thumb Code   112  _printf_fp_infnan.o(.text)
    _btod_etento                             0x08000855   Thumb Code   224  bigflt0.o(.text)
    ferror                                   0x08000939   Thumb Code     8  ferror.o(.text)
    __user_libspace                          0x08000941   Thumb Code     8  libspace.o(.text)
    __user_perproc_libspace                  0x08000941   Thumb Code     0  libspace.o(.text)
    __user_perthread_libspace                0x08000941   Thumb Code     0  libspace.o(.text)
    __user_setup_stackheap                   0x08000949   Thumb Code    74  sys_stackheap_outer.o(.text)
    exit                                     0x08000993   Thumb Code    18  exit.o(.text)
    strcmp                                   0x080009a5   Thumb Code   128  strcmpv7m.o(.text)
    _btod_d2e                                0x08000a25   Thumb Code    62  btod.o(CL$$btod_d2e)
    _d2e_denorm_low                          0x08000a63   Thumb Code    70  btod.o(CL$$btod_d2e_denorm_low)
    _d2e_norm_op1                            0x08000aa9   Thumb Code    96  btod.o(CL$$btod_d2e_norm_op1)
    __btod_div_common                        0x08000b09   Thumb Code   696  btod.o(CL$$btod_div_common)
    _e2e                                     0x08000e41   Thumb Code   220  btod.o(CL$$btod_e2e)
    _btod_ediv                               0x08000f1d   Thumb Code    42  btod.o(CL$$btod_ediv)
    _btod_emul                               0x08000f47   Thumb Code    42  btod.o(CL$$btod_emul)
    __btod_mult_common                       0x08000f71   Thumb Code   580  btod.o(CL$$btod_mult_common)
    BusFault_Handler                         0x080011b5   Thumb Code     4  stm32f10x_it.o(i.BusFault_Handler)
    CONTROL_VELOCITY                         0x080011b9   Thumb Code   130  task.o(i.CONTROL_VELOCITY)
    DebugMon_Handler                         0x08001245   Thumb Code     2  stm32f10x_it.o(i.DebugMon_Handler)
    GPIO_Init                                0x08001247   Thumb Code   278  stm32f10x_gpio.o(i.GPIO_Init)
    HardFault_Handler                        0x0800135d   Thumb Code     4  stm32f10x_it.o(i.HardFault_Handler)
    MemManage_Handler                        0x08001361   Thumb Code     4  stm32f10x_it.o(i.MemManage_Handler)
    Motor_Init                               0x08001365   Thumb Code    40  motor.o(i.Motor_Init)
    NMI_Handler                              0x08001391   Thumb Code     2  stm32f10x_it.o(i.NMI_Handler)
    NVIC_Init                                0x08001395   Thumb Code   100  misc.o(i.NVIC_Init)
    NVIC_PriorityGroupConfig                 0x08001405   Thumb Code    10  misc.o(i.NVIC_PriorityGroupConfig)
    PendSV_Handler                           0x08001419   Thumb Code     2  stm32f10x_it.o(i.PendSV_Handler)
    RCC_APB1PeriphClockCmd                   0x0800141d   Thumb Code    26  stm32f10x_rcc.o(i.RCC_APB1PeriphClockCmd)
    RCC_APB2PeriphClockCmd                   0x0800143d   Thumb Code    26  stm32f10x_rcc.o(i.RCC_APB2PeriphClockCmd)
    RCC_GetClocksFreq                        0x0800145d   Thumb Code   192  stm32f10x_rcc.o(i.RCC_GetClocksFreq)
    SVC_Handler                              0x08001531   Thumb Code     2  stm32f10x_it.o(i.SVC_Handler)
    SysTick_CLKSourceConfig                  0x0800161d   Thumb Code    40  misc.o(i.SysTick_CLKSourceConfig)
    SysTick_Handler                          0x08001645   Thumb Code     2  stm32f10x_it.o(i.SysTick_Handler)
    SystemInit                               0x08001649   Thumb Code    78  system_stm32f10x.o(i.SystemInit)
    TIM2_IRQHandler                          0x080018e9   Thumb Code    34  tim.o(i.TIM2_IRQHandler)
    TIM_ARRPreloadConfig                     0x08001911   Thumb Code    24  stm32f10x_tim.o(i.TIM_ARRPreloadConfig)
    TIM_ClearFlag                            0x08001929   Thumb Code     6  stm32f10x_tim.o(i.TIM_ClearFlag)
    TIM_ClearITPendingBit                    0x0800192f   Thumb Code     6  stm32f10x_tim.o(i.TIM_ClearITPendingBit)
    TIM_Cmd                                  0x08001935   Thumb Code    24  stm32f10x_tim.o(i.TIM_Cmd)
    TIM_CtrlPWMOutputs                       0x0800194d   Thumb Code    30  stm32f10x_tim.o(i.TIM_CtrlPWMOutputs)
    TIM_EncoderInterfaceConfig               0x0800196b   Thumb Code    66  stm32f10x_tim.o(i.TIM_EncoderInterfaceConfig)
    TIM_GetFlagStatus                        0x080019ad   Thumb Code    18  stm32f10x_tim.o(i.TIM_GetFlagStatus)
    TIM_ICInit                               0x080019c1   Thumb Code   150  stm32f10x_tim.o(i.TIM_ICInit)
    TIM_ICStructInit                         0x08001a6d   Thumb Code    18  stm32f10x_tim.o(i.TIM_ICStructInit)
    TIM_ITConfig                             0x08001a7f   Thumb Code    18  stm32f10x_tim.o(i.TIM_ITConfig)
    TIM_OC1Init                              0x08001a91   Thumb Code   132  stm32f10x_tim.o(i.TIM_OC1Init)
    TIM_OC1PreloadConfig                     0x08001b29   Thumb Code    18  stm32f10x_tim.o(i.TIM_OC1PreloadConfig)
    TIM_OC2Init                              0x08001b3d   Thumb Code   154  stm32f10x_tim.o(i.TIM_OC2Init)
    TIM_OC2PreloadConfig                     0x08001be1   Thumb Code    26  stm32f10x_tim.o(i.TIM_OC2PreloadConfig)
    TIM_OC3Init                              0x08001bfd   Thumb Code   150  stm32f10x_tim.o(i.TIM_OC3Init)
    TIM_OC3PreloadConfig                     0x08001c9d   Thumb Code    18  stm32f10x_tim.o(i.TIM_OC3PreloadConfig)
    TIM_SetCounter                           0x08001caf   Thumb Code     4  stm32f10x_tim.o(i.TIM_SetCounter)
    TIM_SetIC1Prescaler                      0x08001cb3   Thumb Code    18  stm32f10x_tim.o(i.TIM_SetIC1Prescaler)
    TIM_SetIC2Prescaler                      0x08001cc5   Thumb Code    26  stm32f10x_tim.o(i.TIM_SetIC2Prescaler)
    TIM_SetIC3Prescaler                      0x08001cdf   Thumb Code    18  stm32f10x_tim.o(i.TIM_SetIC3Prescaler)
    TIM_SetIC4Prescaler                      0x08001cf1   Thumb Code    26  stm32f10x_tim.o(i.TIM_SetIC4Prescaler)
    TIM_TimeBaseInit                         0x08001d0d   Thumb Code   122  stm32f10x_tim.o(i.TIM_TimeBaseInit)
    TIM_TimeBaseStructInit                   0x08001db1   Thumb Code    18  stm32f10x_tim.o(i.TIM_TimeBaseStructInit)
    USART1_IRQHandler                        0x08001dc5   Thumb Code   122  usart.o(i.USART1_IRQHandler)
    USART_Cmd                                0x08001e4d   Thumb Code    24  stm32f10x_usart.o(i.USART_Cmd)
    USART_GetITStatus                        0x08001e65   Thumb Code    84  stm32f10x_usart.o(i.USART_GetITStatus)
    USART_ITConfig                           0x08001eb9   Thumb Code    74  stm32f10x_usart.o(i.USART_ITConfig)
    USART_Init                               0x08001f05   Thumb Code   210  stm32f10x_usart.o(i.USART_Init)
    USART_ReceiveData                        0x08001fdd   Thumb Code    10  stm32f10x_usart.o(i.USART_ReceiveData)
    UsageFault_Handler                       0x08001fe7   Thumb Code     4  stm32f10x_it.o(i.UsageFault_Handler)
    __ARM_fpclassify                         0x08001feb   Thumb Code    40  fpclassify.o(i.__ARM_fpclassify)
    __ieee754_rem_pio2                       0x08002015   Thumb Code   828  rred.o(i.__ieee754_rem_pio2)
    __kernel_cos                             0x0800239d   Thumb Code   230  cos_i.o(i.__kernel_cos)
    __kernel_poly                            0x08002499   Thumb Code   170  poly.o(i.__kernel_poly)
    __kernel_sin                             0x08002545   Thumb Code   224  sin_i.o(i.__kernel_sin)
    __mathlib_dbl_infnan                     0x08002631   Thumb Code     6  dunder.o(i.__mathlib_dbl_infnan)
    __mathlib_dbl_invalid                    0x08002637   Thumb Code    12  dunder.o(i.__mathlib_dbl_invalid)
    __mathlib_dbl_underflow                  0x08002645   Thumb Code    10  dunder.o(i.__mathlib_dbl_underflow)
    _sys_exit                                0x08002655   Thumb Code     6  usart.o(i._sys_exit)
    abs_num                                  0x0800265b   Thumb Code    30  control.o(i.abs_num)
    calculate_encoder_velocity               0x08002679   Thumb Code   152  encoder.o(i.calculate_encoder_velocity)
    control_encoder_init                     0x0800272d   Thumb Code    52  control.o(i.control_encoder_init)
    coordinates_to_wheelvelocity_changeover  0x0800277d   Thumb Code   528  moving.o(i.coordinates_to_wheelvelocity_changeover)
    cos                                      0x080029c5   Thumb Code   148  cos.o(i.cos)
    delay_init                               0x08002a61   Thumb Code    50  delay.o(i.delay_init)
    encoder_init                             0x08002aa5   Thumb Code    16  encoder.o(i.encoder_init)
    encoder_init_TIM3                        0x08002ab5   Thumb Code   156  encoder.o(i.encoder_init_TIM3)
    encoder_init_TIM4                        0x08002b59   Thumb Code   156  encoder.o(i.encoder_init_TIM4)
    encoder_init_TIM5                        0x08002bfd   Thumb Code   156  encoder.o(i.encoder_init_TIM5)
    fputc                                    0x08002ca1   Thumb Code    24  usart.o(i.fputc)
    limit_value                              0x08002cbd   Thumb Code    42  pid.o(i.limit_value)
    main                                     0x08002ce9   Thumb Code    78  main.o(i.main)
    motor_velocity_control                   0x08002d41   Thumb Code    86  control.o(i.motor_velocity_control)
    pid_position_calculate                   0x08002da1   Thumb Code   188  pid.o(i.pid_position_calculate)
    pidinit                                  0x08002e65   Thumb Code    32  pid.o(i.pidinit)
    pwminit                                  0x08002e85   Thumb Code   180  motor.o(i.pwminit)
    read_encoder                             0x08002f41   Thumb Code    74  encoder.o(i.read_encoder)
    set_motor                                0x08002f99   Thumb Code   296  control.o(i.set_motor)
    sin                                      0x080030d9   Thumb Code   150  sin.o(i.sin)
    task_frequence_loop                      0x08003179   Thumb Code   166  task.o(i.task_frequence_loop)
    timinit                                  0x08003235   Thumb Code    94  tim.o(i.timinit)
    uart_init                                0x08003295   Thumb Code   152  usart.o(i.uart_init)
    _get_lc_numeric                          0x08003335   Thumb Code    44  lc_numeric_c.o(locale$$code)
    __aeabi_d2f                              0x08003361   Thumb Code     0  d2f.o(x$fpl$d2f)
    _d2f                                     0x08003361   Thumb Code    98  d2f.o(x$fpl$d2f)
    __aeabi_dadd                             0x080033c5   Thumb Code     0  daddsub_clz.o(x$fpl$dadd)
    _dadd                                    0x080033c5   Thumb Code   332  daddsub_clz.o(x$fpl$dadd)
    __fpl_dcheck_NaN1                        0x08003515   Thumb Code    10  dcheck1.o(x$fpl$dcheck1)
    __aeabi_ddiv                             0x08003525   Thumb Code     0  ddiv.o(x$fpl$ddiv)
    _ddiv                                    0x08003525   Thumb Code   552  ddiv.o(x$fpl$ddiv)
    __aeabi_d2iz                             0x080037d5   Thumb Code     0  dfix.o(x$fpl$dfix)
    _dfix                                    0x080037d5   Thumb Code    94  dfix.o(x$fpl$dfix)
    __aeabi_i2d                              0x08003833   Thumb Code     0  dflt_clz.o(x$fpl$dflt)
    _dflt                                    0x08003833   Thumb Code    46  dflt_clz.o(x$fpl$dflt)
    __aeabi_ui2d                             0x08003861   Thumb Code     0  dflt_clz.o(x$fpl$dfltu)
    _dfltu                                   0x08003861   Thumb Code    38  dflt_clz.o(x$fpl$dfltu)
    __aeabi_dmul                             0x08003889   Thumb Code     0  dmul.o(x$fpl$dmul)
    _dmul                                    0x08003889   Thumb Code   332  dmul.o(x$fpl$dmul)
    __fpl_dnaninf                            0x080039dd   Thumb Code   156  dnaninf.o(x$fpl$dnaninf)
    __fpl_dretinf                            0x08003a79   Thumb Code    12  dretinf.o(x$fpl$dretinf)
    __aeabi_drsub                            0x08003a85   Thumb Code     0  daddsub_clz.o(x$fpl$drsb)
    _drsb                                    0x08003a85   Thumb Code    22  daddsub_clz.o(x$fpl$drsb)
    __aeabi_dsub                             0x08003a9d   Thumb Code     0  daddsub_clz.o(x$fpl$dsub)
    _dsub                                    0x08003a9d   Thumb Code   464  daddsub_clz.o(x$fpl$dsub)
    __aeabi_f2d                              0x08003c71   Thumb Code     0  f2d.o(x$fpl$f2d)
    _f2d                                     0x08003c71   Thumb Code    86  f2d.o(x$fpl$f2d)
    __aeabi_fadd                             0x08003cc9   Thumb Code     0  faddsub_clz.o(x$fpl$fadd)
    _fadd                                    0x08003cc9   Thumb Code   196  faddsub_clz.o(x$fpl$fadd)
    __fpl_fcmp_Inf                           0x08003d8d   Thumb Code    24  fcmpi.o(x$fpl$fcmpinf)
    __aeabi_cfcmpeq                          0x08003da5   Thumb Code     0  feqf.o(x$fpl$feqf)
    _fcmpeq                                  0x08003da5   Thumb Code   104  feqf.o(x$fpl$feqf)
    __aeabi_f2iz                             0x08003e0d   Thumb Code     0  ffix.o(x$fpl$ffix)
    _ffix                                    0x08003e0d   Thumb Code    54  ffix.o(x$fpl$ffix)
    __aeabi_f2uiz                            0x08003e45   Thumb Code     0  ffixu.o(x$fpl$ffixu)
    _ffixu                                   0x08003e45   Thumb Code    62  ffixu.o(x$fpl$ffixu)
    __aeabi_i2f                              0x08003e85   Thumb Code     0  fflt_clz.o(x$fpl$fflt)
    _fflt                                    0x08003e85   Thumb Code    48  fflt_clz.o(x$fpl$fflt)
    __aeabi_cfcmple                          0x08003eb5   Thumb Code     0  fleqf.o(x$fpl$fleqf)
    _fcmple                                  0x08003eb5   Thumb Code   104  fleqf.o(x$fpl$fleqf)
    __fpl_fcmple_InfNaN                      0x08003f07   Thumb Code     0  fleqf.o(x$fpl$fleqf)
    __aeabi_fmul                             0x08003f1d   Thumb Code     0  fmul.o(x$fpl$fmul)
    _fmul                                    0x08003f1d   Thumb Code   258  fmul.o(x$fpl$fmul)
    __fpl_fnaninf                            0x0800401f   Thumb Code   140  fnaninf.o(x$fpl$fnaninf)
    __fpl_fretinf                            0x080040ab   Thumb Code    10  fretinf.o(x$fpl$fretinf)
    __aeabi_cfrcmple                         0x080040b5   Thumb Code     0  frleqf.o(x$fpl$frleqf)
    _frcmple                                 0x080040b5   Thumb Code    98  frleqf.o(x$fpl$frleqf)
    __aeabi_fsub                             0x08004119   Thumb Code     0  faddsub_clz.o(x$fpl$fsub)
    _fsub                                    0x08004119   Thumb Code   234  faddsub_clz.o(x$fpl$fsub)
    _printf_fp_dec                           0x08004203   Thumb Code     4  printf1.o(x$fpl$printf1)
    __fpl_return_NaN                         0x08004207   Thumb Code   100  retnan.o(x$fpl$retnan)
    __ARM_scalbn                             0x0800426b   Thumb Code    92  scalbn.o(x$fpl$scalbn)
    __fpl_cmpreturn                          0x080042c7   Thumb Code    48  trapv.o(x$fpl$trapveneer)
    __I$use$fp                               0x080042f6   Number         0  usenofp.o(x$fpl$usenofp)
    Region$$Table$$Base                      0x08004564   Number         0  anon$$obj.o(Region$$Table)
    Region$$Table$$Limit                     0x08004584   Number         0  anon$$obj.o(Region$$Table)
    SystemCoreClock                          0x20000000   Data           4  system_stm32f10x.o(.data)
    AHBPrescTable                            0x20000004   Data          16  system_stm32f10x.o(.data)
    __stdout                                 0x20000018   Data           4  usart.o(.data)
    USART_RX_STA                             0x2000001c   Data           2  usart.o(.data)
    theta                                    0x20000034   Data           4  moving.o(.data)
    time                                     0x2000003a   Data           2  task.o(.data)
    ROBOT_NOW                                0x2000003c   Data          20  main.o(.bss)
    USART_RX_BUF                             0x20000050   Data         200  usart.o(.bss)
    encoder                                  0x20000118   Data          24  encoder.o(.bss)
    motor                                    0x20000130   Data         156  control.o(.bss)
    __libspace_start                         0x200001cc   Data          96  libspace.o(.bss)
    __temporary_stack_top$libspace           0x2000022c   Data           0  libspace.o(.bss)



==============================================================================

Memory Map of the image

  Image Entry point : 0x080001e5

  Load Region LR_1 (Base: 0x08000000, Size: 0x000045dc, Max: 0xffffffff, ABSOLUTE)

    Execution Region ER_RO (Exec base: 0x08000000, Load base: 0x08000000, Size: 0x000045a0, Max: 0xffffffff, ABSOLUTE)

    Exec Addr    Load Addr    Size         Type   Attr      Idx    E Section Name        Object

    0x08000000   0x08000000   0x00000130   Data   RO          383    RESET               startup_stm32f10x_hd.o
    0x08000130   0x08000130   0x00000008   Code   RO         3646  * !!!main             c_w.l(__main.o)
    0x08000138   0x08000138   0x00000034   Code   RO         3985    !!!scatter          c_w.l(__scatter.o)
    0x0800016c   0x0800016c   0x0000001a   Code   RO         3987    !!handler_copy      c_w.l(__scatter_copy.o)
    0x08000186   0x08000186   0x00000002   PAD
    0x08000188   0x08000188   0x0000001c   Code   RO         3989    !!handler_zi        c_w.l(__scatter_zi.o)
    0x080001a4   0x080001a4   0x00000000   Code   RO         3643    .ARM.Collect$$_printf_percent$$00000000  c_w.l(_printf_percent.o)
    0x080001a4   0x080001a4   0x00000006   Code   RO         3642    .ARM.Collect$$_printf_percent$$00000003  c_w.l(_printf_f.o)
    0x080001aa   0x080001aa   0x00000004   Code   RO         3725    .ARM.Collect$$_printf_percent$$00000017  c_w.l(_printf_percent_end.o)
    0x080001ae   0x080001ae   0x00000002   Code   RO         3856    .ARM.Collect$$libinit$$00000000  c_w.l(libinit.o)
    0x080001b0   0x080001b0   0x00000000   Code   RO         3858    .ARM.Collect$$libinit$$00000002  c_w.l(libinit2.o)
    0x080001b0   0x080001b0   0x00000000   Code   RO         3860    .ARM.Collect$$libinit$$00000004  c_w.l(libinit2.o)
    0x080001b0   0x080001b0   0x00000000   Code   RO         3863    .ARM.Collect$$libinit$$0000000A  c_w.l(libinit2.o)
    0x080001b0   0x080001b0   0x00000000   Code   RO         3865    .ARM.Collect$$libinit$$0000000C  c_w.l(libinit2.o)
    0x080001b0   0x080001b0   0x00000000   Code   RO         3867    .ARM.Collect$$libinit$$0000000E  c_w.l(libinit2.o)
    0x080001b0   0x080001b0   0x00000006   Code   RO         3868    .ARM.Collect$$libinit$$0000000F  c_w.l(libinit2.o)
    0x080001b6   0x080001b6   0x00000000   Code   RO         3870    .ARM.Collect$$libinit$$00000011  c_w.l(libinit2.o)
    0x080001b6   0x080001b6   0x00000000   Code   RO         3872    .ARM.Collect$$libinit$$00000013  c_w.l(libinit2.o)
    0x080001b6   0x080001b6   0x00000000   Code   RO         3874    .ARM.Collect$$libinit$$00000015  c_w.l(libinit2.o)
    0x080001b6   0x080001b6   0x0000000a   Code   RO         3875    .ARM.Collect$$libinit$$00000016  c_w.l(libinit2.o)
    0x080001c0   0x080001c0   0x00000000   Code   RO         3876    .ARM.Collect$$libinit$$00000017  c_w.l(libinit2.o)
    0x080001c0   0x080001c0   0x00000000   Code   RO         3878    .ARM.Collect$$libinit$$00000019  c_w.l(libinit2.o)
    0x080001c0   0x080001c0   0x00000000   Code   RO         3880    .ARM.Collect$$libinit$$0000001B  c_w.l(libinit2.o)
    0x080001c0   0x080001c0   0x00000000   Code   RO         3882    .ARM.Collect$$libinit$$0000001D  c_w.l(libinit2.o)
    0x080001c0   0x080001c0   0x00000000   Code   RO         3884    .ARM.Collect$$libinit$$0000001F  c_w.l(libinit2.o)
    0x080001c0   0x080001c0   0x00000000   Code   RO         3886    .ARM.Collect$$libinit$$00000021  c_w.l(libinit2.o)
    0x080001c0   0x080001c0   0x00000000   Code   RO         3888    .ARM.Collect$$libinit$$00000023  c_w.l(libinit2.o)
    0x080001c0   0x080001c0   0x00000000   Code   RO         3890    .ARM.Collect$$libinit$$00000025  c_w.l(libinit2.o)
    0x080001c0   0x080001c0   0x00000000   Code   RO         3894    .ARM.Collect$$libinit$$0000002C  c_w.l(libinit2.o)
    0x080001c0   0x080001c0   0x00000000   Code   RO         3896    .ARM.Collect$$libinit$$0000002E  c_w.l(libinit2.o)
    0x080001c0   0x080001c0   0x00000000   Code   RO         3898    .ARM.Collect$$libinit$$00000030  c_w.l(libinit2.o)
    0x080001c0   0x080001c0   0x00000000   Code   RO         3900    .ARM.Collect$$libinit$$00000032  c_w.l(libinit2.o)
    0x080001c0   0x080001c0   0x00000002   Code   RO         3901    .ARM.Collect$$libinit$$00000033  c_w.l(libinit2.o)
    0x080001c2   0x080001c2   0x00000002   Code   RO         3935    .ARM.Collect$$libshutdown$$00000000  c_w.l(libshutdown.o)
    0x080001c4   0x080001c4   0x00000000   Code   RO         3944    .ARM.Collect$$libshutdown$$00000002  c_w.l(libshutdown2.o)
    0x080001c4   0x080001c4   0x00000000   Code   RO         3946    .ARM.Collect$$libshutdown$$00000004  c_w.l(libshutdown2.o)
    0x080001c4   0x080001c4   0x00000000   Code   RO         3949    .ARM.Collect$$libshutdown$$00000007  c_w.l(libshutdown2.o)
    0x080001c4   0x080001c4   0x00000000   Code   RO         3952    .ARM.Collect$$libshutdown$$0000000A  c_w.l(libshutdown2.o)
    0x080001c4   0x080001c4   0x00000000   Code   RO         3954    .ARM.Collect$$libshutdown$$0000000C  c_w.l(libshutdown2.o)
    0x080001c4   0x080001c4   0x00000000   Code   RO         3957    .ARM.Collect$$libshutdown$$0000000F  c_w.l(libshutdown2.o)
    0x080001c4   0x080001c4   0x00000002   Code   RO         3958    .ARM.Collect$$libshutdown$$00000010  c_w.l(libshutdown2.o)
    0x080001c6   0x080001c6   0x00000000   Code   RO         3718    .ARM.Collect$$rtentry$$00000000  c_w.l(__rtentry.o)
    0x080001c6   0x080001c6   0x00000000   Code   RO         3766    .ARM.Collect$$rtentry$$00000002  c_w.l(__rtentry2.o)
    0x080001c6   0x080001c6   0x00000006   Code   RO         3778    .ARM.Collect$$rtentry$$00000004  c_w.l(__rtentry4.o)
    0x080001cc   0x080001cc   0x00000000   Code   RO         3768    .ARM.Collect$$rtentry$$00000009  c_w.l(__rtentry2.o)
    0x080001cc   0x080001cc   0x00000004   Code   RO         3769    .ARM.Collect$$rtentry$$0000000A  c_w.l(__rtentry2.o)
    0x080001d0   0x080001d0   0x00000000   Code   RO         3771    .ARM.Collect$$rtentry$$0000000C  c_w.l(__rtentry2.o)
    0x080001d0   0x080001d0   0x00000008   Code   RO         3772    .ARM.Collect$$rtentry$$0000000D  c_w.l(__rtentry2.o)
    0x080001d8   0x080001d8   0x00000002   Code   RO         3904    .ARM.Collect$$rtexit$$00000000  c_w.l(rtexit.o)
    0x080001da   0x080001da   0x00000000   Code   RO         3913    .ARM.Collect$$rtexit$$00000002  c_w.l(rtexit2.o)
    0x080001da   0x080001da   0x00000004   Code   RO         3914    .ARM.Collect$$rtexit$$00000003  c_w.l(rtexit2.o)
    0x080001de   0x080001de   0x00000006   Code   RO         3915    .ARM.Collect$$rtexit$$00000004  c_w.l(rtexit2.o)
    0x080001e4   0x080001e4   0x00000040   Code   RO          384  * .text               startup_stm32f10x_hd.o
    0x08000224   0x08000224   0x00000002   Code   RO         3614    .text               c_w.l(use_no_semi_2.o)
    0x08000226   0x08000226   0x00000002   PAD
    0x08000228   0x08000228   0x00000018   Code   RO         3618    .text               c_w.l(noretval__2printf.o)
    0x08000240   0x08000240   0x00000068   Code   RO         3620    .text               c_w.l(__printf.o)
    0x080002a8   0x080002a8   0x00000006   Code   RO         3644    .text               c_w.l(heapauxi.o)
    0x080002ae   0x080002ae   0x00000002   Code   RO         3716    .text               c_w.l(use_no_semi.o)
    0x080002b0   0x080002b0   0x00000016   Code   RO         3719    .text               c_w.l(_rserrno.o)
    0x080002c6   0x080002c6   0x0000041e   Code   RO         3721    .text               c_w.l(_printf_fp_dec.o)
    0x080006e4   0x080006e4   0x00000024   Code   RO         3723    .text               c_w.l(_printf_char_file.o)
    0x08000708   0x08000708   0x00000008   Code   RO         3783    .text               c_w.l(rt_locale_intlibspace.o)
    0x08000710   0x08000710   0x00000008   Code   RO         3788    .text               c_w.l(rt_errno_addr_intlibspace.o)
    0x08000718   0x08000718   0x0000008a   Code   RO         3790    .text               c_w.l(lludiv10.o)
    0x080007a2   0x080007a2   0x00000002   PAD
    0x080007a4   0x080007a4   0x00000030   Code   RO         3792    .text               c_w.l(_printf_char_common.o)
    0x080007d4   0x080007d4   0x00000080   Code   RO         3794    .text               c_w.l(_printf_fp_infnan.o)
    0x08000854   0x08000854   0x000000e4   Code   RO         3796    .text               c_w.l(bigflt0.o)
    0x08000938   0x08000938   0x00000008   Code   RO         3821    .text               c_w.l(ferror.o)
    0x08000940   0x08000940   0x00000008   Code   RO         3840    .text               c_w.l(libspace.o)
    0x08000948   0x08000948   0x0000004a   Code   RO         3843    .text               c_w.l(sys_stackheap_outer.o)
    0x08000992   0x08000992   0x00000012   Code   RO         3847    .text               c_w.l(exit.o)
    0x080009a4   0x080009a4   0x00000080   Code   RO         3849    .text               c_w.l(strcmpv7m.o)
    0x08000a24   0x08000a24   0x0000003e   Code   RO         3799    CL$$btod_d2e        c_w.l(btod.o)
    0x08000a62   0x08000a62   0x00000046   Code   RO         3801    CL$$btod_d2e_denorm_low  c_w.l(btod.o)
    0x08000aa8   0x08000aa8   0x00000060   Code   RO         3800    CL$$btod_d2e_norm_op1  c_w.l(btod.o)
    0x08000b08   0x08000b08   0x00000338   Code   RO         3809    CL$$btod_div_common  c_w.l(btod.o)
    0x08000e40   0x08000e40   0x000000dc   Code   RO         3806    CL$$btod_e2e        c_w.l(btod.o)
    0x08000f1c   0x08000f1c   0x0000002a   Code   RO         3803    CL$$btod_ediv       c_w.l(btod.o)
    0x08000f46   0x08000f46   0x0000002a   Code   RO         3802    CL$$btod_emul       c_w.l(btod.o)
    0x08000f70   0x08000f70   0x00000244   Code   RO         3808    CL$$btod_mult_common  c_w.l(btod.o)
    0x080011b4   0x080011b4   0x00000004   Code   RO          152    i.BusFault_Handler  stm32f10x_it.o
    0x080011b8   0x080011b8   0x0000008c   Code   RO         3527    i.CONTROL_VELOCITY  task.o
    0x08001244   0x08001244   0x00000002   Code   RO          153    i.DebugMon_Handler  stm32f10x_it.o
    0x08001246   0x08001246   0x00000116   Code   RO         1575    i.GPIO_Init         stm32f10x_gpio.o
    0x0800135c   0x0800135c   0x00000004   Code   RO          154    i.HardFault_Handler  stm32f10x_it.o
    0x08001360   0x08001360   0x00000004   Code   RO          155    i.MemManage_Handler  stm32f10x_it.o
    0x08001364   0x08001364   0x0000002c   Code   RO         3439    i.Motor_Init        motor.o
    0x08001390   0x08001390   0x00000002   Code   RO          156    i.NMI_Handler       stm32f10x_it.o
    0x08001392   0x08001392   0x00000002   PAD
    0x08001394   0x08001394   0x00000070   Code   RO          388    i.NVIC_Init         misc.o
    0x08001404   0x08001404   0x00000014   Code   RO          389    i.NVIC_PriorityGroupConfig  misc.o
    0x08001418   0x08001418   0x00000002   Code   RO          157    i.PendSV_Handler    stm32f10x_it.o
    0x0800141a   0x0800141a   0x00000002   PAD
    0x0800141c   0x0800141c   0x00000020   Code   RO         1991    i.RCC_APB1PeriphClockCmd  stm32f10x_rcc.o
    0x0800143c   0x0800143c   0x00000020   Code   RO         1993    i.RCC_APB2PeriphClockCmd  stm32f10x_rcc.o
    0x0800145c   0x0800145c   0x000000d4   Code   RO         2001    i.RCC_GetClocksFreq  stm32f10x_rcc.o
    0x08001530   0x08001530   0x00000002   Code   RO          158    i.SVC_Handler       stm32f10x_it.o
    0x08001532   0x08001532   0x00000008   Code   RO          241    i.SetSysClock       system_stm32f10x.o
    0x0800153a   0x0800153a   0x00000002   PAD
    0x0800153c   0x0800153c   0x000000e0   Code   RO          242    i.SetSysClockTo72   system_stm32f10x.o
    0x0800161c   0x0800161c   0x00000028   Code   RO          392    i.SysTick_CLKSourceConfig  misc.o
    0x08001644   0x08001644   0x00000002   Code   RO          159    i.SysTick_Handler   stm32f10x_it.o
    0x08001646   0x08001646   0x00000002   PAD
    0x08001648   0x08001648   0x00000060   Code   RO          244    i.SystemInit        system_stm32f10x.o
    0x080016a8   0x080016a8   0x00000080   Code   RO         2609    i.TI1_Config        stm32f10x_tim.o
    0x08001728   0x08001728   0x00000098   Code   RO         2610    i.TI2_Config        stm32f10x_tim.o
    0x080017c0   0x080017c0   0x00000090   Code   RO         2611    i.TI3_Config        stm32f10x_tim.o
    0x08001850   0x08001850   0x00000098   Code   RO         2612    i.TI4_Config        stm32f10x_tim.o
    0x080018e8   0x080018e8   0x00000028   Code   RO         3457    i.TIM2_IRQHandler   tim.o
    0x08001910   0x08001910   0x00000018   Code   RO         2613    i.TIM_ARRPreloadConfig  stm32f10x_tim.o
    0x08001928   0x08001928   0x00000006   Code   RO         2619    i.TIM_ClearFlag     stm32f10x_tim.o
    0x0800192e   0x0800192e   0x00000006   Code   RO         2620    i.TIM_ClearITPendingBit  stm32f10x_tim.o
    0x08001934   0x08001934   0x00000018   Code   RO         2625    i.TIM_Cmd           stm32f10x_tim.o
    0x0800194c   0x0800194c   0x0000001e   Code   RO         2627    i.TIM_CtrlPWMOutputs  stm32f10x_tim.o
    0x0800196a   0x0800196a   0x00000042   Code   RO         2634    i.TIM_EncoderInterfaceConfig  stm32f10x_tim.o
    0x080019ac   0x080019ac   0x00000012   Code   RO         2645    i.TIM_GetFlagStatus  stm32f10x_tim.o
    0x080019be   0x080019be   0x00000002   PAD
    0x080019c0   0x080019c0   0x000000ac   Code   RO         2648    i.TIM_ICInit        stm32f10x_tim.o
    0x08001a6c   0x08001a6c   0x00000012   Code   RO         2649    i.TIM_ICStructInit  stm32f10x_tim.o
    0x08001a7e   0x08001a7e   0x00000012   Code   RO         2650    i.TIM_ITConfig      stm32f10x_tim.o
    0x08001a90   0x08001a90   0x00000098   Code   RO         2654    i.TIM_OC1Init       stm32f10x_tim.o
    0x08001b28   0x08001b28   0x00000012   Code   RO         2657    i.TIM_OC1PreloadConfig  stm32f10x_tim.o
    0x08001b3a   0x08001b3a   0x00000002   PAD
    0x08001b3c   0x08001b3c   0x000000a4   Code   RO         2659    i.TIM_OC2Init       stm32f10x_tim.o
    0x08001be0   0x08001be0   0x0000001a   Code   RO         2662    i.TIM_OC2PreloadConfig  stm32f10x_tim.o
    0x08001bfa   0x08001bfa   0x00000002   PAD
    0x08001bfc   0x08001bfc   0x000000a0   Code   RO         2664    i.TIM_OC3Init       stm32f10x_tim.o
    0x08001c9c   0x08001c9c   0x00000012   Code   RO         2667    i.TIM_OC3PreloadConfig  stm32f10x_tim.o
    0x08001cae   0x08001cae   0x00000004   Code   RO         2690    i.TIM_SetCounter    stm32f10x_tim.o
    0x08001cb2   0x08001cb2   0x00000012   Code   RO         2691    i.TIM_SetIC1Prescaler  stm32f10x_tim.o
    0x08001cc4   0x08001cc4   0x0000001a   Code   RO         2692    i.TIM_SetIC2Prescaler  stm32f10x_tim.o
    0x08001cde   0x08001cde   0x00000012   Code   RO         2693    i.TIM_SetIC3Prescaler  stm32f10x_tim.o
    0x08001cf0   0x08001cf0   0x0000001a   Code   RO         2694    i.TIM_SetIC4Prescaler  stm32f10x_tim.o
    0x08001d0a   0x08001d0a   0x00000002   PAD
    0x08001d0c   0x08001d0c   0x000000a4   Code   RO         2696    i.TIM_TimeBaseInit  stm32f10x_tim.o
    0x08001db0   0x08001db0   0x00000012   Code   RO         2697    i.TIM_TimeBaseStructInit  stm32f10x_tim.o
    0x08001dc2   0x08001dc2   0x00000002   PAD
    0x08001dc4   0x08001dc4   0x00000088   Code   RO          330    i.USART1_IRQHandler  usart.o
    0x08001e4c   0x08001e4c   0x00000018   Code   RO         3161    i.USART_Cmd         stm32f10x_usart.o
    0x08001e64   0x08001e64   0x00000054   Code   RO         3165    i.USART_GetITStatus  stm32f10x_usart.o
    0x08001eb8   0x08001eb8   0x0000004a   Code   RO         3167    i.USART_ITConfig    stm32f10x_usart.o
    0x08001f02   0x08001f02   0x00000002   PAD
    0x08001f04   0x08001f04   0x000000d8   Code   RO         3168    i.USART_Init        stm32f10x_usart.o
    0x08001fdc   0x08001fdc   0x0000000a   Code   RO         3175    i.USART_ReceiveData  stm32f10x_usart.o
    0x08001fe6   0x08001fe6   0x00000004   Code   RO          160    i.UsageFault_Handler  stm32f10x_it.o
    0x08001fea   0x08001fea   0x00000028   Code   RO         3836    i.__ARM_fpclassify  m_ws.l(fpclassify.o)
    0x08002012   0x08002012   0x00000002   PAD
    0x08002014   0x08002014   0x00000388   Code   RO         3754    i.__ieee754_rem_pio2  m_ws.l(rred.o)
    0x0800239c   0x0800239c   0x000000fc   Code   RO         3737    i.__kernel_cos      m_ws.l(cos_i.o)
    0x08002498   0x08002498   0x000000aa   Code   RO         3838    i.__kernel_poly     m_ws.l(poly.o)
    0x08002542   0x08002542   0x00000002   PAD
    0x08002544   0x08002544   0x000000ec   Code   RO         3759    i.__kernel_sin      m_ws.l(sin_i.o)
    0x08002630   0x08002630   0x00000006   Code   RO         3741    i.__mathlib_dbl_infnan  m_ws.l(dunder.o)
    0x08002636   0x08002636   0x0000000c   Code   RO         3743    i.__mathlib_dbl_invalid  m_ws.l(dunder.o)
    0x08002642   0x08002642   0x00000002   PAD
    0x08002644   0x08002644   0x00000010   Code   RO         3746    i.__mathlib_dbl_underflow  m_ws.l(dunder.o)
    0x08002654   0x08002654   0x00000006   Code   RO          331    i._sys_exit         usart.o
    0x0800265a   0x0800265a   0x0000001e   Code   RO         3479    i.abs_num           control.o
    0x08002678   0x08002678   0x000000b4   Code   RO         3391    i.calculate_encoder_velocity  encoder.o
    0x0800272c   0x0800272c   0x00000050   Code   RO         3480    i.control_encoder_init  control.o
    0x0800277c   0x0800277c   0x00000248   Code   RO         3512    i.coordinates_to_wheelvelocity_changeover  moving.o
    0x080029c4   0x080029c4   0x0000009c   Code   RO         3701    i.cos               m_ws.l(cos.o)
    0x08002a60   0x08002a60   0x00000044   Code   RO          275    i.delay_init        delay.o
    0x08002aa4   0x08002aa4   0x00000010   Code   RO         3392    i.encoder_init      encoder.o
    0x08002ab4   0x08002ab4   0x000000a4   Code   RO         3393    i.encoder_init_TIM3  encoder.o
    0x08002b58   0x08002b58   0x000000a4   Code   RO         3394    i.encoder_init_TIM4  encoder.o
    0x08002bfc   0x08002bfc   0x000000a4   Code   RO         3395    i.encoder_init_TIM5  encoder.o
    0x08002ca0   0x08002ca0   0x0000001c   Code   RO          332    i.fputc             usart.o
    0x08002cbc   0x08002cbc   0x0000002a   Code   RO         3552    i.limit_value       pid.o
    0x08002ce6   0x08002ce6   0x00000002   PAD
    0x08002ce8   0x08002ce8   0x00000058   Code   RO            1    i.main              main.o
    0x08002d40   0x08002d40   0x00000060   Code   RO         3481    i.motor_velocity_control  control.o
    0x08002da0   0x08002da0   0x000000c4   Code   RO         3553    i.pid_position_calculate  pid.o
    0x08002e64   0x08002e64   0x00000020   Code   RO         3555    i.pidinit           pid.o
    0x08002e84   0x08002e84   0x000000bc   Code   RO         3440    i.pwminit           motor.o
    0x08002f40   0x08002f40   0x00000058   Code   RO         3396    i.read_encoder      encoder.o
    0x08002f98   0x08002f98   0x00000140   Code   RO         3482    i.set_motor         control.o
    0x080030d8   0x080030d8   0x000000a0   Code   RO         3709    i.sin               m_ws.l(sin.o)
    0x08003178   0x08003178   0x000000bc   Code   RO         3528    i.task_frequence_loop  task.o
    0x08003234   0x08003234   0x0000005e   Code   RO         3458    i.timinit           tim.o
    0x08003292   0x08003292   0x00000002   PAD
    0x08003294   0x08003294   0x000000a0   Code   RO          333    i.uart_init         usart.o
    0x08003334   0x08003334   0x0000002c   Code   RO         3826    locale$$code        c_w.l(lc_numeric_c.o)
    0x08003360   0x08003360   0x00000062   Code   RO         3648    x$fpl$d2f           fz_ws.l(d2f.o)
    0x080033c2   0x080033c2   0x00000002   PAD
    0x080033c4   0x080033c4   0x00000150   Code   RO         3650    x$fpl$dadd          fz_ws.l(daddsub_clz.o)
    0x08003514   0x08003514   0x00000010   Code   RO         3902    x$fpl$dcheck1       fz_ws.l(dcheck1.o)
    0x08003524   0x08003524   0x000002b0   Code   RO         3657    x$fpl$ddiv          fz_ws.l(ddiv.o)
    0x080037d4   0x080037d4   0x0000005e   Code   RO         3828    x$fpl$dfix          fz_ws.l(dfix.o)
    0x08003832   0x08003832   0x0000002e   Code   RO         3661    x$fpl$dflt          fz_ws.l(dflt_clz.o)
    0x08003860   0x08003860   0x00000026   Code   RO         3660    x$fpl$dfltu         fz_ws.l(dflt_clz.o)
    0x08003886   0x08003886   0x00000002   PAD
    0x08003888   0x08003888   0x00000154   Code   RO         3666    x$fpl$dmul          fz_ws.l(dmul.o)
    0x080039dc   0x080039dc   0x0000009c   Code   RO         3726    x$fpl$dnaninf       fz_ws.l(dnaninf.o)
    0x08003a78   0x08003a78   0x0000000c   Code   RO         3728    x$fpl$dretinf       fz_ws.l(dretinf.o)
    0x08003a84   0x08003a84   0x00000016   Code   RO         3651    x$fpl$drsb          fz_ws.l(daddsub_clz.o)
    0x08003a9a   0x08003a9a   0x00000002   PAD
    0x08003a9c   0x08003a9c   0x000001d4   Code   RO         3652    x$fpl$dsub          fz_ws.l(daddsub_clz.o)
    0x08003c70   0x08003c70   0x00000056   Code   RO         3668    x$fpl$f2d           fz_ws.l(f2d.o)
    0x08003cc6   0x08003cc6   0x00000002   PAD
    0x08003cc8   0x08003cc8   0x000000c4   Code   RO         3670    x$fpl$fadd          fz_ws.l(faddsub_clz.o)
    0x08003d8c   0x08003d8c   0x00000018   Code   RO         3730    x$fpl$fcmpinf       fz_ws.l(fcmpi.o)
    0x08003da4   0x08003da4   0x00000068   Code   RO         3676    x$fpl$feqf          fz_ws.l(feqf.o)
    0x08003e0c   0x08003e0c   0x00000036   Code   RO         3678    x$fpl$ffix          fz_ws.l(ffix.o)
    0x08003e42   0x08003e42   0x00000002   PAD
    0x08003e44   0x08003e44   0x0000003e   Code   RO         3682    x$fpl$ffixu         fz_ws.l(ffixu.o)
    0x08003e82   0x08003e82   0x00000002   PAD
    0x08003e84   0x08003e84   0x00000030   Code   RO         3687    x$fpl$fflt          fz_ws.l(fflt_clz.o)
    0x08003eb4   0x08003eb4   0x00000068   Code   RO         3692    x$fpl$fleqf         fz_ws.l(fleqf.o)
    0x08003f1c   0x08003f1c   0x00000102   Code   RO         3694    x$fpl$fmul          fz_ws.l(fmul.o)
    0x0800401e   0x0800401e   0x0000008c   Code   RO         3732    x$fpl$fnaninf       fz_ws.l(fnaninf.o)
    0x080040aa   0x080040aa   0x0000000a   Code   RO         3734    x$fpl$fretinf       fz_ws.l(fretinf.o)
    0x080040b4   0x080040b4   0x00000062   Code   RO         3696    x$fpl$frleqf        fz_ws.l(frleqf.o)
    0x08004116   0x08004116   0x00000002   PAD
    0x08004118   0x08004118   0x000000ea   Code   RO         3672    x$fpl$fsub          fz_ws.l(faddsub_clz.o)
    0x08004202   0x08004202   0x00000004   Code   RO         3698    x$fpl$printf1       fz_ws.l(printf1.o)
    0x08004206   0x08004206   0x00000064   Code   RO         3910    x$fpl$retnan        fz_ws.l(retnan.o)
    0x0800426a   0x0800426a   0x0000005c   Code   RO         3834    x$fpl$scalbn        fz_ws.l(scalbn.o)
    0x080042c6   0x080042c6   0x00000030   Code   RO         3923    x$fpl$trapveneer    fz_ws.l(trapv.o)
    0x080042f6   0x080042f6   0x00000000   Code   RO         3736    x$fpl$usenofp       fz_ws.l(usenofp.o)
    0x080042f6   0x080042f6   0x00000002   PAD
    0x080042f8   0x080042f8   0x00000030   Data   RO         3738    .constdata          m_ws.l(cos_i.o)
    0x08004328   0x08004328   0x000000c8   Data   RO         3756    .constdata          m_ws.l(rred.o)
    0x080043f0   0x080043f0   0x00000028   Data   RO         3760    .constdata          m_ws.l(sin_i.o)
    0x08004418   0x08004418   0x00000094   Data   RO         3797    .constdata          c_w.l(bigflt0.o)
    0x080044ac   0x080044ac   0x000000b7   Data   RO         3529    .conststring        task.o
    0x08004563   0x08004563   0x00000001   PAD
    0x08004564   0x08004564   0x00000020   Data   RO         3983    Region$$Table       anon$$obj.o
    0x08004584   0x08004584   0x0000001c   Data   RO         3825    locale$$data        c_w.l(lc_numeric_c.o)


    Execution Region ER_RW (Exec base: 0x20000000, Load base: 0x080045a0, Size: 0x0000003c, Max: 0xffffffff, ABSOLUTE)

    Exec Addr    Load Addr    Size         Type   Attr      Idx    E Section Name        Object

    0x20000000   0x080045a0   0x00000014   Data   RW          245    .data               system_stm32f10x.o
    0x20000014   0x080045b4   0x00000004   Data   RW          278    .data               delay.o
    0x20000018   0x080045b8   0x00000006   Data   RW          335    .data               usart.o
    0x2000001e   0x080045be   0x00000014   Data   RW         2021    .data               stm32f10x_rcc.o
    0x20000032   0x080045d2   0x00000002   PAD
    0x20000034   0x080045d4   0x00000005   Data   RW         3513    .data               moving.o
    0x20000039   0x080045d9   0x00000001   PAD
    0x2000003a   0x080045da   0x00000002   Data   RW         3530    .data               task.o


    Execution Region ER_ZI (Exec base: 0x2000003c, Load base: 0x080045dc, Size: 0x000007f4, Max: 0xffffffff, ABSOLUTE)

    Exec Addr    Load Addr    Size         Type   Attr      Idx    E Section Name        Object

    0x2000003c        -       0x00000014   Zero   RW            2    .bss                main.o
    0x20000050        -       0x000000c8   Zero   RW          334    .bss                usart.o
    0x20000118        -       0x00000018   Zero   RW         3397    .bss                encoder.o
    0x20000130        -       0x0000009c   Zero   RW         3483    .bss                control.o
    0x200001cc        -       0x00000060   Zero   RW         3841    .bss                c_w.l(libspace.o)
    0x2000022c   0x080045dc   0x00000004   PAD
    0x20000230        -       0x00000200   Zero   RW          382    HEAP                startup_stm32f10x_hd.o
    0x20000430        -       0x00000400   Zero   RW          381    STACK               startup_stm32f10x_hd.o


==============================================================================

Image component sizes


      Code (inc. data)   RO Data    RW Data    ZI Data      Debug   Object Name

       526         62          0          0        156       2926   control.o
        68         18          0          4          0        633   delay.o
       776         66          0          0         24       3965   encoder.o
        88         10          0          0         20     255227   main.o
       172         22          0          0          0       1969   misc.o
       232         12          0          0          0       1151   motor.o
       584         56          0          5          0        814   moving.o
       270          8          0          0          0       2229   pid.o
        64         26        304          0       1536        776   startup_stm32f10x_hd.o
       278          0          0          0          0       1920   stm32f10x_gpio.o
        26          0          0          0          0       3514   stm32f10x_it.o
       276         32          0         20          0       4330   stm32f10x_rcc.o
      1770        190          0          0          0      16850   stm32f10x_tim.o
       408          6          0          0          0       4878   stm32f10x_usart.o
         0          0          0          0          0         32   sys.o
       328         28          0         20          0       1977   system_stm32f10x.o
       328         32        183          2          0       1532   task.o
       134          6          0          0          0       1036   tim.o
       330         26          0          6        200       4040   usart.o

    ----------------------------------------------------------------------
      6682        600        520         60       1936     309799   Object Totals
         0          0         32          0          0          0   (incl. Generated)
        24          0          1          3          0          0   (incl. Padding)

    ----------------------------------------------------------------------

      Code (inc. data)   RO Data    RW Data    ZI Data      Debug   Library Member Name

         8          0          0          0          0         68   __main.o
       104          0          0          0          0         84   __printf.o
         0          0          0          0          0          0   __rtentry.o
        12          0          0          0          0          0   __rtentry2.o
         6          0          0          0          0          0   __rtentry4.o
        52          8          0          0          0          0   __scatter.o
        26          0          0          0          0          0   __scatter_copy.o
        28          0          0          0          0          0   __scatter_zi.o
        48          6          0          0          0         96   _printf_char_common.o
        36          4          0          0          0         80   _printf_char_file.o
         6          0          0          0          0          0   _printf_f.o
      1054          0          0          0          0        216   _printf_fp_dec.o
       128         16          0          0          0         84   _printf_fp_infnan.o
         0          0          0          0          0          0   _printf_percent.o
         4          0          0          0          0          0   _printf_percent_end.o
        22          0          0          0          0        100   _rserrno.o
       228          4        148          0          0         96   bigflt0.o
      1936        128          0          0          0        672   btod.o
        18          0          0          0          0         80   exit.o
         8          0          0          0          0         68   ferror.o
         6          0          0          0          0        152   heapauxi.o
        44         10         28          0          0         76   lc_numeric_c.o
         2          0          0          0          0          0   libinit.o
        18          0          0          0          0          0   libinit2.o
         2          0          0          0          0          0   libshutdown.o
         2          0          0          0          0          0   libshutdown2.o
         8          4          0          0         96         68   libspace.o
       138          0          0          0          0         80   lludiv10.o
        24          4          0          0          0         84   noretval__2printf.o
         8          4          0          0          0         68   rt_errno_addr_intlibspace.o
         8          4          0          0          0         68   rt_locale_intlibspace.o
         2          0          0          0          0          0   rtexit.o
        10          0          0          0          0          0   rtexit2.o
       128          0          0          0          0         68   strcmpv7m.o
        74          0          0          0          0         80   sys_stackheap_outer.o
         2          0          0          0          0         68   use_no_semi.o
         2          0          0          0          0         68   use_no_semi_2.o
        98          4          0          0          0         92   d2f.o
       826         16          0          0          0        348   daddsub_clz.o
        16          4          0          0          0         68   dcheck1.o
       688        140          0          0          0        208   ddiv.o
        94          4          0          0          0         92   dfix.o
        84          0          0          0          0        136   dflt_clz.o
       340         12          0          0          0        104   dmul.o
       156          4          0          0          0         92   dnaninf.o
        12          0          0          0          0         68   dretinf.o
        86          4          0          0          0         84   f2d.o
       430          8          0          0          0        168   faddsub_clz.o
        24          0          0          0          0         68   fcmpi.o
       104          4          0          0          0         84   feqf.o
        54          4          0          0          0         84   ffix.o
        62          4          0          0          0         84   ffixu.o
        48          0          0          0          0         68   fflt_clz.o
       104          4          0          0          0         84   fleqf.o
       258          4          0          0          0         84   fmul.o
       140          4          0          0          0         84   fnaninf.o
        10          0          0          0          0         68   fretinf.o
        98          0          0          0          0         68   frleqf.o
         4          0          0          0          0         68   printf1.o
       100          0          0          0          0         68   retnan.o
        92          0          0          0          0         68   scalbn.o
        48          0          0          0          0         68   trapv.o
         0          0          0          0          0          0   usenofp.o
       156          8          0          0          0        104   cos.o
       252         22         48          0          0        124   cos_i.o
        34          6          0          0          0        204   dunder.o
        40          0          0          0          0         68   fpclassify.o
       170          0          0          0          0         96   poly.o
       904         76        200          0          0        140   rred.o
       160         10          0          0          0        108   sin.o
       236         12         40          0          0        128   sin_i.o

    ----------------------------------------------------------------------
     10158        546        464          0        100       6004   Library Totals
        28          0          0          0          4          0   (incl. Padding)

    ----------------------------------------------------------------------

      Code (inc. data)   RO Data    RW Data    ZI Data      Debug   Library Name

      4202        192        176          0         96       2524   c_w.l
      3976        220          0          0          0       2508   fz_ws.l
      1952        134        288          0          0        972   m_ws.l

    ----------------------------------------------------------------------
     10158        546        464          0        100       6004   Library Totals

    ----------------------------------------------------------------------

==============================================================================


      Code (inc. data)   RO Data    RW Data    ZI Data      Debug   

     16840       1146        984         60       2036     308623   Grand Totals
     16840       1146        984         60       2036     308623   ELF Image Totals
     16840       1146        984         60          0          0   ROM Totals

==============================================================================

    Total RO  Size (Code + RO Data)                17824 (  17.41kB)
    Total RW  Size (RW Data + ZI Data)              2096 (   2.05kB)
    Total ROM Size (Code + RO Data + RW Data)      17884 (  17.46kB)

==============================================================================

