Component: ARM Compiler 5.06 update 1 (build 61) Tool: armlink [4d35a8]

==============================================================================

Section Cross References

    main.o(i.init_all) refers to tim.o(i.timinit) for timinit
    main.o(i.init_all) refers to encoder.o(i.encoder_init_TIM4) for encoder_init_TIM4
    main.o(i.init_all) refers to mpu6050.o(i.mpu6050_init) for mpu6050_init
    main.o(i.init_all) refers to mg995.o(i.mg995_init) for mg995_init
    main.o(i.init_all) refers to vl53l0x.o(i.vl53l0x_init) for vl53l0x_init
    main.o(i.init_all) refers to led.o(i.LED_Init) for LED_Init
    main.o(i.init_all) refers to motor.o(i.Motor_Init) for Motor_Init
    main.o(i.init_all) refers to dial_switch.o(i.dial_switch_init) for dial_switch_init
    main.o(i.init_all) refers to usart3.o(i.usart3_init) for usart3_init
    main.o(i.init_all) refers to usart2.o(i.usart2_init) for usart2_init
    main.o(i.init_all) refers to tcrt5000.o(i.tcrt5000_init) for tcrt5000_init
    main.o(i.init_all) refers to fsm.o(i.fsm_init) for fsm_init
    main.o(i.init_all) refers to control.o(i.control_encoder_init) for control_encoder_init
    main.o(i.init_all) refers to main.o(.data) for dev
    main.o(i.main) refers to misc.o(i.NVIC_PriorityGroupConfig) for NVIC_PriorityGroupConfig
    main.o(i.main) refers to main.o(i.init_all) for init_all
    main.o(i.main) refers to task.o(i.task_frequence_loop) for task_frequence_loop
    system_stm32f10x.o(i.SetSysClock) refers to system_stm32f10x.o(i.SetSysClockTo72) for SetSysClockTo72
    system_stm32f10x.o(i.SystemCoreClockUpdate) refers to system_stm32f10x.o(.data) for SystemCoreClock
    system_stm32f10x.o(i.SystemInit) refers to system_stm32f10x.o(i.SetSysClock) for SetSysClock
    delay.o(i.delay_init) refers to misc.o(i.SysTick_CLKSourceConfig) for SysTick_CLKSourceConfig
    delay.o(i.delay_init) refers to system_stm32f10x.o(.data) for SystemCoreClock
    delay.o(i.delay_init) refers to delay.o(.data) for fac_us
    delay.o(i.delay_ms) refers to delay.o(.data) for fac_ms
    delay.o(i.delay_us) refers to delay.o(.data) for fac_us
    usart.o(i.USART1_IRQHandler) refers (Special) to use_no_semi_2.o(.text) for __use_no_semihosting
    usart.o(i.USART1_IRQHandler) refers to stm32f10x_usart.o(i.USART_GetITStatus) for USART_GetITStatus
    usart.o(i.USART1_IRQHandler) refers to stm32f10x_usart.o(i.USART_ReceiveData) for USART_ReceiveData
    usart.o(i.USART1_IRQHandler) refers to usart.o(.data) for USART_RX_STA
    usart.o(i.USART1_IRQHandler) refers to usart.o(.bss) for USART_RX_BUF
    usart.o(i._sys_exit) refers (Special) to use_no_semi_2.o(.text) for __use_no_semihosting
    usart.o(i.fputc) refers (Special) to use_no_semi_2.o(.text) for __use_no_semihosting
    usart.o(i.uart_init) refers (Special) to use_no_semi_2.o(.text) for __use_no_semihosting
    usart.o(i.uart_init) refers to stm32f10x_rcc.o(i.RCC_APB2PeriphClockCmd) for RCC_APB2PeriphClockCmd
    usart.o(i.uart_init) refers to stm32f10x_gpio.o(i.GPIO_Init) for GPIO_Init
    usart.o(i.uart_init) refers to misc.o(i.NVIC_Init) for NVIC_Init
    usart.o(i.uart_init) refers to stm32f10x_usart.o(i.USART_Init) for USART_Init
    usart.o(i.uart_init) refers to stm32f10x_usart.o(i.USART_ITConfig) for USART_ITConfig
    usart.o(i.uart_init) refers to stm32f10x_usart.o(i.USART_Cmd) for USART_Cmd
    usart.o(.bss) refers (Special) to use_no_semi_2.o(.text) for __use_no_semihosting
    usart.o(.data) refers (Special) to use_no_semi_2.o(.text) for __use_no_semihosting
    startup_stm32f10x_hd.o(STACK) refers (Special) to heapauxi.o(.text) for __use_two_region_memory
    startup_stm32f10x_hd.o(HEAP) refers (Special) to heapauxi.o(.text) for __use_two_region_memory
    startup_stm32f10x_hd.o(RESET) refers (Special) to heapauxi.o(.text) for __use_two_region_memory
    startup_stm32f10x_hd.o(RESET) refers to startup_stm32f10x_hd.o(STACK) for __initial_sp
    startup_stm32f10x_hd.o(RESET) refers to startup_stm32f10x_hd.o(.text) for Reset_Handler
    startup_stm32f10x_hd.o(RESET) refers to stm32f10x_it.o(i.NMI_Handler) for NMI_Handler
    startup_stm32f10x_hd.o(RESET) refers to stm32f10x_it.o(i.HardFault_Handler) for HardFault_Handler
    startup_stm32f10x_hd.o(RESET) refers to stm32f10x_it.o(i.MemManage_Handler) for MemManage_Handler
    startup_stm32f10x_hd.o(RESET) refers to stm32f10x_it.o(i.BusFault_Handler) for BusFault_Handler
    startup_stm32f10x_hd.o(RESET) refers to stm32f10x_it.o(i.UsageFault_Handler) for UsageFault_Handler
    startup_stm32f10x_hd.o(RESET) refers to stm32f10x_it.o(i.SVC_Handler) for SVC_Handler
    startup_stm32f10x_hd.o(RESET) refers to stm32f10x_it.o(i.DebugMon_Handler) for DebugMon_Handler
    startup_stm32f10x_hd.o(RESET) refers to stm32f10x_it.o(i.PendSV_Handler) for PendSV_Handler
    startup_stm32f10x_hd.o(RESET) refers to stm32f10x_it.o(i.SysTick_Handler) for SysTick_Handler
[...]
    .text                                    0x0800023c   Section        0  _printf_str.o(.text)
    .text                                    0x08000290   Section        0  _printf_dec.o(.text)
    .text                                    0x08000308   Section        0  _printf_hex_int.o(.text)
    .text                                    0x08000360   Section        0  __printf_flags_ss_wp.o(.text)
    .text                                    0x080004e8   Section        0  strcpy.o(.text)
    .text                                    0x08000530   Section      100  rt_memcpy_w.o(.text)
    .text                                    0x08000594   Section        0  heapauxi.o(.text)
    .text                                    0x0800059a   Section        2  use_no_semi.o(.text)
    .text                                    0x0800059c   Section        0  _printf_intcommon.o(.text)
    .text                                    0x0800064e   Section        0  _printf_char.o(.text)
    .text                                    0x0800067c   Section        0  _printf_char_file.o(.text)
    .text                                    0x080006a0   Section        0  _printf_char_common.o(.text)
    _printf_input_char                       0x080006a1   Thumb Code    10  _printf_char_common.o(.text)
    .text                                    0x080006d0   Section        0  ferror.o(.text)
    .text                                    0x080006d8   Section        8  libspace.o(.text)
    .text                                    0x080006e0   Section       74  sys_stackheap_outer.o(.text)
    .text                                    0x0800072a   Section        0  exit.o(.text)
    i.AT24CXX_Read                           0x0800073c   Section        0  24cxx.o(i.AT24CXX_Read)
    i.AT24CXX_ReadOneByte                    0x0800075e   Section        0  24cxx.o(i.AT24CXX_ReadOneByte)
    i.BusFault_Handler                       0x080007b6   Section        0  stm32f10x_it.o(i.BusFault_Handler)
    i.DebugMon_Handler                       0x080007ba   Section        0  stm32f10x_it.o(i.DebugMon_Handler)
    i.FSM_WORK                               0x080007bc   Section        0  fsm.o(i.FSM_WORK)
    i.GPIO_Init                              0x08000afc   Section        0  stm32f10x_gpio.o(i.GPIO_Init)
    i.GPIO_ResetBits                         0x08000c12   Section        0  stm32f10x_gpio.o(i.GPIO_ResetBits)
    i.GPIO_SetBits                           0x08000c16   Section        0  stm32f10x_gpio.o(i.GPIO_SetBits)
    i.HardFault_Handler                      0x08000c1a   Section        0  stm32f10x_it.o(i.HardFault_Handler)
    i.IIC_Ack                                0x08000c20   Section        0  myiic.o(i.IIC_Ack)
    i.IIC_NAck                               0x08000c70   Section        0  myiic.o(i.IIC_NAck)
    i.IIC_Read_Byte                          0x08000cc0   Section        0  myiic.o(i.IIC_Read_Byte)
    i.IIC_Send_Byte                          0x08000d30   Section        0  myiic.o(i.IIC_Send_Byte)
    i.IIC_Start                              0x08000d98   Section        0  myiic.o(i.IIC_Start)
    i.IIC_Stop                               0x08000de4   Section        0  myiic.o(i.IIC_Stop)
    i.IIC_Wait_Ack                           0x08000e30   Section        0  myiic.o(i.IIC_Wait_Ack)
    i.LED_Init                               0x08000e94   Section        0  led.o(i.LED_Init)
    i.MPU_IIC_Ack                            0x08000edc   Section        0  mpu_iic.o(i.MPU_IIC_Ack)
    i.MPU_IIC_Init                           0x08000f24   Section        0  mpu_iic.o(i.MPU_IIC_Init)
    i.MPU_IIC_NAck                           0x08000f58   Section        0  mpu_iic.o(i.MPU_IIC_NAck)
    i.MPU_IIC_Read_Byte                      0x08000fa0   Section        0  mpu_iic.o(i.MPU_IIC_Read_Byte)
    i.MPU_IIC_Send_Byte                      0x08001008   Section        0  mpu_iic.o(i.MPU_IIC_Send_Byte)
    i.MPU_IIC_Start                          0x08001060   Section        0  mpu_iic.o(i.MPU_IIC_Start)
    i.MPU_IIC_Stop                           0x080010a4   Section        0  mpu_iic.o(i.MPU_IIC_Stop)
    i.MPU_IIC_Wait_Ack                       0x080010e8   Section        0  mpu_iic.o(i.MPU_IIC_Wait_Ack)
    i.MPU_Read_Byte                          0x08001148   Section        0  mpu6050.o(i.MPU_Read_Byte)
    i.MPU_Set_Accel_Fsr                      0x08001182   Section        0  mpu6050.o(i.MPU_Set_Accel_Fsr)
    i.MPU_Set_Gyro_Fsr                       0x08001190   Section        0  mpu6050.o(i.MPU_Set_Gyro_Fsr)
    i.MPU_Set_LPF                            0x080011a0   Section        0  mpu6050.o(i.MPU_Set_LPF)
    i.MPU_Set_Rate                           0x080011d8   Section        0  mpu6050.o(i.MPU_Set_Rate)
    i.MPU_Write_Byte                         0x08001212   Section        0  mpu6050.o(i.MPU_Write_Byte)
    i.MemManage_Handler                      0x08001260   Section        0  stm32f10x_it.o(i.MemManage_Handler)
    i.Motor_Init                             0x08001264   Section        0  motor.o(i.Motor_Init)
    i.NMI_Handler                            0x08001290   Section        0  stm32f10x_it.o(i.NMI_Handler)
    i.NVIC_Init                              0x08001294   Section        0  misc.o(i.NVIC_Init)
    i.NVIC_PriorityGroupConfig               0x08001304   Section        0  misc.o(i.NVIC_PriorityGroupConfig)
    i.PendSV_Handler                         0x08001318   Section        0  stm32f10x_it.o(i.PendSV_Handler)
    i.RCC_APB1PeriphClockCmd                 0x0800131c   Section        0  stm32f10x_rcc.o(i.RCC_APB1PeriphClockCmd)
    i.RCC_APB2PeriphClockCmd                 0x0800133c   Section        0  stm32f10x_rcc.o(i.RCC_APB2PeriphClockCmd)
    i.RCC_GetClocksFreq                      0x0800135c   Section        0  stm32f10x_rcc.o(i.RCC_GetClocksFreq)
    i.SVC_Handler                            0x08001430   Section        0  stm32f10x_it.o(i.SVC_Handler)
    i.SetSysClock                            0x08001432   Section        0  system_stm32f10x.o(i.SetSysClock)
    SetSysClock                              0x08001433   Thumb Code     8  system_stm32f10x.o(i.SetSysClock)
    i.SetSysClockTo72                        0x0800143c   Section        0  system_stm32f10x.o(i.SetSysClockTo72)
    SetSysClockTo72                          0x0800143d   Thumb Code   214  system_stm32f10x.o(i.SetSysClockTo72)
    i.SysTick_Handler                        0x0800151c   Section        0  stm32f10x_it.o(i.SysTick_Handler)
    i.SystemInit                             0x08001520   Section        0  system_stm32f10x.o(i.SystemInit)
    i.TI1_Config                             0x08001580   Section        0  stm32f10x_tim.o(i.TI1_Config)
    TI1_Config                               0x08001581   Thumb Code   108  stm32f10x_tim.o(i.TI1_Config)
    i.TI2_Config                             0x08001600   Section        0  stm32f10x_tim.o(i.TI2_Config)
    TI2_Config                               0x08001601   Thumb Code   130  stm32f10x_tim.o(i.TI2_Config)
    i.TI3_Config                             0x08001698   Section        0  stm32f10x_tim.o(i.TI3_Config)
    TI3_Config                               0x08001699   Thumb Code   122  stm32f10x_tim.o(i.TI3_Config)
    i.TI4_Config                             0x08001728   Section        0  stm32f10x_tim.o(i.TI4_Config)
    TI4_Config                               0x08001729   Thumb Code   130  stm32f10x_tim.o(i.TI4_Config)
    i.TIM2_IRQHandler                        0x080017c0   Section        0  tim.o(i.TIM2_IRQHandler)
    i.TIM_ClearITPendingBit                  0x08001838   Section        0  stm32f10x_tim.o(i.TIM_ClearITPendingBit)
    i.TIM_Cmd                                0x0800183e   Section        0  stm32f10x_tim.o(i.TIM_Cmd)
    i.TIM_CtrlPWMOutputs                     0x08001856   Section        0  stm32f10x_tim.o(i.TIM_CtrlPWMOutputs)
    i.TIM_EncoderInterfaceConfig             0x08001874   Section        0  stm32f10x_tim.o(i.TIM_EncoderInterfaceConfig)
    i.TIM_GetITStatus                        0x080018b6   Section        0  stm32f10x_tim.o(i.TIM_GetITStatus)
    i.TIM_ICInit                             0x080018d8   Section        0  stm32f10x_tim.o(i.TIM_ICInit)
    i.TIM_ICStructInit                       0x08001984   Section        0  stm32f10x_tim.o(i.TIM_ICStructInit)
    i.TIM_ITConfig                           0x08001996   Section        0  stm32f10x_tim.o(i.TIM_ITConfig)
    i.TIM_OC1Init                            0x080019a8   Section        0  stm32f10x_tim.o(i.TIM_OC1Init)
    i.TIM_SetIC1Prescaler                    0x08001a40   Section        0  stm32f10x_tim.o(i.TIM_SetIC1Prescaler)
    i.TIM_SetIC2Prescaler                    0x08001a52   Section        0  stm32f10x_tim.o(i.TIM_SetIC2Prescaler)
    i.TIM_SetIC3Prescaler                    0x08001a6c   Section        0  stm32f10x_tim.o(i.TIM_SetIC3Prescaler)
    i.TIM_SetIC4Prescaler                    0x08001a7e   Section        0  stm32f10x_tim.o(i.TIM_SetIC4Prescaler)
    i.TIM_TimeBaseInit                       0x08001a98   Section        0  stm32f10x_tim.o(i.TIM_TimeBaseInit)
    i.UART4_IRQHandler                       0x08001b3c   Section        0  uart4.o(i.UART4_IRQHandler)
    i.USART1_IRQHandler                      0x08001b60   Section        0  usart.o(i.USART1_IRQHandler)
    i.USART2_IRQHandler                      0x08001be8   Section        0  usart2.o(i.USART2_IRQHandler)
    i.USART3_IRQHandler                      0x08001c14   Section        0  usart3.o(i.USART3_IRQHandler)
    i.USART_Cmd                              0x08001c44   Section        0  stm32f10x_usart.o(i.USART_Cmd)
    i.USART_GetITStatus                      0x08001c5c   Section        0  stm32f10x_usart.o(i.USART_GetITStatus)
    i.USART_ITConfig                         0x08001cb0   Section        0  stm32f10x_usart.o(i.USART_ITConfig)
    i.USART_Init                             0x08001cfc   Section        0  stm32f10x_usart.o(i.USART_Init)
    i.USART_ReceiveData                      0x08001dd4   Section        0  stm32f10x_usart.o(i.USART_ReceiveData)
    i.UsageFault_Handler                     0x08001dde   Section        0  stm32f10x_it.o(i.UsageFault_Handler)
    i.VL53L0X_DataInit                       0x08001de4   Section        0  vl53l0x_api.o(i.VL53L0X_DataInit)
    i.VL53L0X_GetDeviceInfo                  0x08001f90   Section        0  vl53l0x_api.o(i.VL53L0X_GetDeviceInfo)
    i.VL53L0X_GetDeviceMode                  0x08001fa6   Section        0  vl53l0x_api.o(i.VL53L0X_GetDeviceMode)
    i.VL53L0X_GetDeviceParameters            0x08001fb0   Section        0  vl53l0x_api.o(i.VL53L0X_GetDeviceParameters)
    i.VL53L0X_GetInterMeasurementPeriodMilliSeconds 0x08002050   Section        0  vl53l0x_api.o(i.VL53L0X_GetInterMeasurementPeriodMilliSeconds)
    i.VL53L0X_GetLimitCheckEnable            0x0800208e   Section        0  vl53l0x_api.o(i.VL53L0X_GetLimitCheckEnable)
    i.VL53L0X_GetLimitCheckValue             0x080020aa   Section        0  vl53l0x_api.o(i.VL53L0X_GetLimitCheckValue)
    i.VL53L0X_GetMeasurementTimingBudgetMicroSeconds 0x08002160   Section        0  vl53l0x_api.o(i.VL53L0X_GetMeasurementTimingBudgetMicroSeconds)
    i.VL53L0X_GetOffsetCalibrationDataMicroMeter 0x08002176   Section        0  vl53l0x_api.o(i.VL53L0X_GetOffsetCalibrationDataMicroMeter)
    i.VL53L0X_GetPalErrorString              0x0800218c   Section        0  vl53l0x_api.o(i.VL53L0X_GetPalErrorString)
    i.VL53L0X_GetSequenceStepEnables         0x080021a2   Section        0  vl53l0x_api.o(i.VL53L0X_GetSequenceStepEnables)
    i.VL53L0X_GetVcselPulsePeriod            0x08002218   Section        0  vl53l0x_api.o(i.VL53L0X_GetVcselPulsePeriod)
    i.VL53L0X_GetWrapAroundCheckEnable       0x08002236   Section        0  vl53l0x_api.o(i.VL53L0X_GetWrapAroundCheckEnable)
    i.VL53L0X_GetXTalkCompensationRateMegaCps 0x08002274   Section        0  vl53l0x_api.o(i.VL53L0X_GetXTalkCompensationRateMegaCps)
    i.VL53L0X_PollingDelay                   0x080022ac   Section        0  vl53l0x_platform.o(i.VL53L0X_PollingDelay)
    i.VL53L0X_RdByte                         0x080022c6   Section        0  vl53l0x_platform.o(i.VL53L0X_RdByte)
    i.VL53L0X_RdDWord                        0x080022f2   Section        0  vl53l0x_platform.o(i.VL53L0X_RdDWord)
    i.VL53L0X_RdWord                         0x0800231e   Section        0  vl53l0x_platform.o(i.VL53L0X_RdWord)
    i.VL53L0X_SetDeviceAddress               0x0800234a   Section        0  vl53l0x_api.o(i.VL53L0X_SetDeviceAddress)
    i.VL53L0X_SetLimitCheckEnable            0x0800236e   Section        0  vl53l0x_api.o(i.VL53L0X_SetLimitCheckEnable)
    i.VL53L0X_SetLimitCheckValue             0x08002430   Section        0  vl53l0x_api.o(i.VL53L0X_SetLimitCheckValue)
    i.VL53L0X_UpdateByte                     0x080024a6   Section        0  vl53l0x_platform.o(i.VL53L0X_UpdateByte)
    i.VL53L0X_WrByte                         0x080024f8   Section        0  vl53l0x_platform.o(i.VL53L0X_WrByte)
    i.VL53L0X_WrWord                         0x08002524   Section        0  vl53l0x_platform.o(i.VL53L0X_WrWord)
    i.VL53L0X_calc_macro_period_ps           0x08002550   Section        0  vl53l0x_api_core.o(i.VL53L0X_calc_macro_period_ps)
    i.VL53L0X_calc_timeout_us                0x08002566   Section        0  vl53l0x_api_core.o(i.VL53L0X_calc_timeout_us)
    i.VL53L0X_check_part_used                0x0800259c   Section        0  vl53l0x_api_strings.o(i.VL53L0X_check_part_used)
    i.VL53L0X_decode_timeout                 0x080025ec   Section        0  vl53l0x_api_core.o(i.VL53L0X_decode_timeout)
    i.VL53L0X_decode_vcsel_period            0x080025fa   Section        0  vl53l0x_api_core.o(i.VL53L0X_decode_vcsel_period)
    i.VL53L0X_device_read_strobe             0x08002606   Section        0  vl53l0x_api_core.o(i.VL53L0X_device_read_strobe)
    i.VL53L0X_get_device_info                0x08002658   Section        0  vl53l0x_api_strings.o(i.VL53L0X_get_device_info)
    i.VL53L0X_get_info_from_device           0x08002734   Section        0  vl53l0x_api_core.o(i.VL53L0X_get_info_from_device)
    i.VL53L0X_get_measurement_timing_budget_micro_seconds 0x08002c7e   Section        0  vl53l0x_api_core.o(i.VL53L0X_get_measurement_timing_budget_micro_seconds)
    i.VL53L0X_get_offset_calibration_data_micro_meter 0x08002d6c   Section        0  vl53l0x_api_calibration.o(i.VL53L0X_get_offset_calibration_data_micro_meter)
    i.VL53L0X_get_pal_error_string           0x08002dc4   Section        0  vl53l0x_api_strings.o(i.VL53L0X_get_pal_error_string)
    i.VL53L0X_get_vcsel_pulse_period         0x08003090   Section        0  vl53l0x_api_core.o(i.VL53L0X_get_vcsel_pulse_period)
    i.VL53L0X_read_byte                      0x080030d6   Section        0  vl53l0x_i2c.o(i.VL53L0X_read_byte)
    i.VL53L0X_read_dword                     0x080030f6   Section        0  vl53l0x_i2c.o(i.VL53L0X_read_dword)
    i.VL53L0X_read_multi                     0x08003130   Section        0  vl53l0x_i2c.o(i.VL53L0X_read_multi)
    i.VL53L0X_read_word                      0x08003158   Section        0  vl53l0x_i2c.o(i.VL53L0X_read_word)
    i.VL53L0X_write_byte                     0x08003182   Section        0  vl53l0x_i2c.o(i.VL53L0X_write_byte)
    i.VL53L0X_write_multi                    0x0800319c   Section        0  vl53l0x_i2c.o(i.VL53L0X_write_multi)
    i.VL53L0X_write_word                     0x080031c4   Section        0  vl53l0x_i2c.o(i.VL53L0X_write_word)
    i.VL_IIC_Ack                             0x0800321c   Section        0  vl53l0x_i2c.o(i.VL_IIC_Ack)
    i.VL_IIC_NAck                            0x0800326c   Section        0  vl53l0x_i2c.o(i.VL_IIC_NAck)
    i.VL_IIC_Read_Byte                       0x080032bc   Section        0  vl53l0x_i2c.o(i.VL_IIC_Read_Byte)
    i.VL_IIC_Read_nByte                      0x0800332c   Section        0  vl53l0x_i2c.o(i.VL_IIC_Read_nByte)
    i.VL_IIC_Send_Byte                       0x08003398   Section        0  vl53l0x_i2c.o(i.VL_IIC_Send_Byte)
    i.VL_IIC_Start                           0x0800340c   Section        0  vl53l0x_i2c.o(i.VL_IIC_Start)
    i.VL_IIC_Stop                            0x08003458   Section        0  vl53l0x_i2c.o(i.VL_IIC_Stop)
    i.VL_IIC_Wait_Ack                        0x080034a4   Section        0  vl53l0x_i2c.o(i.VL_IIC_Wait_Ack)
    i.VL_IIC_Write_nByte                     0x08003508   Section        0  vl53l0x_i2c.o(i.VL_IIC_Write_nByte)
    i._is_digit                              0x08003558   Section        0  __printf_wp.o(i._is_digit)
    i._sys_exit                              0x08003566   Section        0  usart.o(i._sys_exit)
    i.calculate_grab_and_put_order           0x0800356c   Section        0  vision.o(i.calculate_grab_and_put_order)
    i.control_encoder_init                   0x080035e8   Section        0  control.o(i.control_encoder_init)
    i.delay_ms                               0x08003674   Section        0  delay.o(i.delay_ms)
    i.delay_us                               0x080036c0   Section        0  delay.o(i.delay_us)
    i.dial_switch_init                       0x0800370c   Section        0  dial_switch.o(i.dial_switch_init)
    i.encoder_init_TIM4                      0x08003744   Section        0  encoder.o(i.encoder_init_TIM4)
    i.fputc                                  0x080037c8   Section        0  usart.o(i.fputc)
    i.fsm_init                               0x080037e4   Section        0  fsm.o(i.fsm_init)
    i.get_sequence_step_timeout              0x08003824   Section        0  vl53l0x_api_core.o(i.get_sequence_step_timeout)
    i.init_all                               0x08003948   Section        0  main.o(i.init_all)
    i.main                                   0x0800399c   Section        0  main.o(i.main)
    i.mg995_init                             0x080039b4   Section        0  mg995.o(i.mg995_init)
    i.mpu6050_init                           0x08003a40   Section        0  mpu6050.o(i.mpu6050_init)
    i.pidinit                                0x08003ab2   Section        0  pid.o(i.pidinit)
    i.print_pal_error                        0x08003aec   Section        0  vl53l0x.o(i.print_pal_error)
    i.read_encoder                           0x08003b20   Section        0  encoder.o(i.read_encoder)
    i.sequence_step_enabled                  0x08003b58   Section        0  vl53l0x_api.o(i.sequence_step_enabled)
    i.task_frequence_loop                    0x08003ba0   Section        0  task.o(i.task_frequence_loop)
    i.tcrt5000_init                          0x08003baa   Section        0  tcrt5000.o(i.tcrt5000_init)
    i.timinit                                0x08003bac   Section        0  tim.o(i.timinit)
    i.usart2_init                            0x08003c0c   Section        0  usart2.o(i.usart2_init)
    i.usart3_init                            0x08003cb0   Section        0  usart3.o(i.usart3_init)
    i.vl53l0x_Addr_set                       0x08003d58   Section        0  vl53l0x.o(i.vl53l0x_Addr_set)
    i.vl53l0x_init                           0x08003dfc   Section        0  vl53l0x.o(i.vl53l0x_init)
    x$fpl$ffltu                              0x08003ee0   Section       38  fflt_clz.o(x$fpl$ffltu)
    .constdata                               0x08003f06   Section       40  _printf_hex_int.o(.constdata)
    x$fpl$usenofp                            0x08003f06   Section        0  usenofp.o(x$fpl$usenofp)
    uc_hextab                                0x08003f06   Data          20  _printf_hex_int.o(.constdata)
    lc_hextab                                0x08003f1a   Data          20  _printf_hex_int.o(.constdata)
    .constdata                               0x08003f2e   Section       17  __printf_flags_ss_wp.o(.constdata)
    maptable                                 0x08003f2e   Data          17  __printf_flags_ss_wp.o(.constdata)
    .data                                    0x20000000   Section        4  main.o(.data)
    .data                                    0x20000004   Section        4  delay.o(.data)
    fac_us                                   0x20000004   Data           1  delay.o(.data)
    fac_ms                                   0x20000006   Data           2  delay.o(.data)
    .data                                    0x20000008   Section        6  usart.o(.data)
    .data                                    0x2000000e   Section       20  stm32f10x_rcc.o(.data)
    APBAHBPrescTable                         0x2000000e   Data          16  stm32f10x_rcc.o(.data)
    ADCPrescTable                            0x2000001e   Data           4  stm32f10x_rcc.o(.data)
    .data                                    0x20000022   Section       57  vl53l0x.o(.data)
    .data                                    0x2000005c   Section        4  task.o(.data)
    .data                                    0x20000060   Section       12  fsm.o(.data)
    .data                                    0x2000006c   Section       43  vision.o(.data)
    .bss                                     0x20000098   Section      200  usart.o(.bss)
    .bss                                     0x20000160   Section       48  encoder.o(.bss)
    .bss                                     0x20000190   Section      475  vl53l0x.o(.bss)
    .bss                                     0x2000036c   Section       44  fsm.o(.bss)
    .bss                                     0x20000398   Section      112  control.o(.bss)
    .bss                                     0x20000408   Section       72  feedback.o(.bss)
    .bss                                     0x20000450   Section       96  libspace.o(.bss)
    HEAP                                     0x200004b0   Section      512  startup_stm32f10x_hd.o(HEAP)
    Heap_Mem                                 0x200004b0   Data         512  startup_stm32f10x_hd.o(HEAP)
    STACK                                    0x200006b0   Section     1024  startup_stm32f10x_hd.o(STACK)
    Stack_Mem                                0x200006b0   Data        1024  startup_stm32f10x_hd.o(STACK)
    __initial_sp                             0x20000ab0   Data           0  startup_stm32f10x_hd.o(STACK)

    Global Symbols

    Symbol Name                              Value     Ov Type        Size  Object(Section)

    BuildAttributes$$THM_ISAv4$P$D$K$B$S$PE$A:L22UL41UL21$X:L11$S22US41US21$IEEE1$IW$USESV6$~STKCKD$USESV7$~SHL$OTIME$ROPI$IEEEX$EBA8$UX$STANDARDLIB$REQ8$PRES8$EABIv2 0x00000000   Number         0  anon$$obj.o ABSOLUTE
    __ARM_use_no_argv                        0x00000000   Number         0  main.o ABSOLUTE
    _printf_flags                            0x00000000   Number         0  printf_stubs.o ABSOLUTE
    _printf_return_value                     0x00000000   Number         0  printf_stubs.o ABSOLUTE
    _printf_sizespec                         0x00000000   Number         0  printf_stubs.o ABSOLUTE
    _printf_widthprec                        0x00000000   Number         0  printf_stubs.o ABSOLUTE
    __ARM_exceptions_init                     - Undefined Weak Reference
    __alloca_initialize                       - Undefined Weak Reference
    __arm_preinit_                            - Undefined Weak Reference
    __cpp_initialize__aeabi_                  - Undefined Weak Reference
    __cxa_finalize                            - Undefined Weak Reference
    __rt_locale                               - Undefined Weak Reference
    __sigvec_lookup                           - Undefined Weak Reference
    _atexit_init                              - Undefined Weak Reference
    _call_atexit_fns                          - Undefined Weak Reference
    _clock_init                               - Undefined Weak Reference
    _fp_trap_init                             - Undefined Weak Reference
    _fp_trap_shutdown                         - Undefined Weak Reference
    _get_lc_collate                           - Undefined Weak Reference
    _get_lc_ctype                             - Undefined Weak Reference
    _get_lc_monetary                          - Undefined Weak Reference
    _get_lc_numeric                           - Undefined Weak Reference
    _get_lc_time                              - Undefined Weak Reference
    _getenv_init                              - Undefined Weak Reference
    _handle_redirection                       - Undefined Weak Reference
    _init_alloc                               - Undefined Weak Reference
    _init_user_alloc                          - Undefined Weak Reference
    _initio                                   - Undefined Weak Reference
    _mutex_acquire                            - Undefined Weak Reference
    _mutex_release                            - Undefined Weak Reference
    _printf_mbtowc                            - Undefined Weak Reference
    _printf_truncate_signed                   - Undefined Weak Reference
    _printf_truncate_unsigned                 - Undefined Weak Reference
    _rand_init                                - Undefined Weak Reference
    _signal_finish                            - Undefined Weak Reference
    _signal_init                              - Undefined Weak Reference
    _terminate_alloc                          - Undefined Weak Reference
    _terminate_user_alloc                     - Undefined Weak Reference
    _terminateio                              - Undefined Weak Reference
    __Vectors_Size                           0x00000130   Number         0  startup_stm32f10x_hd.o ABSOLUTE
    __Vectors                                0x08000000   Data           4  startup_stm32f10x_hd.o(RESET)
    __Vectors_End                            0x08000130   Data           0  startup_stm32f10x_hd.o(RESET)
    __main                                   0x08000131   Thumb Code     8  __main.o(!!!main)
    __scatterload                            0x08000139   Thumb Code     0  __scatter.o(!!!scatter)
    __scatterload_rt2                        0x08000139   Thumb Code    44  __scatter.o(!!!scatter)
    __scatterload_rt2_thumb_only             0x08000139   Thumb Code     0  __scatter.o(!!!scatter)
    __scatterload_null                       0x08000147   Thumb Code     0  __scatter.o(!!!scatter)
    __scatterload_copy                       0x0800016d   Thumb Code    26  __scatter_copy.o(!!handler_copy)
    __scatterload_zeroinit                   0x08000189   Thumb Code    28  __scatter_zi.o(!!handler_zi)
    _printf_i                                0x080001a5   Thumb Code     0  _printf_i.o(.ARM.Collect$$_printf_percent$$00000008)
    _printf_percent                          0x080001a5   Thumb Code     0  _printf_percent.o(.ARM.Collect$$_printf_percent$$00000000)
    _printf_x                                0x080001ab   Thumb Code     0  _printf_x.o(.ARM.Collect$$_printf_percent$$0000000C)
    _printf_s                                0x080001b1   Thumb Code     0  _printf_s.o(.ARM.Collect$$_printf_percent$$00000014)
    _printf_percent_end                      0x080001b7   Thumb Code     0  _printf_percent_end.o(.ARM.Collect$$_printf_percent$$00000017)
    __rt_lib_init                            0x080001bb   Thumb Code     0  libinit.o(.ARM.Collect$$libinit$$00000000)
    __rt_lib_init_alloca_1                   0x080001bd   Thumb Code     0  libinit2.o(.ARM.Collect$$libinit$$0000002E)
    __rt_lib_init_argv_1                     0x080001bd   Thumb Code     0  libinit2.o(.ARM.Collect$$libinit$$0000002C)
    __rt_lib_init_atexit_1                   0x080001bd   Thumb Code     0  libinit2.o(.ARM.Collect$$libinit$$0000001B)
    __rt_lib_init_clock_1                    0x080001bd   Thumb Code     0  libinit2.o(.ARM.Collect$$libinit$$00000021)
    __rt_lib_init_cpp_1                      0x080001bd   Thumb Code     0  libinit2.o(.ARM.Collect$$libinit$$00000032)
    __rt_lib_init_exceptions_1               0x080001bd   Thumb Code     0  libinit2.o(.ARM.Collect$$libinit$$00000030)
    __rt_lib_init_fp_1                       0x080001bd   Thumb Code     0  libinit2.o(.ARM.Collect$$libinit$$00000002)
    __rt_lib_init_fp_trap_1                  0x080001bd   Thumb Code     0  libinit2.o(.ARM.Collect$$libinit$$0000001F)
    __rt_lib_init_getenv_1                   0x080001bd   Thumb Code     0  libinit2.o(.ARM.Collect$$libinit$$00000023)
    __rt_lib_init_heap_1                     0x080001bd   Thumb Code     0  libinit2.o(.ARM.Collect$$libinit$$0000000A)
    __rt_lib_init_lc_collate_1               0x080001bd   Thumb Code     0  libinit2.o(.ARM.Collect$$libinit$$00000011)
    __rt_lib_init_lc_ctype_1                 0x080001bd   Thumb Code     0  libinit2.o(.ARM.Collect$$libinit$$00000013)
    __rt_lib_init_lc_monetary_1              0x080001bd   Thumb Code     0  libinit2.o(.ARM.Collect$$libinit$$00000015)
    __rt_lib_init_lc_numeric_1               0x080001bd   Thumb Code     0  libinit2.o(.ARM.Collect$$libinit$$00000017)
    __rt_lib_init_lc_time_1                  0x080001bd   Thumb Code     0  libinit2.o(.ARM.Collect$$libinit$$00000019)
    __rt_lib_init_preinit_1                  0x080001bd   Thumb Code     0  libinit2.o(.ARM.Collect$$libinit$$00000004)
    __rt_lib_init_rand_1                     0x080001bd   Thumb Code     0  libinit2.o(.ARM.Collect$$libinit$$0000000E)
    __rt_lib_init_return                     0x080001bd   Thumb Code     0  libinit2.o(.ARM.Collect$$libinit$$00000033)
    __rt_lib_init_signal_1                   0x080001bd   Thumb Code     0  libinit2.o(.ARM.Collect$$libinit$$0000001D)
    __rt_lib_init_stdio_1                    0x080001bd   Thumb Code     0  libinit2.o(.ARM.Collect$$libinit$$00000025)
    __rt_lib_init_user_alloc_1               0x080001bd   Thumb Code     0  libinit2.o(.ARM.Collect$$libinit$$0000000C)
    __rt_lib_shutdown                        0x080001bf   Thumb Code     0  libshutdown.o(.ARM.Collect$$libshutdown$$00000000)
    __rt_lib_shutdown_cpp_1                  0x080001c1   Thumb Code     0  libshutdown2.o(.ARM.Collect$$libshutdown$$00000002)
    __rt_lib_shutdown_fp_trap_1              0x080001c1   Thumb Code     0  libshutdown2.o(.ARM.Collect$$libshutdown$$00000007)
    __rt_lib_shutdown_heap_1                 0x080001c1   Thumb Code     0  libshutdown2.o(.ARM.Collect$$libshutdown$$0000000F)
    __rt_lib_shutdown_return                 0x080001c1   Thumb Code     0  libshutdown2.o(.ARM.Collect$$libshutdown$$00000010)
    __rt_lib_shutdown_signal_1               0x080001c1   Thumb Code     0  libshutdown2.o(.ARM.Collect$$libshutdown$$0000000A)
    __rt_lib_shutdown_stdio_1                0x080001c1   Thumb Code     0  libshutdown2.o(.ARM.Collect$$libshutdown$$00000004)
    __rt_lib_shutdown_user_alloc_1           0x080001c1   Thumb Code     0  libshutdown2.o(.ARM.Collect$$libshutdown$$0000000C)
    __rt_entry                               0x080001c3   Thumb Code     0  __rtentry.o(.ARM.Collect$$rtentry$$00000000)
    __rt_entry_presh_1                       0x080001c3   Thumb Code     0  __rtentry2.o(.ARM.Collect$$rtentry$$00000002)
    __rt_entry_sh                            0x080001c3   Thumb Code     0  __rtentry4.o(.ARM.Collect$$rtentry$$00000004)
    __rt_entry_li                            0x080001c9   Thumb Code     0  __rtentry2.o(.ARM.Collect$$rtentry$$0000000A)
    __rt_entry_postsh_1                      0x080001c9   Thumb Code     0  __rtentry2.o(.ARM.Collect$$rtentry$$00000009)
    __rt_entry_main                          0x080001cd   Thumb Code     0  __rtentry2.o(.ARM.Collect$$rtentry$$0000000D)
    __rt_entry_postli_1                      0x080001cd   Thumb Code     0  __rtentry2.o(.ARM.Collect$$rtentry$$0000000C)
    __rt_exit                                0x080001d5   Thumb Code     0  rtexit.o(.ARM.Collect$$rtexit$$00000000)
    __rt_exit_ls                             0x080001d7   Thumb Code     0  rtexit2.o(.ARM.Collect$$rtexit$$00000003)
    __rt_exit_prels_1                        0x080001d7   Thumb Code     0  rtexit2.o(.ARM.Collect$$rtexit$$00000002)
    __rt_exit_exit                           0x080001db   Thumb Code     0  rtexit2.o(.ARM.Collect$$rtexit$$00000004)
    Reset_Handler                            0x080001e1   Thumb Code     8  startup_stm32f10x_hd.o(.text)
    ADC1_2_IRQHandler                        0x080001fb   Thumb Code     0  startup_stm32f10x_hd.o(.text)
    ADC3_IRQHandler                          0x080001fb   Thumb Code     0  startup_stm32f10x_hd.o(.text)
    CAN1_RX1_IRQHandler                      0x080001fb   Thumb Code     0  startup_stm32f10x_hd.o(.text)
    CAN1_SCE_IRQHandler                      0x080001fb   Thumb Code     0  startup_stm32f10x_hd.o(.text)
    DMA1_Channel1_IRQHandler                 0x080001fb   Thumb Code     0  startup_stm32f10x_hd.o(.text)
    DMA1_Channel2_IRQHandler                 0x080001fb   Thumb Code     0  startup_stm32f10x_hd.o(.text)
    DMA1_Channel3_IRQHandler                 0x080001fb   Thumb Code     0  startup_stm32f10x_hd.o(.text)
    DMA1_Channel4_IRQHandler                 0x080001fb   Thumb Code     0  startup_stm32f10x_hd.o(.text)
    DMA1_Channel5_IRQHandler                 0x080001fb   Thumb Code     0  startup_stm32f10x_hd.o(.text)
    DMA1_Channel6_IRQHandler                 0x080001fb   Thumb Code     0  startup_stm32f10x_hd.o(.text)
    DMA1_Channel7_IRQHandler                 0x080001fb   Thumb Code     0  startup_stm32f10x_hd.o(.text)
    DMA2_Channel1_IRQHandler                 0x080001fb   Thumb Code     0  startup_stm32f10x_hd.o(.text)
    DMA2_Channel2_IRQHandler                 0x080001fb   Thumb Code     0  startup_stm32f10x_hd.o(.text)
    DMA2_Channel3_IRQHandler                 0x080001fb   Thumb Code     0  startup_stm32f10x_hd.o(.text)
    DMA2_Channel4_5_IRQHandler               0x080001fb   Thumb Code     0  startup_stm32f10x_hd.o(.text)
    EXTI0_IRQHandler                         0x080001fb   Thumb Code     0  startup_stm32f10x_hd.o(.text)
    EXTI15_10_IRQHandler                     0x080001fb   Thumb Code     0  startup_stm32f10x_hd.o(.text)
    EXTI1_IRQHandler                         0x080001fb   Thumb Code     0  startup_stm32f10x_hd.o(.text)
    EXTI2_IRQHandler                         0x080001fb   Thumb Code     0  startup_stm32f10x_hd.o(.text)
    EXTI3_IRQHandler                         0x080001fb   Thumb Code     0  startup_stm32f10x_hd.o(.text)
    EXTI4_IRQHandler                         0x080001fb   Thumb Code     0  startup_stm32f10x_hd.o(.text)
    EXTI9_5_IRQHandler                       0x080001fb   Thumb Code     0  startup_stm32f10x_hd.o(.text)
    FLASH_IRQHandler                         0x080001fb   Thumb Code     0  startup_stm32f10x_hd.o(.text)
    FSMC_IRQHandler                          0x080001fb   Thumb Code     0  startup_stm32f10x_hd.o(.text)
    I2C1_ER_IRQHandler                       0x080001fb   Thumb Code     0  startup_stm32f10x_hd.o(.text)
    I2C1_EV_IRQHandler                       0x080001fb   Thumb Code     0  startup_stm32f10x_hd.o(.text)
    I2C2_ER_IRQHandler                       0x080001fb   Thumb Code     0  startup_stm32f10x_hd.o(.text)
    I2C2_EV_IRQHandler                       0x080001fb   Thumb Code     0  startup_stm32f10x_hd.o(.text)
    PVD_IRQHandler                           0x080001fb   Thumb Code     0  startup_stm32f10x_hd.o(.text)
    RCC_IRQHandler                           0x080001fb   Thumb Code     0  startup_stm32f10x_hd.o(.text)
    RTCAlarm_IRQHandler                      0x080001fb   Thumb Code     0  startup_stm32f10x_hd.o(.text)
    RTC_IRQHandler                           0x080001fb   Thumb Code     0  startup_stm32f10x_hd.o(.text)
    SDIO_IRQHandler                          0x080001fb   Thumb Code     0  startup_stm32f10x_hd.o(.text)
    SPI1_IRQHandler                          0x080001fb   Thumb Code     0  startup_stm32f10x_hd.o(.text)
    SPI2_IRQHandler                          0x080001fb   Thumb Code     0  startup_stm32f10x_hd.o(.text)
    SPI3_IRQHandler                          0x080001fb   Thumb Code     0  startup_stm32f10x_hd.o(.text)
    TAMPER_IRQHandler                        0x080001fb   Thumb Code     0  startup_stm32f10x_hd.o(.text)
    TIM1_BRK_IRQHandler                      0x080001fb   Thumb Code     0  startup_stm32f10x_hd.o(.text)
    TIM1_CC_IRQHandler                       0x080001fb   Thumb Code     0  startup_stm32f10x_hd.o(.text)
    TIM1_TRG_COM_IRQHandler                  0x080001fb   Thumb Code     0  startup_stm32f10x_hd.o(.text)
    TIM1_UP_IRQHandler                       0x080001fb   Thumb Code     0  startup_stm32f10x_hd.o(.text)
    TIM3_IRQHandler                          0x080001fb   Thumb Code     0  startup_stm32f10x_hd.o(.text)
    TIM4_IRQHandler                          0x080001fb   Thumb Code     0  startup_stm32f10x_hd.o(.text)
    TIM5_IRQHandler                          0x080001fb   Thumb Code     0  startup_stm32f10x_hd.o(.text)
    TIM6_IRQHandler                          0x080001fb   Thumb Code     0  startup_stm32f10x_hd.o(.text)
    TIM7_IRQHandler                          0x080001fb   Thumb Code     0  startup_stm32f10x_hd.o(.text)
    TIM8_BRK_IRQHandler                      0x080001fb   Thumb Code     0  startup_stm32f10x_hd.o(.text)
    TIM8_CC_IRQHandler                       0x080001fb   Thumb Code     0  startup_stm32f10x_hd.o(.text)
    TIM8_TRG_COM_IRQHandler                  0x080001fb   Thumb Code     0  startup_stm32f10x_hd.o(.text)
    TIM8_UP_IRQHandler                       0x080001fb   Thumb Code     0  startup_stm32f10x_hd.o(.text)
    UART5_IRQHandler                         0x080001fb   Thumb Code     0  startup_stm32f10x_hd.o(.text)
    USBWakeUp_IRQHandler                     0x080001fb   Thumb Code     0  startup_stm32f10x_hd.o(.text)
    USB_HP_CAN1_TX_IRQHandler                0x080001fb   Thumb Code     0  startup_stm32f10x_hd.o(.text)
    USB_LP_CAN1_RX0_IRQHandler               0x080001fb   Thumb Code     0  startup_stm32f10x_hd.o(.text)
    WWDG_IRQHandler                          0x080001fb   Thumb Code     0  startup_stm32f10x_hd.o(.text)
    __user_initial_stackheap                 0x080001fd   Thumb Code     0  startup_stm32f10x_hd.o(.text)
    __use_no_semihosting                     0x08000221   Thumb Code     2  use_no_semi_2.o(.text)
    __2printf                                0x08000225   Thumb Code    20  noretval__2printf.o(.text)
    _printf_str                              0x0800023d   Thumb Code    82  _printf_str.o(.text)
    _printf_int_dec                          0x08000291   Thumb Code   104  _printf_dec.o(.text)
    _printf_int_hex                          0x08000309   Thumb Code    84  _printf_hex_int.o(.text)
    _printf_longlong_hex                     0x08000309   Thumb Code     0  _printf_hex_int.o(.text)
    __printf                                 0x08000361   Thumb Code   388  __printf_flags_ss_wp.o(.text)
    strcpy                                   0x080004e9   Thumb Code    72  strcpy.o(.text)
    __aeabi_memcpy4                          0x08000531   Thumb Code     0  rt_memcpy_w.o(.text)
    __aeabi_memcpy8                          0x08000531   Thumb Code     0  rt_memcpy_w.o(.text)
    __rt_memcpy_w                            0x08000531   Thumb Code   100  rt_memcpy_w.o(.text)
    _memcpy_lastbytes_aligned                0x08000579   Thumb Code     0  rt_memcpy_w.o(.text)
    __use_two_region_memory                  0x08000595   Thumb Code     2  heapauxi.o(.text)
    __rt_heap_escrow$2region                 0x08000597   Thumb Code     2  heapauxi.o(.text)
    __rt_heap_expand$2region                 0x08000599   Thumb Code     2  heapauxi.o(.text)
    __I$use$semihosting                      0x0800059b   Thumb Code     0  use_no_semi.o(.text)
    __use_no_semihosting_swi                 0x0800059b   Thumb Code     2  use_no_semi.o(.text)
    _printf_int_common                       0x0800059d   Thumb Code   178  _printf_intcommon.o(.text)
    _printf_cs_common                        0x0800064f   Thumb Code    20  _printf_char.o(.text)
    _printf_char                             0x08000663   Thumb Code    16  _printf_char.o(.text)
    _printf_string                           0x08000673   Thumb Code     8  _printf_char.o(.text)
    _printf_char_file                        0x0800067d   Thumb Code    32  _printf_char_file.o(.text)
    _printf_char_common                      0x080006ab   Thumb Code    32  _printf_char_common.o(.text)
    ferror                                   0x080006d1   Thumb Code     8  ferror.o(.text)
    __user_libspace                          0x080006d9   Thumb Code     8  libspace.o(.text)
    __user_perproc_libspace                  0x080006d9   Thumb Code     0  libspace.o(.text)
    __user_perthread_libspace                0x080006d9   Thumb Code     0  libspace.o(.text)
    __user_setup_stackheap                   0x080006e1   Thumb Code    74  sys_stackheap_outer.o(.text)
    exit                                     0x0800072b   Thumb Code    18  exit.o(.text)
    AT24CXX_Read                             0x0800073d   Thumb Code    34  24cxx.o(i.AT24CXX_Read)
    AT24CXX_ReadOneByte                      0x0800075f   Thumb Code    88  24cxx.o(i.AT24CXX_ReadOneByte)
    BusFault_Handler                         0x080007b7   Thumb Code     4  stm32f10x_it.o(i.BusFault_Handler)
    DebugMon_Handler                         0x080007bb   Thumb Code     2  stm32f10x_it.o(i.DebugMon_Handler)
    FSM_WORK                                 0x080007bd   Thumb Code   788  fsm.o(i.FSM_WORK)
    GPIO_Init                                0x08000afd   Thumb Code   278  stm32f10x_gpio.o(i.GPIO_Init)
    GPIO_ResetBits                           0x08000c13   Thumb Code     4  stm32f10x_gpio.o(i.GPIO_ResetBits)
    GPIO_SetBits                             0x08000c17   Thumb Code     4  stm32f10x_gpio.o(i.GPIO_SetBits)
    HardFault_Handler                        0x08000c1b   Thumb Code     4  stm32f10x_it.o(i.HardFault_Handler)
    IIC_Ack                                  0x08000c21   Thumb Code    66  myiic.o(i.IIC_Ack)
    IIC_NAck                                 0x08000c71   Thumb Code    66  myiic.o(i.IIC_NAck)
    IIC_Read_Byte                            0x08000cc1   Thumb Code    98  myiic.o(i.IIC_Read_Byte)
    IIC_Send_Byte                            0x08000d31   Thumb Code    90  myiic.o(i.IIC_Send_Byte)
    IIC_Start                                0x08000d99   Thumb Code    64  myiic.o(i.IIC_Start)
    IIC_Stop                                 0x08000de5   Thumb Code    62  myiic.o(i.IIC_Stop)
    IIC_Wait_Ack                             0x08000e31   Thumb Code    86  myiic.o(i.IIC_Wait_Ack)
    LED_Init                                 0x08000e95   Thumb Code    62  led.o(i.LED_Init)
    MPU_IIC_Ack                              0x08000edd   Thumb Code    60  mpu_iic.o(i.MPU_IIC_Ack)
    MPU_IIC_Init                             0x08000f25   Thumb Code    46  mpu_iic.o(i.MPU_IIC_Init)
    MPU_IIC_NAck                             0x08000f59   Thumb Code    58  mpu_iic.o(i.MPU_IIC_NAck)
    MPU_IIC_Read_Byte                        0x08000fa1   Thumb Code    92  mpu_iic.o(i.MPU_IIC_Read_Byte)
    MPU_IIC_Send_Byte                        0x08001009   Thumb Code    74  mpu_iic.o(i.MPU_IIC_Send_Byte)
    MPU_IIC_Start                            0x08001061   Thumb Code    56  mpu_iic.o(i.MPU_IIC_Start)
    MPU_IIC_Stop                             0x080010a5   Thumb Code    56  mpu_iic.o(i.MPU_IIC_Stop)
    MPU_IIC_Wait_Ack                         0x080010e9   Thumb Code    84  mpu_iic.o(i.MPU_IIC_Wait_Ack)
    MPU_Read_Byte                            0x08001149   Thumb Code    58  mpu6050.o(i.MPU_Read_Byte)
    MPU_Set_Accel_Fsr                        0x08001183   Thumb Code    14  mpu6050.o(i.MPU_Set_Accel_Fsr)
    MPU_Set_Gyro_Fsr                         0x08001191   Thumb Code    16  mpu6050.o(i.MPU_Set_Gyro_Fsr)
    MPU_Set_LPF                              0x080011a1   Thumb Code    56  mpu6050.o(i.MPU_Set_LPF)
    MPU_Set_Rate                             0x080011d9   Thumb Code    58  mpu6050.o(i.MPU_Set_Rate)
    MPU_Write_Byte                           0x08001213   Thumb Code    78  mpu6050.o(i.MPU_Write_Byte)
    MemManage_Handler                        0x08001261   Thumb Code     4  stm32f10x_it.o(i.MemManage_Handler)
    Motor_Init                               0x08001265   Thumb Code    38  motor.o(i.Motor_Init)
    NMI_Handler                              0x08001291   Thumb Code     2  stm32f10x_it.o(i.NMI_Handler)
    NVIC_Init                                0x08001295   Thumb Code   100  misc.o(i.NVIC_Init)
    NVIC_PriorityGroupConfig                 0x08001305   Thumb Code    10  misc.o(i.NVIC_PriorityGroupConfig)
    PendSV_Handler                           0x08001319   Thumb Code     2  stm32f10x_it.o(i.PendSV_Handler)
    RCC_APB1PeriphClockCmd                   0x0800131d   Thumb Code    26  stm32f10x_rcc.o(i.RCC_APB1PeriphClockCmd)
    RCC_APB2PeriphClockCmd                   0x0800133d   Thumb Code    26  stm32f10x_rcc.o(i.RCC_APB2PeriphClockCmd)
    RCC_GetClocksFreq                        0x0800135d   Thumb Code   192  stm32f10x_rcc.o(i.RCC_GetClocksFreq)
    SVC_Handler                              0x08001431   Thumb Code     2  stm32f10x_it.o(i.SVC_Handler)
    SysTick_Handler                          0x0800151d   Thumb Code     2  stm32f10x_it.o(i.SysTick_Handler)
    SystemInit                               0x08001521   Thumb Code    78  system_stm32f10x.o(i.SystemInit)
    TIM2_IRQHandler                          0x080017c1   Thumb Code   112  tim.o(i.TIM2_IRQHandler)
    TIM_ClearITPendingBit                    0x08001839   Thumb Code     6  stm32f10x_tim.o(i.TIM_ClearITPendingBit)
    TIM_Cmd                                  0x0800183f   Thumb Code    24  stm32f10x_tim.o(i.TIM_Cmd)
    TIM_CtrlPWMOutputs                       0x08001857   Thumb Code    30  stm32f10x_tim.o(i.TIM_CtrlPWMOutputs)
    TIM_EncoderInterfaceConfig               0x08001875   Thumb Code    66  stm32f10x_tim.o(i.TIM_EncoderInterfaceConfig)
    TIM_GetITStatus                          0x080018b7   Thumb Code    34  stm32f10x_tim.o(i.TIM_GetITStatus)
    TIM_ICInit                               0x080018d9   Thumb Code   150  stm32f10x_tim.o(i.TIM_ICInit)
    TIM_ICStructInit                         0x08001985   Thumb Code    18  stm32f10x_tim.o(i.TIM_ICStructInit)
    TIM_ITConfig                             0x08001997   Thumb Code    18  stm32f10x_tim.o(i.TIM_ITConfig)
    TIM_OC1Init                              0x080019a9   Thumb Code   132  stm32f10x_tim.o(i.TIM_OC1Init)
    TIM_SetIC1Prescaler                      0x08001a41   Thumb Code    18  stm32f10x_tim.o(i.TIM_SetIC1Prescaler)
    TIM_SetIC2Prescaler                      0x08001a53   Thumb Code    26  stm32f10x_tim.o(i.TIM_SetIC2Prescaler)
    TIM_SetIC3Prescaler                      0x08001a6d   Thumb Code    18  stm32f10x_tim.o(i.TIM_SetIC3Prescaler)
    TIM_SetIC4Prescaler                      0x08001a7f   Thumb Code    26  stm32f10x_tim.o(i.TIM_SetIC4Prescaler)
    TIM_TimeBaseInit                         0x08001a99   Thumb Code   122  stm32f10x_tim.o(i.TIM_TimeBaseInit)
    UART4_IRQHandler                         0x08001b3d   Thumb Code    28  uart4.o(i.UART4_IRQHandler)
    USART1_IRQHandler                        0x08001b61   Thumb Code   122  usart.o(i.USART1_IRQHandler)
    USART2_IRQHandler                        0x08001be9   Thumb Code    34  usart2.o(i.USART2_IRQHandler)
    USART3_IRQHandler                        0x08001c15   Thumb Code    36  usart3.o(i.USART3_IRQHandler)
    USART_Cmd                                0x08001c45   Thumb Code    24  stm32f10x_usart.o(i.USART_Cmd)
    USART_GetITStatus                        0x08001c5d   Thumb Code    84  stm32f10x_usart.o(i.USART_GetITStatus)
    USART_ITConfig                           0x08001cb1   Thumb Code    74  stm32f10x_usart.o(i.USART_ITConfig)
    USART_Init                               0x08001cfd   Thumb Code   210  stm32f10x_usart.o(i.USART_Init)
    USART_ReceiveData                        0x08001dd5   Thumb Code    10  stm32f10x_usart.o(i.USART_ReceiveData)
    UsageFault_Handler                       0x08001ddf   Thumb Code     4  stm32f10x_it.o(i.UsageFault_Handler)
    VL53L0X_DataInit                         0x08001de5   Thumb Code   420  vl53l0x_api.o(i.VL53L0X_DataInit)
    VL53L0X_GetDeviceInfo                    0x08001f91   Thumb Code    22  vl53l0x_api.o(i.VL53L0X_GetDeviceInfo)
    VL53L0X_GetDeviceMode                    0x08001fa7   Thumb Code    10  vl53l0x_api.o(i.VL53L0X_GetDeviceMode)
    VL53L0X_GetDeviceParameters              0x08001fb1   Thumb Code   160  vl53l0x_api.o(i.VL53L0X_GetDeviceParameters)
    VL53L0X_GetInterMeasurementPeriodMilliSeconds 0x08002051   Thumb Code    62  vl53l0x_api.o(i.VL53L0X_GetInterMeasurementPeriodMilliSeconds)
    VL53L0X_GetLimitCheckEnable              0x0800208f   Thumb Code    28  vl53l0x_api.o(i.VL53L0X_GetLimitCheckEnable)
    VL53L0X_GetLimitCheckValue               0x080020ab   Thumb Code   182  vl53l0x_api.o(i.VL53L0X_GetLimitCheckValue)
    VL53L0X_GetMeasurementTimingBudgetMicroSeconds 0x08002161   Thumb Code    22  vl53l0x_api.o(i.VL53L0X_GetMeasurementTimingBudgetMicroSeconds)
    VL53L0X_GetOffsetCalibrationDataMicroMeter 0x08002177   Thumb Code    22  vl53l0x_api.o(i.VL53L0X_GetOffsetCalibrationDataMicroMeter)
    VL53L0X_GetPalErrorString                0x0800218d   Thumb Code    22  vl53l0x_api.o(i.VL53L0X_GetPalErrorString)
    VL53L0X_GetSequenceStepEnables           0x080021a3   Thumb Code   118  vl53l0x_api.o(i.VL53L0X_GetSequenceStepEnables)
    VL53L0X_GetVcselPulsePeriod              0x08002219   Thumb Code    30  vl53l0x_api.o(i.VL53L0X_GetVcselPulsePeriod)
    VL53L0X_GetWrapAroundCheckEnable         0x08002237   Thumb Code    62  vl53l0x_api.o(i.VL53L0X_GetWrapAroundCheckEnable)
    VL53L0X_GetXTalkCompensationRateMegaCps  0x08002275   Thumb Code    56  vl53l0x_api.o(i.VL53L0X_GetXTalkCompensationRateMegaCps)
    VL53L0X_PollingDelay                     0x080022ad   Thumb Code    26  vl53l0x_platform.o(i.VL53L0X_PollingDelay)
    VL53L0X_RdByte                           0x080022c7   Thumb Code    44  vl53l0x_platform.o(i.VL53L0X_RdByte)
    VL53L0X_RdDWord                          0x080022f3   Thumb Code    44  vl53l0x_platform.o(i.VL53L0X_RdDWord)
    VL53L0X_RdWord                           0x0800231f   Thumb Code    44  vl53l0x_platform.o(i.VL53L0X_RdWord)
    VL53L0X_SetDeviceAddress                 0x0800234b   Thumb Code    36  vl53l0x_api.o(i.VL53L0X_SetDeviceAddress)
    VL53L0X_SetLimitCheckEnable              0x0800236f   Thumb Code   194  vl53l0x_api.o(i.VL53L0X_SetLimitCheckEnable)
    VL53L0X_SetLimitCheckValue               0x08002431   Thumb Code   118  vl53l0x_api.o(i.VL53L0X_SetLimitCheckValue)
    VL53L0X_UpdateByte                       0x080024a7   Thumb Code    82  vl53l0x_platform.o(i.VL53L0X_UpdateByte)
    VL53L0X_WrByte                           0x080024f9   Thumb Code    44  vl53l0x_platform.o(i.VL53L0X_WrByte)
    VL53L0X_WrWord                           0x08002525   Thumb Code    44  vl53l0x_platform.o(i.VL53L0X_WrWord)
    VL53L0X_calc_macro_period_ps             0x08002551   Thumb Code    22  vl53l0x_api_core.o(i.VL53L0X_calc_macro_period_ps)
    VL53L0X_calc_timeout_us                  0x08002567   Thumb Code    52  vl53l0x_api_core.o(i.VL53L0X_calc_timeout_us)
    VL53L0X_check_part_used                  0x0800259d   Thumb Code    74  vl53l0x_api_strings.o(i.VL53L0X_check_part_used)
    VL53L0X_decode_timeout                   0x080025ed   Thumb Code    14  vl53l0x_api_core.o(i.VL53L0X_decode_timeout)
    VL53L0X_decode_vcsel_period              0x080025fb   Thumb Code    12  vl53l0x_api_core.o(i.VL53L0X_decode_vcsel_period)
    VL53L0X_device_read_strobe               0x08002607   Thumb Code    82  vl53l0x_api_core.o(i.VL53L0X_device_read_strobe)
    VL53L0X_get_device_info                  0x08002659   Thumb Code   152  vl53l0x_api_strings.o(i.VL53L0X_get_device_info)
    VL53L0X_get_info_from_device             0x08002735   Thumb Code  1354  vl53l0x_api_core.o(i.VL53L0X_get_info_from_device)
    VL53L0X_get_measurement_timing_budget_micro_seconds 0x08002c7f   Thumb Code   238  vl53l0x_api_core.o(i.VL53L0X_get_measurement_timing_budget_micro_seconds)
    VL53L0X_get_offset_calibration_data_micro_meter 0x08002d6d   Thumb Code    86  vl53l0x_api_calibration.o(i.VL53L0X_get_offset_calibration_data_micro_meter)
    VL53L0X_get_pal_error_string             0x08002dc5   Thumb Code   298  vl53l0x_api_strings.o(i.VL53L0X_get_pal_error_string)
    VL53L0X_get_vcsel_pulse_period           0x08003091   Thumb Code    70  vl53l0x_api_core.o(i.VL53L0X_get_vcsel_pulse_period)
    VL53L0X_read_byte                        0x080030d7   Thumb Code    32  vl53l0x_i2c.o(i.VL53L0X_read_byte)
    VL53L0X_read_dword                       0x080030f7   Thumb Code    58  vl53l0x_i2c.o(i.VL53L0X_read_dword)
    VL53L0X_read_multi                       0x08003131   Thumb Code    40  vl53l0x_i2c.o(i.VL53L0X_read_multi)
    VL53L0X_read_word                        0x08003159   Thumb Code    42  vl53l0x_i2c.o(i.VL53L0X_read_word)
    VL53L0X_write_byte                       0x08003183   Thumb Code    26  vl53l0x_i2c.o(i.VL53L0X_write_byte)
    VL53L0X_write_multi                      0x0800319d   Thumb Code    40  vl53l0x_i2c.o(i.VL53L0X_write_multi)
    VL53L0X_write_word                       0x080031c5   Thumb Code    86  vl53l0x_i2c.o(i.VL53L0X_write_word)
    VL_IIC_Ack                               0x0800321d   Thumb Code    66  vl53l0x_i2c.o(i.VL_IIC_Ack)
    VL_IIC_NAck                              0x0800326d   Thumb Code    66  vl53l0x_i2c.o(i.VL_IIC_NAck)
    VL_IIC_Read_Byte                         0x080032bd   Thumb Code    98  vl53l0x_i2c.o(i.VL_IIC_Read_Byte)
    VL_IIC_Read_nByte                        0x0800332d   Thumb Code   106  vl53l0x_i2c.o(i.VL_IIC_Read_nByte)
    VL_IIC_Send_Byte                         0x08003399   Thumb Code   104  vl53l0x_i2c.o(i.VL_IIC_Send_Byte)
    VL_IIC_Start                             0x0800340d   Thumb Code    64  vl53l0x_i2c.o(i.VL_IIC_Start)
    VL_IIC_Stop                              0x08003459   Thumb Code    62  vl53l0x_i2c.o(i.VL_IIC_Stop)
    VL_IIC_Wait_Ack                          0x080034a5   Thumb Code    86  vl53l0x_i2c.o(i.VL_IIC_Wait_Ack)
    VL_IIC_Write_nByte                       0x08003509   Thumb Code    80  vl53l0x_i2c.o(i.VL_IIC_Write_nByte)
    _is_digit                                0x08003559   Thumb Code    14  __printf_wp.o(i._is_digit)
    _sys_exit                                0x08003567   Thumb Code     6  usart.o(i._sys_exit)
    calculate_grab_and_put_order             0x0800356d   Thumb Code   110  vision.o(i.calculate_grab_and_put_order)
    control_encoder_init                     0x080035e9   Thumb Code   120  control.o(i.control_encoder_init)
    delay_ms                                 0x08003675   Thumb Code    72  delay.o(i.delay_ms)
    delay_us                                 0x080036c1   Thumb Code    72  delay.o(i.delay_us)
    dial_switch_init                         0x0800370d   Thumb Code    50  dial_switch.o(i.dial_switch_init)
    encoder_init_TIM4                        0x08003745   Thumb Code   122  encoder.o(i.encoder_init_TIM4)
    fputc                                    0x080037c9   Thumb Code    24  usart.o(i.fputc)
    fsm_init                                 0x080037e5   Thumb Code    34  fsm.o(i.fsm_init)
    get_sequence_step_timeout                0x08003825   Thumb Code   290  vl53l0x_api_core.o(i.get_sequence_step_timeout)
    init_all                                 0x08003949   Thumb Code    80  main.o(i.init_all)
    main                                     0x0800399d   Thumb Code    22  main.o(i.main)
    mg995_init                               0x080039b5   Thumb Code   132  mg995.o(i.mg995_init)
    mpu6050_init                             0x08003a41   Thumb Code   114  mpu6050.o(i.mpu6050_init)
    pidinit                                  0x08003ab3   Thumb Code    56  pid.o(i.pidinit)
    print_pal_error                          0x08003aed   Thumb Code    28  vl53l0x.o(i.print_pal_error)
    read_encoder                             0x08003b21   Thumb Code    42  encoder.o(i.read_encoder)
    sequence_step_enabled                    0x08003b59   Thumb Code    72  vl53l0x_api.o(i.sequence_step_enabled)
    task_frequence_loop                      0x08003ba1   Thumb Code    10  task.o(i.task_frequence_loop)
    tcrt5000_init                            0x08003bab   Thumb Code     2  tcrt5000.o(i.tcrt5000_init)
    timinit                                  0x08003bad   Thumb Code    94  tim.o(i.timinit)
    usart2_init                              0x08003c0d   Thumb Code   154  usart2.o(i.usart2_init)
    usart3_init                              0x08003cb1   Thumb Code   158  usart3.o(i.usart3_init)
    vl53l0x_Addr_set                         0x08003d59   Thumb Code   150  vl53l0x.o(i.vl53l0x_Addr_set)
    vl53l0x_init                             0x08003dfd   Thumb Code   198  vl53l0x.o(i.vl53l0x_init)
    __aeabi_ui2f                             0x08003ee1   Thumb Code     0  fflt_clz.o(x$fpl$ffltu)
    _ffltu                                   0x08003ee1   Thumb Code    38  fflt_clz.o(x$fpl$ffltu)
    __I$use$fp                               0x08003f06   Number         0  usenofp.o(x$fpl$usenofp)
    Region$$Table$$Base                      0x08003f40   Number         0  anon$$obj.o(Region$$Table)
    Region$$Table$$Limit                     0x08003f60   Number         0  anon$$obj.o(Region$$Table)
    dev                                      0x20000000   Data           4  main.o(.data)
    __stdout                                 0x20000008   Data           4  usart.o(.data)
    USART_RX_STA                             0x2000000c   Data           2  usart.o(.data)
    AjustOK                                  0x20000022   Data           1  vl53l0x.o(.data)
    Mode_data                                0x20000023   Data          56  vl53l0x.o(.data)
    time                                     0x2000005c   Data           4  task.o(.data)
    ROBOT_STATE                              0x20000060   Data           1  fsm.o(.data)
    LAST_STATE                               0x20000061   Data           1  fsm.o(.data)
    BEFORE_STATE                             0x20000062   Data           1  fsm.o(.data)
    STATE_COUNT                              0x20000063   Data           3  fsm.o(.data)
    ROBOT_CALIBRATION                        0x20000066   Data           1  fsm.o(.data)
    ROBOT_VISION                             0x20000067   Data           1  fsm.o(.data)
    ROBOT_GRAB                               0x20000068   Data           1  fsm.o(.data)
    ROBOT_PUT                                0x20000069   Data           1  fsm.o(.data)
    ROBOT_TRACKING                           0x2000006a   Data           1  fsm.o(.data)
    ROBOT_TURNAROUND                         0x2000006b   Data           1  fsm.o(.data)
    VISION                                   0x2000006c   Data           6  vision.o(.data)
    VISION_SEND_CONTROL                      0x20000072   Data           1  vision.o(.data)
    grab_calculate                           0x20000073   Data          36  vision.o(.data)
    USART_RX_BUF                             0x20000098   Data         200  usart.o(.bss)
    encoder                                  0x20000160   Data          48  encoder.o(.bss)
    vl53l0x_dev                              0x20000190   Data         352  vl53l0x.o(.bss)
    vl53l0x_dev_info                         0x200002f0   Data          99  vl53l0x.o(.bss)
    Vl53l0x_data                             0x20000353   Data          24  vl53l0x.o(.bss)
    ROBOT_NOW                                0x2000036c   Data          44  fsm.o(.bss)
    moto_pid                                 0x20000398   Data          56  control.o(.bss)
    wheel_pid                                0x200003d0   Data          56  control.o(.bss)
    feedback                                 0x20000408   Data          16  feedback.o(.bss)
    pathover_pid                             0x20000418   Data          56  feedback.o(.bss)
    __libspace_start                         0x20000450   Data          96  libspace.o(.bss)
    __temporary_stack_top$libspace           0x200004b0   Data           0  libspace.o(.bss)



==============================================================================

Memory Map of the image

  Image Entry point : 0x080001e1

  Load Region LR_1 (Base: 0x08000000, Size: 0x00003ff8, Max: 0xffffffff, ABSOLUTE)

    Execution Region ER_RO (Base: 0x08000000, Size: 0x00003f60, Max: 0xffffffff, ABSOLUTE)

    Base Addr    Size         Type   Attr      Idx    E Section Name        Object

    0x08000000   0x00000130   Data   RO          473    RESET               startup_stm32f10x_hd.o
    0x08000130   0x00000008   Code   RO         6266  * !!!main             c_w.l(__main.o)
    0x08000138   0x00000034   Code   RO         6627    !!!scatter          c_w.l(__scatter.o)
    0x0800016c   0x0000001a   Code   RO         6629    !!handler_copy      c_w.l(__scatter_copy.o)
    0x08000186   0x00000002   PAD
    0x08000188   0x0000001c   Code   RO         6631    !!handler_zi        c_w.l(__scatter_zi.o)
    0x080001a4   0x00000000   Code   RO         6251    .ARM.Collect$$_printf_percent$$00000000  c_w.l(_printf_percent.o)
    0x080001a4   0x00000006   Code   RO         6248    .ARM.Collect$$_printf_percent$$00000008  c_w.l(_printf_i.o)
    0x080001aa   0x00000006   Code   RO         6247    .ARM.Collect$$_printf_percent$$0000000C  c_w.l(_printf_x.o)
    0x080001b0   0x00000006   Code   RO         6246    .ARM.Collect$$_printf_percent$$00000014  c_w.l(_printf_s.o)
    0x080001b6   0x00000004   Code   RO         6385    .ARM.Collect$$_printf_percent$$00000017  c_w.l(_printf_percent_end.o)
    0x080001ba   0x00000002   Code   RO         6496    .ARM.Collect$$libinit$$00000000  c_w.l(libinit.o)
    0x080001bc   0x00000000   Code   RO         6506    .ARM.Collect$$libinit$$00000002  c_w.l(libinit2.o)
    0x080001bc   0x00000000   Code   RO         6508    .ARM.Collect$$libinit$$00000004  c_w.l(libinit2.o)
    0x080001bc   0x00000000   Code   RO         6511    .ARM.Collect$$libinit$$0000000A  c_w.l(libinit2.o)
    0x080001bc   0x00000000   Code   RO         6513    .ARM.Collect$$libinit$$0000000C  c_w.l(libinit2.o)
    0x080001bc   0x00000000   Code   RO         6515    .ARM.Collect$$libinit$$0000000E  c_w.l(libinit2.o)
    0x080001bc   0x00000000   Code   RO         6518    .ARM.Collect$$libinit$$00000011  c_w.l(libinit2.o)
    0x080001bc   0x00000000   Code   RO         6520    .ARM.Collect$$libinit$$00000013  c_w.l(libinit2.o)
    0x080001bc   0x00000000   Code   RO         6522    .ARM.Collect$$libinit$$00000015  c_w.l(libinit2.o)
    0x080001bc   0x00000000   Code   RO         6524    .ARM.Collect$$libinit$$00000017  c_w.l(libinit2.o)
    0x080001bc   0x00000000   Code   RO         6526    .ARM.Collect$$libinit$$00000019  c_w.l(libinit2.o)
    0x080001bc   0x00000000   Code   RO         6528    .ARM.Collect$$libinit$$0000001B  c_w.l(libinit2.o)
    0x080001bc   0x00000000   Code   RO         6530    .ARM.Collect$$libinit$$0000001D  c_w.l(libinit2.o)
    0x080001bc   0x00000000   Code   RO         6532    .ARM.Collect$$libinit$$0000001F  c_w.l(libinit2.o)
    0x080001bc   0x00000000   Code   RO         6534    .ARM.Collect$$libinit$$00000021  c_w.l(libinit2.o)
    0x080001bc   0x00000000   Code   RO         6536    .ARM.Collect$$libinit$$00000023  c_w.l(libinit2.o)
    0x080001bc   0x00000000   Code   RO         6538    .ARM.Collect$$libinit$$00000025  c_w.l(libinit2.o)
    0x080001bc   0x00000000   Code   RO         6542    .ARM.Collect$$libinit$$0000002C  c_w.l(libinit2.o)
    0x080001bc   0x00000000   Code   RO         6544    .ARM.Collect$$libinit$$0000002E  c_w.l(libinit2.o)
    0x080001bc   0x00000000   Code   RO         6546    .ARM.Collect$$libinit$$00000030  c_w.l(libinit2.o)
    0x080001bc   0x00000000   Code   RO         6548    .ARM.Collect$$libinit$$00000032  c_w.l(libinit2.o)
    0x080001bc   0x00000002   Code   RO         6549    .ARM.Collect$$libinit$$00000033  c_w.l(libinit2.o)
    0x080001be   0x00000002   Code   RO         6579    .ARM.Collect$$libshutdown$$00000000  c_w.l(libshutdown.o)
    0x080001c0   0x00000000   Code   RO         6593    .ARM.Collect$$libshutdown$$00000002  c_w.l(libshutdown2.o)
    0x080001c0   0x00000000   Code   RO         6595    .ARM.Collect$$libshutdown$$00000004  c_w.l(libshutdown2.o)
    0x080001c0   0x00000000   Code   RO         6598    .ARM.Collect$$libshutdown$$00000007  c_w.l(libshutdown2.o)
    0x080001c0   0x00000000   Code   RO         6601    .ARM.Collect$$libshutdown$$0000000A  c_w.l(libshutdown2.o)
    0x080001c0   0x00000000   Code   RO         6603    .ARM.Collect$$libshutdown$$0000000C  c_w.l(libshutdown2.o)
    0x080001c0   0x00000000   Code   RO         6606    .ARM.Collect$$libshutdown$$0000000F  c_w.l(libshutdown2.o)
    0x080001c0   0x00000002   Code   RO         6607    .ARM.Collect$$libshutdown$$00000010  c_w.l(libshutdown2.o)
    0x080001c2   0x00000000   Code   RO         6374    .ARM.Collect$$rtentry$$00000000  c_w.l(__rtentry.o)
    0x080001c2   0x00000000   Code   RO         6447    .ARM.Collect$$rtentry$$00000002  c_w.l(__rtentry2.o)
    0x080001c2   0x00000006   Code   RO         6459    .ARM.Collect$$rtentry$$00000004  c_w.l(__rtentry4.o)
    0x080001c8   0x00000000   Code   RO         6449    .ARM.Collect$$rtentry$$00000009  c_w.l(__rtentry2.o)
    0x080001c8   0x00000004   Code   RO         6450    .ARM.Collect$$rtentry$$0000000A  c_w.l(__rtentry2.o)
    0x080001cc   0x00000000   Code   RO         6452    .ARM.Collect$$rtentry$$0000000C  c_w.l(__rtentry2.o)
    0x080001cc   0x00000008   Code   RO         6453    .ARM.Collect$$rtentry$$0000000D  c_w.l(__rtentry2.o)
    0x080001d4   0x00000002   Code   RO         6499    .ARM.Collect$$rtexit$$00000000  c_w.l(rtexit.o)
    0x080001d6   0x00000000   Code   RO         6553    .ARM.Collect$$rtexit$$00000002  c_w.l(rtexit2.o)
    0x080001d6   0x00000004   Code   RO         6554    .ARM.Collect$$rtexit$$00000003  c_w.l(rtexit2.o)
    0x080001da   0x00000006   Code   RO         6555    .ARM.Collect$$rtexit$$00000004  c_w.l(rtexit2.o)
    0x080001e0   0x00000040   Code   RO          474  * .text               startup_stm32f10x_hd.o
    0x08000220   0x00000002   Code   RO         6188    .text               c_w.l(use_no_semi_2.o)
    0x08000222   0x00000002   PAD
    0x08000224   0x00000018   Code   RO         6194    .text               c_w.l(noretval__2printf.o)
    0x0800023c   0x00000052   Code   RO         6200    .text               c_w.l(_printf_str.o)
    0x0800028e   0x00000002   PAD
    0x08000290   0x00000078   Code   RO         6202    .text               c_w.l(_printf_dec.o)
    0x08000308   0x00000058   Code   RO         6207    .text               c_w.l(_printf_hex_int.o)
    0x08000360   0x00000188   Code   RO         6242    .text               c_w.l(__printf_flags_ss_wp.o)
    0x080004e8   0x00000048   Code   RO         6254    .text               c_w.l(strcpy.o)
    0x08000530   0x00000064   Code   RO         6256    .text               c_w.l(rt_memcpy_w.o)
    0x08000594   0x00000006   Code   RO         6264    .text               c_w.l(heapauxi.o)
    0x0800059a   0x00000002   Code   RO         6372    .text               c_w.l(use_no_semi.o)
    0x0800059c   0x000000b2   Code   RO         6379    .text               c_w.l(_printf_intcommon.o)
    0x0800064e   0x0000002c   Code   RO         6381    .text               c_w.l(_printf_char.o)
    0x0800067a   0x00000002   PAD
    0x0800067c   0x00000024   Code   RO         6383    .text               c_w.l(_printf_char_file.o)
    0x080006a0   0x00000030   Code   RO         6470    .text               c_w.l(_printf_char_common.o)
    0x080006d0   0x00000008   Code   RO         6472    .text               c_w.l(ferror.o)
    0x080006d8   0x00000008   Code   RO         6480    .text               c_w.l(libspace.o)
    0x080006e0   0x0000004a   Code   RO         6483    .text               c_w.l(sys_stackheap_outer.o)
    0x0800072a   0x00000012   Code   RO         6489    .text               c_w.l(exit.o)
    0x0800073c   0x00000022   Code   RO         6086    i.AT24CXX_Read      24cxx.o
    0x0800075e   0x00000058   Code   RO         6088    i.AT24CXX_ReadOneByte  24cxx.o
    0x080007b6   0x00000004   Code   RO          242    i.BusFault_Handler  stm32f10x_it.o
    0x080007ba   0x00000002   Code   RO          243    i.DebugMon_Handler  stm32f10x_it.o
    0x080007bc   0x00000340   Code   RO         4491    i.FSM_WORK          fsm.o
    0x08000afc   0x00000116   Code   RO         1629    i.GPIO_Init         stm32f10x_gpio.o
    0x08000c12   0x00000004   Code   RO         1636    i.GPIO_ResetBits    stm32f10x_gpio.o
    0x08000c16   0x00000004   Code   RO         1637    i.GPIO_SetBits      stm32f10x_gpio.o
    0x08000c1a   0x00000004   Code   RO          244    i.HardFault_Handler  stm32f10x_it.o
    0x08000c1e   0x00000002   PAD
    0x08000c20   0x00000050   Code   RO         6138    i.IIC_Ack           myiic.o
    0x08000c70   0x00000050   Code   RO         6139    i.IIC_NAck          myiic.o
    0x08000cc0   0x00000070   Code   RO         6140    i.IIC_Read_Byte     myiic.o
    0x08000d30   0x00000068   Code   RO         6141    i.IIC_Send_Byte     myiic.o
    0x08000d98   0x0000004c   Code   RO         6142    i.IIC_Start         myiic.o
    0x08000de4   0x0000004c   Code   RO         6143    i.IIC_Stop          myiic.o
    0x08000e30   0x00000064   Code   RO         6144    i.IIC_Wait_Ack      myiic.o
    0x08000e94   0x00000048   Code   RO         4295    i.LED_Init          led.o
    0x08000edc   0x00000048   Code   RO         3626    i.MPU_IIC_Ack       mpu_iic.o
    0x08000f24   0x00000034   Code   RO         3627    i.MPU_IIC_Init      mpu_iic.o
    0x08000f58   0x00000048   Code   RO         3628    i.MPU_IIC_NAck      mpu_iic.o
    0x08000fa0   0x00000068   Code   RO         3629    i.MPU_IIC_Read_Byte  mpu_iic.o
    0x08001008   0x00000058   Code   RO         3630    i.MPU_IIC_Send_Byte  mpu_iic.o
    0x08001060   0x00000044   Code   RO         3631    i.MPU_IIC_Start     mpu_iic.o
    0x080010a4   0x00000044   Code   RO         3632    i.MPU_IIC_Stop      mpu_iic.o
    0x080010e8   0x00000060   Code   RO         3633    i.MPU_IIC_Wait_Ack  mpu_iic.o
    0x08001148   0x0000003a   Code   RO         3533    i.MPU_Read_Byte     mpu6050.o
    0x08001182   0x0000000e   Code   RO         3535    i.MPU_Set_Accel_Fsr  mpu6050.o
    0x08001190   0x00000010   Code   RO         3536    i.MPU_Set_Gyro_Fsr  mpu6050.o
    0x080011a0   0x00000038   Code   RO         3537    i.MPU_Set_LPF       mpu6050.o
    0x080011d8   0x0000003a   Code   RO         3538    i.MPU_Set_Rate      mpu6050.o
    0x08001212   0x0000004e   Code   RO         3539    i.MPU_Write_Byte    mpu6050.o
    0x08001260   0x00000004   Code   RO          245    i.MemManage_Handler  stm32f10x_it.o
    0x08001264   0x0000002c   Code   RO         4307    i.Motor_Init        motor.o
    0x08001290   0x00000002   Code   RO          246    i.NMI_Handler       stm32f10x_it.o
    0x08001292   0x00000002   PAD
    0x08001294   0x00000070   Code   RO          478    i.NVIC_Init         misc.o
    0x08001304   0x00000014   Code   RO          479    i.NVIC_PriorityGroupConfig  misc.o
    0x08001318   0x00000002   Code   RO          247    i.PendSV_Handler    stm32f10x_it.o
    0x0800131a   0x00000002   PAD
    0x0800131c   0x00000020   Code   RO         2045    i.RCC_APB1PeriphClockCmd  stm32f10x_rcc.o
    0x0800133c   0x00000020   Code   RO         2047    i.RCC_APB2PeriphClockCmd  stm32f10x_rcc.o
    0x0800135c   0x000000d4   Code   RO         2055    i.RCC_GetClocksFreq  stm32f10x_rcc.o
    0x08001430   0x00000002   Code   RO          248    i.SVC_Handler       stm32f10x_it.o
    0x08001432   0x00000008   Code   RO          331    i.SetSysClock       system_stm32f10x.o
    0x0800143a   0x00000002   PAD
    0x0800143c   0x000000e0   Code   RO          332    i.SetSysClockTo72   system_stm32f10x.o
    0x0800151c   0x00000002   Code   RO          249    i.SysTick_Handler   stm32f10x_it.o
    0x0800151e   0x00000002   PAD
    0x08001520   0x00000060   Code   RO          334    i.SystemInit        system_stm32f10x.o
    0x08001580   0x00000080   Code   RO         2663    i.TI1_Config        stm32f10x_tim.o
    0x08001600   0x00000098   Code   RO         2664    i.TI2_Config        stm32f10x_tim.o
    0x08001698   0x00000090   Code   RO         2665    i.TI3_Config        stm32f10x_tim.o
    0x08001728   0x00000098   Code   RO         2666    i.TI4_Config        stm32f10x_tim.o
    0x080017c0   0x00000078   Code   RO         3445    i.TIM2_IRQHandler   tim.o
    0x08001838   0x00000006   Code   RO         2674    i.TIM_ClearITPendingBit  stm32f10x_tim.o
    0x0800183e   0x00000018   Code   RO         2679    i.TIM_Cmd           stm32f10x_tim.o
    0x08001856   0x0000001e   Code   RO         2681    i.TIM_CtrlPWMOutputs  stm32f10x_tim.o
    0x08001874   0x00000042   Code   RO         2688    i.TIM_EncoderInterfaceConfig  stm32f10x_tim.o
    0x080018b6   0x00000022   Code   RO         2700    i.TIM_GetITStatus   stm32f10x_tim.o
    0x080018d8   0x000000ac   Code   RO         2702    i.TIM_ICInit        stm32f10x_tim.o
    0x08001984   0x00000012   Code   RO         2703    i.TIM_ICStructInit  stm32f10x_tim.o
    0x08001996   0x00000012   Code   RO         2704    i.TIM_ITConfig      stm32f10x_tim.o
    0x080019a8   0x00000098   Code   RO         2708    i.TIM_OC1Init       stm32f10x_tim.o
    0x08001a40   0x00000012   Code   RO         2745    i.TIM_SetIC1Prescaler  stm32f10x_tim.o
    0x08001a52   0x0000001a   Code   RO         2746    i.TIM_SetIC2Prescaler  stm32f10x_tim.o
    0x08001a6c   0x00000012   Code   RO         2747    i.TIM_SetIC3Prescaler  stm32f10x_tim.o
    0x08001a7e   0x0000001a   Code   RO         2748    i.TIM_SetIC4Prescaler  stm32f10x_tim.o
    0x08001a98   0x000000a4   Code   RO         2750    i.TIM_TimeBaseInit  stm32f10x_tim.o
    0x08001b3c   0x00000024   Code   RO         4391    i.UART4_IRQHandler  uart4.o
    0x08001b60   0x00000088   Code   RO          420    i.USART1_IRQHandler  usart.o
    0x08001be8   0x0000002c   Code   RO         4373    i.USART2_IRQHandler  usart2.o
    0x08001c14   0x00000030   Code   RO         4343    i.USART3_IRQHandler  usart3.o
    0x08001c44   0x00000018   Code   RO         3215    i.USART_Cmd         stm32f10x_usart.o
    0x08001c5c   0x00000054   Code   RO         3219    i.USART_GetITStatus  stm32f10x_usart.o
    0x08001cb0   0x0000004a   Code   RO         3221    i.USART_ITConfig    stm32f10x_usart.o
    0x08001cfa   0x00000002   PAD
    0x08001cfc   0x000000d8   Code   RO         3222    i.USART_Init        stm32f10x_usart.o
    0x08001dd4   0x0000000a   Code   RO         3229    i.USART_ReceiveData  stm32f10x_usart.o
    0x08001dde   0x00000004   Code   RO          250    i.UsageFault_Handler  stm32f10x_it.o
    0x08001de2   0x00000002   PAD
    0x08001de4   0x000001ac   Code   RO         4919    i.VL53L0X_DataInit  vl53l0x_api.o
    0x08001f90   0x00000016   Code   RO         4923    i.VL53L0X_GetDeviceInfo  vl53l0x_api.o
    0x08001fa6   0x0000000a   Code   RO         4924    i.VL53L0X_GetDeviceMode  vl53l0x_api.o
    0x08001fb0   0x000000a0   Code   RO         4925    i.VL53L0X_GetDeviceParameters  vl53l0x_api.o
    0x08002050   0x0000003e   Code   RO         4931    i.VL53L0X_GetInterMeasurementPeriodMilliSeconds  vl53l0x_api.o
    0x0800208e   0x0000001c   Code   RO         4935    i.VL53L0X_GetLimitCheckEnable  vl53l0x_api.o
    0x080020aa   0x000000b6   Code   RO         4938    i.VL53L0X_GetLimitCheckValue  vl53l0x_api.o
    0x08002160   0x00000016   Code   RO         4943    i.VL53L0X_GetMeasurementTimingBudgetMicroSeconds  vl53l0x_api.o
    0x08002176   0x00000016   Code   RO         4947    i.VL53L0X_GetOffsetCalibrationDataMicroMeter  vl53l0x_api.o
    0x0800218c   0x00000016   Code   RO         4948    i.VL53L0X_GetPalErrorString  vl53l0x_api.o
    0x080021a2   0x00000076   Code   RO         4959    i.VL53L0X_GetSequenceStepEnables  vl53l0x_api.o
    0x08002218   0x0000001e   Code   RO         4968    i.VL53L0X_GetVcselPulsePeriod  vl53l0x_api.o
    0x08002236   0x0000003e   Code   RO         4970    i.VL53L0X_GetWrapAroundCheckEnable  vl53l0x_api.o
    0x08002274   0x00000038   Code   RO         4972    i.VL53L0X_GetXTalkCompensationRateMegaCps  vl53l0x_api.o
    0x080022ac   0x0000001a   Code   RO         5898    i.VL53L0X_PollingDelay  vl53l0x_platform.o
    0x080022c6   0x0000002c   Code   RO         5899    i.VL53L0X_RdByte    vl53l0x_platform.o
    0x080022f2   0x0000002c   Code   RO         5900    i.VL53L0X_RdDWord   vl53l0x_platform.o
    0x0800231e   0x0000002c   Code   RO         5901    i.VL53L0X_RdWord    vl53l0x_platform.o
    0x0800234a   0x00000024   Code   RO         4982    i.VL53L0X_SetDeviceAddress  vl53l0x_api.o
    0x0800236e   0x000000c2   Code   RO         4991    i.VL53L0X_SetLimitCheckEnable  vl53l0x_api.o
    0x08002430   0x00000076   Code   RO         4992    i.VL53L0X_SetLimitCheckValue  vl53l0x_api.o
    0x080024a6   0x00000052   Code   RO         5903    i.VL53L0X_UpdateByte  vl53l0x_platform.o
    0x080024f8   0x0000002c   Code   RO         5904    i.VL53L0X_WrByte    vl53l0x_platform.o
    0x08002524   0x0000002c   Code   RO         5906    i.VL53L0X_WrWord    vl53l0x_platform.o
    0x08002550   0x00000016   Code   RO         5683    i.VL53L0X_calc_macro_period_ps  vl53l0x_api_core.o
    0x08002566   0x00000034   Code   RO         5686    i.VL53L0X_calc_timeout_us  vl53l0x_api_core.o
    0x0800259a   0x00000002   PAD
    0x0800259c   0x00000050   Code   RO         5844    i.VL53L0X_check_part_used  vl53l0x_api_strings.o
    0x080025ec   0x0000000e   Code   RO         5687    i.VL53L0X_decode_timeout  vl53l0x_api_core.o
    0x080025fa   0x0000000c   Code   RO         5688    i.VL53L0X_decode_vcsel_period  vl53l0x_api_core.o
    0x08002606   0x00000052   Code   RO         5689    i.VL53L0X_device_read_strobe  vl53l0x_api_core.o
    0x08002658   0x000000dc   Code   RO         5846    i.VL53L0X_get_device_info  vl53l0x_api_strings.o
    0x08002734   0x0000054a   Code   RO         5692    i.VL53L0X_get_info_from_device  vl53l0x_api_core.o
    0x08002c7e   0x000000ee   Code   RO         5693    i.VL53L0X_get_measurement_timing_budget_micro_seconds  vl53l0x_api_core.o
    0x08002d6c   0x00000056   Code   RO         5536    i.VL53L0X_get_offset_calibration_data_micro_meter  vl53l0x_api_calibration.o
    0x08002dc2   0x00000002   PAD
    0x08002dc4   0x000002cc   Code   RO         5848    i.VL53L0X_get_pal_error_string  vl53l0x_api_strings.o
    0x08003090   0x00000046   Code   RO         5697    i.VL53L0X_get_vcsel_pulse_period  vl53l0x_api_core.o
    0x080030d6   0x00000020   Code   RO         5964    i.VL53L0X_read_byte  vl53l0x_i2c.o
    0x080030f6   0x0000003a   Code   RO         5965    i.VL53L0X_read_dword  vl53l0x_i2c.o
    0x08003130   0x00000028   Code   RO         5966    i.VL53L0X_read_multi  vl53l0x_i2c.o
    0x08003158   0x0000002a   Code   RO         5967    i.VL53L0X_read_word  vl53l0x_i2c.o
    0x08003182   0x0000001a   Code   RO         5968    i.VL53L0X_write_byte  vl53l0x_i2c.o
    0x0800319c   0x00000028   Code   RO         5970    i.VL53L0X_write_multi  vl53l0x_i2c.o
    0x080031c4   0x00000056   Code   RO         5971    i.VL53L0X_write_word  vl53l0x_i2c.o
    0x0800321a   0x00000002   PAD
    0x0800321c   0x00000050   Code   RO         5972    i.VL_IIC_Ack        vl53l0x_i2c.o
    0x0800326c   0x00000050   Code   RO         5973    i.VL_IIC_NAck       vl53l0x_i2c.o
    0x080032bc   0x00000070   Code   RO         5975    i.VL_IIC_Read_Byte  vl53l0x_i2c.o
    0x0800332c   0x0000006a   Code   RO         5976    i.VL_IIC_Read_nByte  vl53l0x_i2c.o
    0x08003396   0x00000002   PAD
    0x08003398   0x00000074   Code   RO         5977    i.VL_IIC_Send_Byte  vl53l0x_i2c.o
    0x0800340c   0x0000004c   Code   RO         5978    i.VL_IIC_Start      vl53l0x_i2c.o
    0x08003458   0x0000004c   Code   RO         5979    i.VL_IIC_Stop       vl53l0x_i2c.o
    0x080034a4   0x00000064   Code   RO         5980    i.VL_IIC_Wait_Ack   vl53l0x_i2c.o
    0x08003508   0x00000050   Code   RO         5982    i.VL_IIC_Write_nByte  vl53l0x_i2c.o
    0x08003558   0x0000000e   Code   RO         6235    i._is_digit         c_w.l(__printf_wp.o)
    0x08003566   0x00000006   Code   RO          421    i._sys_exit         usart.o
    0x0800356c   0x0000007c   Code   RO         4650    i.calculate_grab_and_put_order  vision.o
    0x080035e8   0x0000008c   Code   RO         4611    i.control_encoder_init  control.o
    0x08003674   0x0000004c   Code   RO          366    i.delay_ms          delay.o
    0x080036c0   0x0000004c   Code   RO          367    i.delay_us          delay.o
    0x0800370c   0x00000038   Code   RO         4325    i.dial_switch_init  dial_switch.o
    0x08003744   0x00000084   Code   RO         3468    i.encoder_init_TIM4  encoder.o
    0x080037c8   0x0000001c   Code   RO          422    i.fputc             usart.o
    0x080037e4   0x00000040   Code   RO         4492    i.fsm_init          fsm.o
    0x08003824   0x00000122   Code   RO         5705    i.get_sequence_step_timeout  vl53l0x_api_core.o
    0x08003946   0x00000002   PAD
    0x08003948   0x00000054   Code   RO            1    i.init_all          main.o
    0x0800399c   0x00000016   Code   RO            2    i.main              main.o
    0x080039b2   0x00000002   PAD
    0x080039b4   0x0000008c   Code   RO         4203    i.mg995_init        mg995.o
    0x08003a40   0x00000072   Code   RO         3542    i.mpu6050_init      mpu6050.o
    0x08003ab2   0x00000038   Code   RO         4583    i.pidinit           pid.o
    0x08003aea   0x00000002   PAD
    0x08003aec   0x00000034   Code   RO         4215    i.print_pal_error   vl53l0x.o
    0x08003b20   0x00000038   Code   RO         3470    i.read_encoder      encoder.o
    0x08003b58   0x00000048   Code   RO         5015    i.sequence_step_enabled  vl53l0x_api.o
    0x08003ba0   0x0000000a   Code   RO         4463    i.task_frequence_loop  task.o
    0x08003baa   0x00000002   Code   RO         4361    i.tcrt5000_init     tcrt5000.o
    0x08003bac   0x0000005e   Code   RO         3446    i.timinit           tim.o
    0x08003c0a   0x00000002   PAD
    0x08003c0c   0x000000a4   Code   RO         4374    i.usart2_init       usart2.o
    0x08003cb0   0x000000a8   Code   RO         4344    i.usart3_init       usart3.o
    0x08003d58   0x000000a4   Code   RO         4216    i.vl53l0x_Addr_set  vl53l0x.o
    0x08003dfc   0x000000e4   Code   RO         4218    i.vl53l0x_init      vl53l0x.o
    0x08003ee0   0x00000026   Code   RO         6318    x$fpl$ffltu         fz_ws.l(fflt_clz.o)
    0x08003f06   0x00000000   Code   RO         6402    x$fpl$usenofp       fz_ws.l(usenofp.o)
    0x08003f06   0x00000028   Data   RO         6208    .constdata          c_w.l(_printf_hex_int.o)
    0x08003f2e   0x00000011   Data   RO         6243    .constdata          c_w.l(__printf_flags_ss_wp.o)
    0x08003f3f   0x00000001   PAD
    0x08003f40   0x00000020   Data   RO         6625    Region$$Table       anon$$obj.o


    Execution Region ER_RW (Base: 0x20000000, Size: 0x00000098, Max: 0xffffffff, ABSOLUTE)

    Base Addr    Size         Type   Attr      Idx    E Section Name        Object

    0x20000000   0x00000004   Data   RW            3    .data               main.o
    0x20000004   0x00000004   Data   RW          368    .data               delay.o
    0x20000008   0x00000006   Data   RW          425    .data               usart.o
    0x2000000e   0x00000014   Data   RW         2075    .data               stm32f10x_rcc.o
    0x20000022   0x00000039   Data   RW         4221    .data               vl53l0x.o
    0x2000005b   0x00000001   PAD
    0x2000005c   0x00000004   Data   RW         4464    .data               task.o
    0x20000060   0x0000000c   Data   RW         4494    .data               fsm.o
    0x2000006c   0x0000002b   Data   RW         4651    .data               vision.o


    Execution Region ER_ZI (Base: 0x20000098, Size: 0x00000a18, Max: 0xffffffff, ABSOLUTE)

    Base Addr    Size         Type   Attr      Idx    E Section Name        Object

    0x20000098   0x000000c8   Zero   RW          424    .bss                usart.o
    0x20000160   0x00000030   Zero   RW         3471    .bss                encoder.o
    0x20000190   0x000001db   Zero   RW         4220    .bss                vl53l0x.o
    0x2000036b   0x00000001   PAD
    0x2000036c   0x0000002c   Zero   RW         4493    .bss                fsm.o
    0x20000398   0x00000070   Zero   RW         4615    .bss                control.o
    0x20000408   0x00000048   Zero   RW         4680    .bss                feedback.o
    0x20000450   0x00000060   Zero   RW         6481    .bss                c_w.l(libspace.o)
    0x200004b0   0x00000200   Zero   RW          472    HEAP                startup_stm32f10x_hd.o
    0x200006b0   0x00000400   Zero   RW          471    STACK               startup_stm32f10x_hd.o


==============================================================================

Image component sizes


      Code (inc. data)   RO Data    RW Data    ZI Data      Debug   Object Name

       122          0          0          0          0       1521   24cxx.o
       140         20          0          0        112        816   control.o
       152          8          0          4          0       1202   delay.o
        56          6          0          0          0        499   dial_switch.o
       188         24          0          0         48       1793   encoder.o
         0          0          0          0         72       1024   feedback.o
       896         84          0         12         44       3558   fsm.o
        72         10          0          0          0        463   led.o
       106          4          0          4          0     269912   main.o
       140          8          0          0          0        673   mg995.o
       132         22          0          0          0       1475   misc.o
        44          6          0          0          0        457   motor.o
       394          0          0          0          0       4064   mpu6050.o
       620         94          0          0          0       4278   mpu_iic.o
       628         96          0          0          0       3595   myiic.o
        56          0          0          0          0        738   pid.o
        64         26        304          0       1536        784   startup_stm32f10x_hd.o
       286          0          0          0          0       2956   stm32f10x_gpio.o
        26          0          0          0          0       3522   stm32f10x_it.o
       276         32          0         20          0       4330   stm32f10x_rcc.o
      1348        170          0          0          0      11762   stm32f10x_tim.o
       408          6          0          0          0       4882   stm32f10x_usart.o
         0          0          0          0          0         32   sys.o
       328         28          0          0          0       1721   system_stm32f10x.o
        10          0          0          4          0        933   task.o
         2          0          0          0          0        420   tcrt5000.o
       214          8          0          0          0       1072   tim.o
        36          8          0          0          0        487   uart4.o
       170         18          0          6        200       3360   usart.o
       208         20          0          0          0       1142   usart2.o
       216         22          0          0          0       1150   usart3.o
       124         22          0         43          0       1695   vision.o
       444         68          0         57        475       3966   vl53l0x.o
      1644         32          0          0          0      14564   vl53l0x_api.o
        86          0          0          0          0       1758   vl53l0x_api_calibration.o
      2134          0          0          0          0       9715   vl53l0x_api_core.o
      1016        500          0          0          0       3271   vl53l0x_api_strings.o
      1150         94          0          0          0      10995   vl53l0x_i2c.o
       328          0          0          0          0       5602   vl53l0x_platform.o

    ----------------------------------------------------------------------
     14294       1436        336        152       2488     386187   Object Totals
         0          0         32          0          0          0   (incl. Generated)
        30          0          0          2          1          0   (incl. Padding)

    ----------------------------------------------------------------------

      Code (inc. data)   RO Data    RW Data    ZI Data      Debug   Library Member Name

         8          0          0          0          0         68   __main.o
       392          4         17          0          0         92   __printf_flags_ss_wp.o
        14          0          0          0          0         68   __printf_wp.o
         0          0          0          0          0          0   __rtentry.o
        12          0          0          0          0          0   __rtentry2.o
         6          0          0          0          0          0   __rtentry4.o
        52          8          0          0          0          0   __scatter.o
        26          0          0          0          0          0   __scatter_copy.o
        28          0          0          0          0          0   __scatter_zi.o
        44          0          0          0          0        108   _printf_char.o
        48          6          0          0          0         96   _printf_char_common.o
        36          4          0          0          0         80   _printf_char_file.o
       120         16          0          0          0         92   _printf_dec.o
        88          4         40          0          0         88   _printf_hex_int.o
         6          0          0          0          0          0   _printf_i.o
       178          0          0          0          0         88   _printf_intcommon.o
         0          0          0          0          0          0   _printf_percent.o
         4          0          0          0          0          0   _printf_percent_end.o
         6          0          0          0          0          0   _printf_s.o
        82          0          0          0          0         80   _printf_str.o
         6          0          0          0          0          0   _printf_x.o
        18          0          0          0          0         80   exit.o
         8          0          0          0          0         68   ferror.o
         6          0          0          0          0        152   heapauxi.o
         2          0          0          0          0          0   libinit.o
         2          0          0          0          0          0   libinit2.o
         2          0          0          0          0          0   libshutdown.o
         2          0          0          0          0          0   libshutdown2.o
         8          4          0          0         96         68   libspace.o
        24          4          0          0          0         84   noretval__2printf.o
       100          0          0          0          0         80   rt_memcpy_w.o
         2          0          0          0          0          0   rtexit.o
        10          0          0          0          0          0   rtexit2.o
        72          0          0          0          0         80   strcpy.o
        74          0          0          0          0         80   sys_stackheap_outer.o
         2          0          0          0          0         68   use_no_semi.o
         2          0          0          0          0         68   use_no_semi_2.o
        38          0          0          0          0         68   fflt_clz.o
         0          0          0          0          0          0   usenofp.o

    ----------------------------------------------------------------------
      1536         50         58          0         96       1756   Library Totals
         8          0          1          0          0          0   (incl. Padding)

    ----------------------------------------------------------------------

      Code (inc. data)   RO Data    RW Data    ZI Data      Debug   Library Name

      1490         50         57          0         96       1688   c_w.l
        38          0          0          0          0         68   fz_ws.l

    ----------------------------------------------------------------------
      1536         50         58          0         96       1756   Library Totals

    ----------------------------------------------------------------------

==============================================================================


      Code (inc. data)   RO Data    RW Data    ZI Data      Debug   

     15830       1486        394        152       2584     379411   Grand Totals
     15830       1486        394        152       2584     379411   ELF Image Totals
     15830       1486        394        152          0          0   ROM Totals

==============================================================================

    Total RO  Size (Code + RO Data)                16224 (  15.84kB)
    Total RW  Size (RW Data + ZI Data)              2736 (   2.67kB)
    Total ROM Size (Code + RO Data + RW Data)      16376 (  15.99kB)

==============================================================================

